Component: ARM Compiler 5.06 update 4 (build 422) Tool: armlink [4d35d2]

==============================================================================

Section Cross References

    main.o(i.control_algorithm_handler) refers to rc_pwm.o(i.rc_get_values) for rc_get_values
    main.o(i.control_algorithm_handler) refers to main.o(i.compute_trajectory) for compute_trajectory
    main.o(i.control_algorithm_handler) refers to motor.o(i.set_motor) for set_motor
    main.o(i.control_algorithm_handler) refers to main.o(.bss) for .bss
    main.o(i.main) refers to nrf_log_frontend.o(i.nrf_log_init) for nrf_log_init
    main.o(i.main) refers to nrf_log_frontend.o(i.nrf_log_frontend_std_0) for nrf_log_frontend_std_0
    main.o(i.main) refers to rc_pwm.o(i.rc_init) for rc_init
    main.o(i.main) refers to motor.o(i.motor_pwm_init) for motor_pwm_init
    main.o(i.main) refers to main.o(i.timer_init) for timer_init
    main.o(i.main) refers to main.o(i.control_algorithm_handler) for control_algorithm_handler
    main.o(i.main) refers to main.o(.data) for .data
    main.o(i.timer_event_handler) refers to main.o(.data) for .data
    main.o(i.timer_init) refers to nrf_drv_timer.o(i.nrf_drv_timer_init) for nrf_drv_timer_init
    main.o(i.timer_init) refers to app_error.o(i.app_error_handler_bare) for app_error_handler_bare
    main.o(i.timer_init) refers to nrf_drv_timer.o(i.nrf_drv_timer_extended_compare) for nrf_drv_timer_extended_compare
    main.o(i.timer_init) refers to nrf_drv_timer.o(i.nrf_drv_timer_enable) for nrf_drv_timer_enable
    main.o(i.timer_init) refers to nrf_log_frontend.o(i.nrf_log_frontend_std_0) for nrf_log_frontend_std_0
    main.o(i.timer_init) refers to main.o(i.timer_event_handler) for timer_event_handler
    main.o(i.timer_init) refers to main.o(.data) for .data
    main.o(i.timer_init) refers to main.o(.constdata) for .constdata
    rc_pwm.o(i.rc_get_high_flank) refers to rc_pwm.o(.data) for .data
    rc_pwm.o(i.rc_get_high_flank) refers to rc_pwm.o(.bss) for .bss
    rc_pwm.o(i.rc_get_low_flank) refers to rc_pwm.o(.data) for .data
    rc_pwm.o(i.rc_get_low_flank) refers to rc_pwm.o(.bss) for .bss
    rc_pwm.o(i.rc_get_values) refers to rc_pwm.o(.bss) for .bss
    rc_pwm.o(i.rc_gpiote_init) refers to nrf_drv_gpiote.o(i.nrf_drv_gpiote_is_init) for nrf_drv_gpiote_is_init
    rc_pwm.o(i.rc_gpiote_init) refers to nrf_drv_gpiote.o(i.nrf_drv_gpiote_init) for nrf_drv_gpiote_init
    rc_pwm.o(i.rc_gpiote_init) refers to app_error.o(i.app_error_handler_bare) for app_error_handler_bare
    rc_pwm.o(i.rc_gpiote_init) refers to nrf_drv_gpiote.o(i.nrf_drv_gpiote_in_init) for nrf_drv_gpiote_in_init
    rc_pwm.o(i.rc_gpiote_init) refers to nrf_log_frontend.o(i.nrf_log_frontend_std_0) for nrf_log_frontend_std_0
    rc_pwm.o(i.rc_gpiote_init) refers to rc_pwm.o(.constdata) for .constdata
    rc_pwm.o(i.rc_gpiote_init) refers to rc_pwm.o(i.rc_pin_event_handler) for rc_pin_event_handler
    rc_pwm.o(i.rc_init) refers to rc_pwm.o(i.rc_timer_init) for rc_timer_init
    rc_pwm.o(i.rc_init) refers to rc_pwm.o(i.rc_gpiote_init) for rc_gpiote_init
    rc_pwm.o(i.rc_init) refers to rc_pwm.o(i.rc_ppi_init) for rc_ppi_init
    rc_pwm.o(i.rc_init) refers to nrf_drv_gpiote.o(i.nrf_drv_gpiote_in_event_enable) for nrf_drv_gpiote_in_event_enable
    rc_pwm.o(i.rc_init) refers to nrf_log_frontend.o(i.nrf_log_frontend_std_0) for nrf_log_frontend_std_0
    rc_pwm.o(i.rc_pin_event_handler) refers to rc_pwm.o(i.rc_get_low_flank) for rc_get_low_flank
    rc_pwm.o(i.rc_pin_event_handler) refers to nrf_log_frontend.o(i.nrf_log_frontend_std_4) for nrf_log_frontend_std_4
    rc_pwm.o(i.rc_pin_event_handler) refers to rc_pwm.o(i.rc_get_high_flank) for rc_get_high_flank
    rc_pwm.o(i.rc_pin_event_handler) refers to rc_pwm.o(.data) for .data
    rc_pwm.o(i.rc_pin_event_handler) refers to rc_pwm.o(.bss) for .bss
    rc_pwm.o(i.rc_ppi_init) refers to nrf_drv_ppi.o(i.nrf_drv_ppi_init) for nrf_drv_ppi_init
    rc_pwm.o(i.rc_ppi_init) refers to app_error.o(i.app_error_handler_bare) for app_error_handler_bare
    rc_pwm.o(i.rc_ppi_init) refers to nrf_drv_ppi.o(i.nrf_drv_ppi_channel_alloc) for nrf_drv_ppi_channel_alloc
    rc_pwm.o(i.rc_ppi_init) refers to nrf_drv_gpiote.o(i.nrf_drv_gpiote_in_event_addr_get) for nrf_drv_gpiote_in_event_addr_get
    rc_pwm.o(i.rc_ppi_init) refers to nrf_drv_ppi.o(i.nrf_drv_ppi_channel_assign) for nrf_drv_ppi_channel_assign
    rc_pwm.o(i.rc_ppi_init) refers to nrf_drv_ppi.o(i.nrf_drv_ppi_channel_enable) for nrf_drv_ppi_channel_enable
    rc_pwm.o(i.rc_ppi_init) refers to nrf_log_frontend.o(i.nrf_log_frontend_std_0) for nrf_log_frontend_std_0
    rc_pwm.o(i.rc_ppi_init) refers to rc_pwm.o(.data) for .data
    rc_pwm.o(i.rc_timer_init) refers to nrf_drv_timer.o(i.nrf_drv_timer_init) for nrf_drv_timer_init
    rc_pwm.o(i.rc_timer_init) refers to app_error.o(i.app_error_handler_bare) for app_error_handler_bare
    rc_pwm.o(i.rc_timer_init) refers to nrf_drv_timer.o(i.nrf_drv_timer_enable) for nrf_drv_timer_enable
[...]
    D:\\Nordic\\SDK12.2\\components\\drivers_nrf\\swi\\nrf_drv_swi.c 0x00000000   Number         0  nrf_drv_swi.o ABSOLUTE
    D:\\Nordic\\SDK12.2\\components\\drivers_nrf\\timer\\nrf_drv_timer.c 0x00000000   Number         0  nrf_drv_timer.o ABSOLUTE
    D:\\Nordic\\SDK12.2\\components\\drivers_nrf\\twi_master\\nrf_drv_twi.c 0x00000000   Number         0  nrf_drv_twi.o ABSOLUTE
    D:\\Nordic\\SDK12.2\\components\\drivers_nrf\\twis_slave\\nrf_drv_twis.c 0x00000000   Number         0  nrf_drv_twis.o ABSOLUTE
    D:\\Nordic\\SDK12.2\\components\\drivers_nrf\\uart\\nrf_drv_uart.c 0x00000000   Number         0  nrf_drv_uart.o ABSOLUTE
    D:\\Nordic\\SDK12.2\\components\\drivers_nrf\\wdt\\nrf_drv_wdt.c 0x00000000   Number         0  nrf_drv_wdt.o ABSOLUTE
    D:\\Nordic\\SDK12.2\\components\\libraries\\bsp\\bsp.c 0x00000000   Number         0  bsp.o ABSOLUTE
    D:\\Nordic\\SDK12.2\\components\\libraries\\bsp\\bsp_nfc.c 0x00000000   Number         0  bsp_nfc.o ABSOLUTE
    D:\\Nordic\\SDK12.2\\components\\libraries\\button\\app_button.c 0x00000000   Number         0  app_button.o ABSOLUTE
    D:\\Nordic\\SDK12.2\\components\\libraries\\crc16\\crc16.c 0x00000000   Number         0  crc16.o ABSOLUTE
    D:\\Nordic\\SDK12.2\\components\\libraries\\crc32\\crc32.c 0x00000000   Number         0  crc32.o ABSOLUTE
    D:\\Nordic\\SDK12.2\\components\\libraries\\csense\\nrf_csense.c 0x00000000   Number         0  nrf_csense.o ABSOLUTE
    D:\\Nordic\\SDK12.2\\components\\libraries\\csense_drv\\nrf_drv_csense.c 0x00000000   Number         0  nrf_drv_csense.o ABSOLUTE
    D:\\Nordic\\SDK12.2\\components\\libraries\\fifo\\app_fifo.c 0x00000000   Number         0  app_fifo.o ABSOLUTE
    D:\\Nordic\\SDK12.2\\components\\libraries\\gpiote\\app_gpiote.c 0x00000000   Number         0  app_gpiote.o ABSOLUTE
    D:\\Nordic\\SDK12.2\\components\\libraries\\hardfault\\hardfault_implementation.c 0x00000000   Number         0  hardfault_implementation.o ABSOLUTE
    D:\\Nordic\\SDK12.2\\components\\libraries\\hardfault\\nrf52\\handler\\hardfault_handler_keil.c 0x00000000   Number         0  hardfault_handler_keil.o ABSOLUTE
    D:\\Nordic\\SDK12.2\\components\\libraries\\hci\\hci_mem_pool.c 0x00000000   Number         0  hci_mem_pool.o ABSOLUTE
    D:\\Nordic\\SDK12.2\\components\\libraries\\hci\\hci_slip.c 0x00000000   Number         0  hci_slip.o ABSOLUTE
    D:\\Nordic\\SDK12.2\\components\\libraries\\hci\\hci_transport.c 0x00000000   Number         0  hci_transport.o ABSOLUTE
    D:\\Nordic\\SDK12.2\\components\\libraries\\led_softblink\\led_softblink.c 0x00000000   Number         0  led_softblink.o ABSOLUTE
    D:\\Nordic\\SDK12.2\\components\\libraries\\log\\src\\nrf_log_backend_serial.c 0x00000000   Number         0  nrf_log_backend_serial.o ABSOLUTE
    D:\\Nordic\\SDK12.2\\components\\libraries\\log\\src\\nrf_log_frontend.c 0x00000000   Number         0  nrf_log_frontend.o ABSOLUTE
    D:\\Nordic\\SDK12.2\\components\\libraries\\low_power_pwm\\low_power_pwm.c 0x00000000   Number         0  low_power_pwm.o ABSOLUTE
    D:\\Nordic\\SDK12.2\\components\\libraries\\mem_manager\\mem_manager.c 0x00000000   Number         0  mem_manager.o ABSOLUTE
    D:\\Nordic\\SDK12.2\\components\\libraries\\pwm\\app_pwm.c 0x00000000   Number         0  app_pwm.o ABSOLUTE
    D:\\Nordic\\SDK12.2\\components\\libraries\\queue\\nrf_queue.c 0x00000000   Number         0  nrf_queue.o ABSOLUTE
    D:\\Nordic\\SDK12.2\\components\\libraries\\scheduler\\app_scheduler.c 0x00000000   Number         0  app_scheduler.o ABSOLUTE
    D:\\Nordic\\SDK12.2\\components\\libraries\\slip\\slip.c 0x00000000   Number         0  slip.o ABSOLUTE
    D:\\Nordic\\SDK12.2\\components\\libraries\\timer\\app_timer.c 0x00000000   Number         0  app_timer.o ABSOLUTE
    D:\\Nordic\\SDK12.2\\components\\libraries\\twi\\app_twi.c 0x00000000   Number         0  app_twi.o ABSOLUTE
    D:\\Nordic\\SDK12.2\\components\\libraries\\uart\\app_uart_fifo.c 0x00000000   Number         0  app_uart_fifo.o ABSOLUTE
    D:\\Nordic\\SDK12.2\\components\\libraries\\util\\app_error.c 0x00000000   Number         0  app_error.o ABSOLUTE
    D:\\Nordic\\SDK12.2\\components\\libraries\\util\\app_error_weak.c 0x00000000   Number         0  app_error_weak.o ABSOLUTE
    D:\\Nordic\\SDK12.2\\components\\libraries\\util\\app_util_platform.c 0x00000000   Number         0  app_util_platform.o ABSOLUTE
    D:\\Nordic\\SDK12.2\\components\\libraries\\util\\nrf_assert.c 0x00000000   Number         0  nrf_assert.o ABSOLUTE
    D:\\Nordic\\SDK12.2\\external\\segger_rtt\\SEGGER_RTT.c 0x00000000   Number         0  segger_rtt.o ABSOLUTE
    RTE\Device\nRF52832_xxAA\arm_startup_nrf52.s 0x00000000   Number         0  arm_startup_nrf52.o ABSOLUTE
    RTE\Device\nRF52832_xxAA\system_nrf52.c  0x00000000   Number         0  system_nrf52.o ABSOLUTE
    RTE\\Device\\nRF52832_xxAA\\system_nrf52.c 0x00000000   Number         0  system_nrf52.o ABSOLUTE
    cdrcmple.s                               0x00000000   Number         0  cdrcmple.o ABSOLUTE
    dc.s                                     0x00000000   Number         0  dc.o ABSOLUTE
    handlers.s                               0x00000000   Number         0  handlers.o ABSOLUTE
    init.s                                   0x00000000   Number         0  init.o ABSOLUTE
    .ARM.Collect$$$$00000000                 0x00000400   Section        0  entry.o(.ARM.Collect$$$$00000000)
    .ARM.Collect$$$$00000001                 0x00000400   Section        4  entry2.o(.ARM.Collect$$$$00000001)
    .ARM.Collect$$$$00000004                 0x00000404   Section        4  entry5.o(.ARM.Collect$$$$00000004)
    .ARM.Collect$$$$00000008                 0x00000408   Section        0  entry7b.o(.ARM.Collect$$$$00000008)
    .ARM.Collect$$$$0000000A                 0x00000408   Section        0  entry8b.o(.ARM.Collect$$$$0000000A)
    .ARM.Collect$$$$0000000B                 0x00000408   Section        8  entry9a.o(.ARM.Collect$$$$0000000B)
    .ARM.Collect$$$$0000000D                 0x00000410   Section        0  entry10a.o(.ARM.Collect$$$$0000000D)
    .ARM.Collect$$$$0000000F                 0x00000410   Section        0  entry11a.o(.ARM.Collect$$$$0000000F)
    .ARM.Collect$$$$00002712                 0x00000410   Section        4  entry2.o(.ARM.Collect$$$$00002712)
    __lit__00000000                          0x00000410   Data           4  entry2.o(.ARM.Collect$$$$00002712)
    .emb_text                                0x00000414   Section       52  hardfault_handler_keil.o(.emb_text)
    $v0                                      0x00000414   Number         0  hardfault_handler_keil.o(.emb_text)
    .text                                    0x00000448   Section       36  arm_startup_nrf52.o(.text)
    $v0                                      0x00000448   Number         0  arm_startup_nrf52.o(.text)
    .text                                    0x0000046c   Section        0  ctype_o.o(.text)
    .text                                    0x00000474   Section        0  memcpya.o(.text)
    .text                                    0x00000498   Section        0  strlen.o(.text)
    .text                                    0x000004a6   Section        0  strcpy.o(.text)
    .text                                    0x000004b8   Section        0  uldiv.o(.text)
    .text                                    0x0000051c   Section       36  init.o(.text)
    .text                                    0x00000540   Section        0  llshl.o(.text)
    .text                                    0x0000055e   Section        0  llushr.o(.text)
    i.COMP_LPCOMP_IRQHandler                 0x00000580   Section        0  nrf_drv_common.o(i.COMP_LPCOMP_IRQHandler)
    i.GPIOTE_IRQHandler                      0x0000058c   Section        0  nrf_drv_gpiote.o(i.GPIOTE_IRQHandler)
    i.HardFault_c_handler                    0x00000700   Section        0  hardfault_implementation.o(i.HardFault_c_handler)
    i.HardFault_process                      0x00000738   Section        0  hardfault_implementation.o(i.HardFault_process)
    i.I2S_IRQHandler                         0x0000075c   Section        0  nrf_drv_i2s.o(i.I2S_IRQHandler)
    i.NVIC_ClearPendingIRQ                   0x00000834   Section        0  app_timer.o(i.NVIC_ClearPendingIRQ)
    NVIC_ClearPendingIRQ                     0x00000835   Thumb Code    22  app_timer.o(i.NVIC_ClearPendingIRQ)
    i.NVIC_EnableIRQ                         0x0000084a   Section        0  app_timer.o(i.NVIC_EnableIRQ)
    NVIC_EnableIRQ                           0x0000084b   Thumb Code    22  app_timer.o(i.NVIC_EnableIRQ)
    i.NVIC_SetPendingIRQ                     0x00000860   Section        0  app_timer.o(i.NVIC_SetPendingIRQ)
    NVIC_SetPendingIRQ                       0x00000861   Thumb Code    22  app_timer.o(i.NVIC_SetPendingIRQ)
    i.PDM_IRQHandler                         0x00000878   Section        0  nrf_drv_pdm.o(i.PDM_IRQHandler)
    i.POWER_CLOCK_IRQHandler                 0x000008f8   Section        0  nrf_drv_common.o(i.POWER_CLOCK_IRQHandler)
    i.PWM0_IRQHandler                        0x00000908   Section        0  nrf_drv_pwm.o(i.PWM0_IRQHandler)
    i.PWM1_IRQHandler                        0x00000918   Section        0  nrf_drv_pwm.o(i.PWM1_IRQHandler)
    i.PWM2_IRQHandler                        0x00000928   Section        0  nrf_drv_pwm.o(i.PWM2_IRQHandler)
    i.QDEC_IRQHandler                        0x00000938   Section        0  nrf_drv_qdec.o(i.QDEC_IRQHandler)
    i.RNG_IRQHandler                         0x000009f4   Section        0  nrf_drv_rng.o(i.RNG_IRQHandler)
    i.RTC0_IRQHandler                        0x00000a44   Section        0  nrf_drv_rtc.o(i.RTC0_IRQHandler)
    i.RTC1_IRQHandler                        0x00000a54   Section        0  app_timer.o(i.RTC1_IRQHandler)
    i.RTC2_IRQHandler                        0x00000a78   Section        0  nrf_drv_rtc.o(i.RTC2_IRQHandler)
    i.SAADC_IRQHandler                       0x00000a88   Section        0  nrf_drv_saadc.o(i.SAADC_IRQHandler)
    i.SEGGER_RTT_Init                        0x00000be0   Section        0  segger_rtt.o(i.SEGGER_RTT_Init)
    i.SEGGER_RTT_WriteNoLock                 0x00000bf4   Section        0  segger_rtt.o(i.SEGGER_RTT_WriteNoLock)
    i.SPIM0_SPIS0_TWIM0_TWIS0_SPI0_TWI0_IRQHandler 0x00000c50   Section        0  nrf_drv_common.o(i.SPIM0_SPIS0_TWIM0_TWIS0_SPI0_TWI0_IRQHandler)
    i.SPIM1_SPIS1_TWIM1_TWIS1_SPI1_TWI1_IRQHandler 0x00000c5c   Section        0  nrf_drv_common.o(i.SPIM1_SPIS1_TWIM1_TWIS1_SPI1_TWI1_IRQHandler)
    i.SPIM2_SPIS2_SPI2_IRQHandler            0x00000c68   Section        0  nrf_drv_common.o(i.SPIM2_SPIS2_SPI2_IRQHandler)
    i.SWI0_EGU0_IRQHandler                   0x00000c74   Section        0  app_timer.o(i.SWI0_EGU0_IRQHandler)
    i.SWI1_EGU1_IRQHandler                   0x00000c78   Section        0  nrf_drv_swi.o(i.SWI1_EGU1_IRQHandler)
    i.SWI2_EGU2_IRQHandler                   0x00000c88   Section        0  nrf_drv_swi.o(i.SWI2_EGU2_IRQHandler)
    i.SWI3_EGU3_IRQHandler                   0x00000c98   Section        0  nrf_drv_swi.o(i.SWI3_EGU3_IRQHandler)
    i.SWI4_EGU4_IRQHandler                   0x00000ca8   Section        0  nrf_drv_swi.o(i.SWI4_EGU4_IRQHandler)
    i.SWI5_EGU5_IRQHandler                   0x00000cb8   Section        0  nrf_drv_swi.o(i.SWI5_EGU5_IRQHandler)
    i.SystemInit                             0x00000cc8   Section        0  system_nrf52.o(i.SystemInit)
    i.TIMER0_IRQHandler                      0x00000f64   Section        0  nrf_drv_timer.o(i.TIMER0_IRQHandler)
    i.TIMER1_IRQHandler                      0x00000f78   Section        0  nrf_drv_timer.o(i.TIMER1_IRQHandler)
    i.TIMER2_IRQHandler                      0x00000f8c   Section        0  nrf_drv_timer.o(i.TIMER2_IRQHandler)
    i.TIMER3_IRQHandler                      0x00000fa0   Section        0  nrf_drv_timer.o(i.TIMER3_IRQHandler)
    i.TIMER4_IRQHandler                      0x00000fb4   Section        0  nrf_drv_timer.o(i.TIMER4_IRQHandler)
    i.UARTE0_UART0_IRQHandler                0x00000fc8   Section        0  nrf_drv_uart.o(i.UARTE0_UART0_IRQHandler)
    i.WDT_IRQHandler                         0x00000fe4   Section        0  nrf_drv_wdt.o(i.WDT_IRQHandler)
    i._DoInit                                0x00001018   Section        0  segger_rtt.o(i._DoInit)
    _DoInit                                  0x00001019   Thumb Code    76  segger_rtt.o(i._DoInit)
    i._GetAvailWriteSpace                    0x00001080   Section        0  segger_rtt.o(i._GetAvailWriteSpace)
    _GetAvailWriteSpace                      0x00001081   Thumb Code    22  segger_rtt.o(i._GetAvailWriteSpace)
    i._WriteBlocking                         0x00001096   Section        0  segger_rtt.o(i._WriteBlocking)
    _WriteBlocking                           0x00001097   Thumb Code    90  segger_rtt.o(i._WriteBlocking)
    i._WriteNoCheck                          0x000010f0   Section        0  segger_rtt.o(i._WriteNoCheck)
    _WriteNoCheck                            0x000010f1   Thumb Code    62  segger_rtt.o(i._WriteNoCheck)
    i.__0snprintf$8                          0x00001130   Section        0  printf8.o(i.__0snprintf$8)
    i.__scatterload_copy                     0x00001160   Section       14  handlers.o(i.__scatterload_copy)
    i.__scatterload_null                     0x0000116e   Section        2  handlers.o(i.__scatterload_null)
    i.__scatterload_zeroinit                 0x00001170   Section       14  handlers.o(i.__scatterload_zeroinit)
    i._printf_core                           0x00001180   Section        0  printf8.o(i._printf_core)
    _printf_core                             0x00001181   Thumb Code   996  printf8.o(i._printf_core)
    i._printf_post_padding                   0x00001590   Section        0  printf8.o(i._printf_post_padding)
    _printf_post_padding                     0x00001591   Thumb Code    36  printf8.o(i._printf_post_padding)
    i._printf_pre_padding                    0x000015b4   Section        0  printf8.o(i._printf_pre_padding)
    _printf_pre_padding                      0x000015b5   Thumb Code    46  printf8.o(i._printf_pre_padding)
    i._snputc                                0x000015e2   Section        0  printf8.o(i._snputc)
    _snputc                                  0x000015e3   Thumb Code    22  printf8.o(i._snputc)
    i.app_error_fault_handler                0x000015f8   Section        0  app_error_weak.o(i.app_error_fault_handler)
    i.app_error_handler_bare                 0x0000163c   Section        0  app_error.o(i.app_error_handler_bare)
    i.app_util_critical_region_enter         0x00001652   Section        0  app_util_platform.o(i.app_util_critical_region_enter)
    i.app_util_critical_region_exit          0x00001656   Section        0  app_util_platform.o(i.app_util_critical_region_exit)
    i.app_util_disable_irq                   0x0000165c   Section        0  app_util_platform.o(i.app_util_disable_irq)
    i.app_util_enable_irq                    0x0000166c   Section        0  app_util_platform.o(i.app_util_enable_irq)
    i.buf_len_update                         0x00001680   Section        0  nrf_log_backend_serial.o(i.buf_len_update)
    buf_len_update                           0x00001681   Thumb Code    18  nrf_log_backend_serial.o(i.buf_len_update)
    i.channel_free                           0x00001694   Section        0  nrf_drv_gpiote.o(i.channel_free)
    channel_free                             0x00001695   Thumb Code    22  nrf_drv_gpiote.o(i.channel_free)
    i.channel_port_alloc                     0x000016b0   Section        0  nrf_drv_gpiote.o(i.channel_port_alloc)
    channel_port_alloc                       0x000016b1   Thumb Code    66  nrf_drv_gpiote.o(i.channel_port_alloc)
    i.channel_port_get                       0x000016f8   Section        0  nrf_drv_gpiote.o(i.channel_port_get)
    channel_port_get                         0x000016f9   Thumb Code    10  nrf_drv_gpiote.o(i.channel_port_get)
    i.clock_clk_started_notify               0x00001708   Section        0  nrf_drv_clock.o(i.clock_clk_started_notify)
    clock_clk_started_notify                 0x00001709   Thumb Code    34  nrf_drv_clock.o(i.clock_clk_started_notify)
    i.compare_reg_update                     0x00001730   Section        0  app_timer.o(i.compare_reg_update)
    compare_reg_update                       0x00001731   Thumb Code   160  app_timer.o(i.compare_reg_update)
    i.compute_trajectory                     0x000017dc   Section        0  main.o(i.compute_trajectory)
    i.configure_pins                         0x000018f4   Section        0  nrf_drv_pwm.o(i.configure_pins)
    configure_pins                           0x000018f5   Thumb Code   102  nrf_drv_pwm.o(i.configure_pins)
    i.control_algorithm_handler              0x0000195c   Section        0  main.o(i.control_algorithm_handler)
    i.elapsed_ticks_acquire                  0x00001980   Section        0  app_timer.o(i.elapsed_ticks_acquire)
    elapsed_ticks_acquire                    0x00001981   Thumb Code    58  app_timer.o(i.elapsed_ticks_acquire)
    i.irq_handler                            0x000019c0   Section        0  nrf_drv_pwm.o(i.irq_handler)
    irq_handler                              0x000019c1   Thumb Code   158  nrf_drv_pwm.o(i.irq_handler)
    i.irq_handler                            0x00001a5e   Section        0  nrf_drv_timer.o(i.irq_handler)
    irq_handler                              0x00001a5f   Thumb Code    66  nrf_drv_timer.o(i.irq_handler)
    i.is_allocated_channel                   0x00001aa0   Section        0  nrf_drv_ppi.o(i.is_allocated_channel)
    is_allocated_channel                     0x00001aa1   Thumb Code    20  nrf_drv_ppi.o(i.is_allocated_channel)
    i.is_programmable_app_channel            0x00001ab8   Section        0  nrf_drv_ppi.o(i.is_programmable_app_channel)
    is_programmable_app_channel              0x00001ab9   Thumb Code    12  nrf_drv_ppi.o(i.is_programmable_app_channel)
    i.list_deletions_handler                 0x00001ac4   Section        0  app_timer.o(i.list_deletions_handler)
    list_deletions_handler                   0x00001ac5   Thumb Code   158  app_timer.o(i.list_deletions_handler)
    i.list_insertions_handler                0x00001b6c   Section        0  app_timer.o(i.list_insertions_handler)
    list_insertions_handler                  0x00001b6d   Thumb Code   174  app_timer.o(i.list_insertions_handler)
    i.main                                   0x00001c24   Section        0  main.o(i.main)
    i.motor_logic                            0x00001c78   Section        0  motor.o(i.motor_logic)
    i.motor_pwm_init                         0x00001cc4   Section        0  motor.o(i.motor_pwm_init)
    i.motor_start_pwm                        0x00001d34   Section        0  motor.o(i.motor_start_pwm)
    i.nrf_bitmask_bit_is_set                 0x00001d54   Section        0  nrf_drv_gpiote.o(i.nrf_bitmask_bit_is_set)
    nrf_bitmask_bit_is_set                   0x00001d55   Thumb Code    16  nrf_drv_gpiote.o(i.nrf_bitmask_bit_is_set)
    i.nrf_clock_event_check                  0x00001d64   Section        0  nrf_drv_clock.o(i.nrf_clock_event_check)
    nrf_clock_event_check                    0x00001d65   Thumb Code    14  nrf_drv_clock.o(i.nrf_clock_event_check)
    i.nrf_clock_event_clear                  0x00001d72   Section        0  nrf_drv_clock.o(i.nrf_clock_event_clear)
    nrf_clock_event_clear                    0x00001d73   Thumb Code    16  nrf_drv_clock.o(i.nrf_clock_event_clear)
    i.nrf_delay_us                           0x00001d84   Section        0  app_timer.o(i.nrf_delay_us)
    nrf_delay_us                             0x00001d85   Thumb Code   132  app_timer.o(i.nrf_delay_us)
    i.nrf_drv_clock_onIRQ                    0x00001e10   Section        0  nrf_drv_clock.o(i.nrf_drv_clock_onIRQ)
    i.nrf_drv_common_irq_enable              0x00001e68   Section        0  nrf_drv_common.o(i.nrf_drv_common_irq_enable)
    i.nrf_drv_gpiote_in_event_addr_get       0x00001ea0   Section        0  nrf_drv_gpiote.o(i.nrf_drv_gpiote_in_event_addr_get)
    i.nrf_drv_gpiote_in_event_enable         0x00001ec8   Section        0  nrf_drv_gpiote.o(i.nrf_drv_gpiote_in_event_enable)
    i.nrf_drv_gpiote_in_init                 0x00001f6c   Section        0  nrf_drv_gpiote.o(i.nrf_drv_gpiote_in_init)
    i.nrf_drv_gpiote_init                    0x00002024   Section        0  nrf_drv_gpiote.o(i.nrf_drv_gpiote_init)
    i.nrf_drv_gpiote_is_init                 0x00002080   Section        0  nrf_drv_gpiote.o(i.nrf_drv_gpiote_is_init)
    i.nrf_drv_power_onIRQ                    0x00002094   Section        0  nrf_drv_power.o(i.nrf_drv_power_onIRQ)
    i.nrf_drv_ppi_channel_alloc              0x000020e8   Section        0  nrf_drv_ppi.o(i.nrf_drv_ppi_channel_alloc)
    i.nrf_drv_ppi_channel_assign             0x00002148   Section        0  nrf_drv_ppi.o(i.nrf_drv_ppi_channel_assign)
    i.nrf_drv_ppi_channel_enable             0x0000218c   Section        0  nrf_drv_ppi.o(i.nrf_drv_ppi_channel_enable)
    i.nrf_drv_ppi_init                       0x000021b4   Section        0  nrf_drv_ppi.o(i.nrf_drv_ppi_init)
    i.nrf_drv_pwm_init                       0x000021cc   Section        0  nrf_drv_pwm.o(i.nrf_drv_pwm_init)
    i.nrf_drv_pwm_simple_playback            0x0000226c   Section        0  nrf_drv_pwm.o(i.nrf_drv_pwm_simple_playback)
    i.nrf_drv_rng_stop                       0x000022dc   Section        0  nrf_drv_rng.o(i.nrf_drv_rng_stop)
    nrf_drv_rng_stop                         0x000022dd   Thumb Code    14  nrf_drv_rng.o(i.nrf_drv_rng_stop)
    i.nrf_drv_rtc_int_handler                0x000022f0   Section        0  nrf_drv_rtc.o(i.nrf_drv_rtc_int_handler)
    nrf_drv_rtc_int_handler                  0x000022f1   Thumb Code   154  nrf_drv_rtc.o(i.nrf_drv_rtc_int_handler)
    i.nrf_drv_swi_process                    0x00002390   Section        0  nrf_drv_swi.o(i.nrf_drv_swi_process)
    nrf_drv_swi_process                      0x00002391   Thumb Code    28  nrf_drv_swi.o(i.nrf_drv_swi_process)
    i.nrf_drv_timer_compare                  0x000023b0   Section        0  nrf_drv_timer.o(i.nrf_drv_timer_compare)
    i.nrf_drv_timer_enable                   0x000023d4   Section        0  nrf_drv_timer.o(i.nrf_drv_timer_enable)
    i.nrf_drv_timer_extended_compare         0x000023f0   Section        0  nrf_drv_timer.o(i.nrf_drv_timer_extended_compare)
    i.nrf_drv_timer_init                     0x0000241c   Section        0  nrf_drv_timer.o(i.nrf_drv_timer_init)
    i.nrf_gpio_cfg                           0x000024ac   Section        0  nrf_drv_gpiote.o(i.nrf_gpio_cfg)
    nrf_gpio_cfg                             0x000024ad   Thumb Code    36  nrf_drv_gpiote.o(i.nrf_gpio_cfg)
    i.nrf_gpio_cfg_output                    0x000024d0   Section        0  motor.o(i.nrf_gpio_cfg_output)
    nrf_gpio_cfg_output                      0x000024d1   Thumb Code    16  motor.o(i.nrf_gpio_cfg_output)
    i.nrf_gpio_cfg_sense_set                 0x000024e0   Section        0  nrf_drv_gpiote.o(i.nrf_gpio_cfg_sense_set)
    nrf_gpio_cfg_sense_set                   0x000024e1   Thumb Code    34  nrf_drv_gpiote.o(i.nrf_gpio_cfg_sense_set)
    i.nrf_gpio_pin_clear                     0x00002502   Section        0  motor.o(i.nrf_gpio_pin_clear)
    nrf_gpio_pin_clear                       0x00002503   Thumb Code    14  motor.o(i.nrf_gpio_pin_clear)
    i.nrf_gpio_pin_set                       0x00002510   Section        0  motor.o(i.nrf_gpio_pin_set)
    nrf_gpio_pin_set                         0x00002511   Thumb Code    14  motor.o(i.nrf_gpio_pin_set)
    i.nrf_gpio_ports_read                    0x00002520   Section        0  nrf_drv_gpiote.o(i.nrf_gpio_ports_read)
    nrf_gpio_ports_read                      0x00002521   Thumb Code    34  nrf_drv_gpiote.o(i.nrf_gpio_ports_read)
    i.nrf_gpiote_event_clear                 0x00002548   Section        0  nrf_drv_gpiote.o(i.nrf_gpiote_event_clear)
    nrf_gpiote_event_clear                   0x00002549   Thumb Code    16  nrf_drv_gpiote.o(i.nrf_gpiote_event_clear)
    i.nrf_gpiote_event_is_set                0x0000255c   Section        0  nrf_drv_gpiote.o(i.nrf_gpiote_event_is_set)
    nrf_gpiote_event_is_set                  0x0000255d   Thumb Code    12  nrf_drv_gpiote.o(i.nrf_gpiote_event_is_set)
    i.nrf_i2s_event_check                    0x0000256c   Section        0  nrf_drv_i2s.o(i.nrf_i2s_event_check)
    nrf_i2s_event_check                      0x0000256d   Thumb Code    10  nrf_drv_i2s.o(i.nrf_i2s_event_check)
    i.nrf_i2s_event_clear                    0x00002576   Section        0  nrf_drv_i2s.o(i.nrf_i2s_event_clear)
    nrf_i2s_event_clear                      0x00002577   Thumb Code    12  nrf_drv_i2s.o(i.nrf_i2s_event_clear)
    i.nrf_log_backend_hexdump_handler_get    0x00002584   Section        0  nrf_log_backend_serial.o(i.nrf_log_backend_hexdump_handler_get)
    i.nrf_log_backend_init                   0x0000258c   Section        0  nrf_log_backend_serial.o(i.nrf_log_backend_init)
    i.nrf_log_backend_serial_hexdump_handler 0x000025b0   Section        0  nrf_log_backend_serial.o(i.nrf_log_backend_serial_hexdump_handler)
    nrf_log_backend_serial_hexdump_handler   0x000025b1   Thumb Code   284  nrf_log_backend_serial.o(i.nrf_log_backend_serial_hexdump_handler)
    i.nrf_log_backend_serial_std_handler     0x000026cc   Section        0  nrf_log_backend_serial.o(i.nrf_log_backend_serial_std_handler)
    nrf_log_backend_serial_std_handler       0x000026cd   Thumb Code   264  nrf_log_backend_serial.o(i.nrf_log_backend_serial_std_handler)
    i.nrf_log_backend_std_handler_get        0x000027d4   Section        0  nrf_log_backend_serial.o(i.nrf_log_backend_std_handler_get)
    i.nrf_log_direct_feed                    0x000027dc   Section        0  nrf_log_frontend.o(i.nrf_log_direct_feed)
    nrf_log_direct_feed                      0x000027dd   Thumb Code    20  nrf_log_frontend.o(i.nrf_log_direct_feed)
    i.nrf_log_frontend_std_0                 0x000027f4   Section        0  nrf_log_frontend.o(i.nrf_log_frontend_std_0)
    i.nrf_log_frontend_std_1                 0x000027fc   Section        0  nrf_log_frontend.o(i.nrf_log_frontend_std_1)
    i.nrf_log_frontend_std_4                 0x0000280a   Section        0  nrf_log_frontend.o(i.nrf_log_frontend_std_4)
    i.nrf_log_handlers_set                   0x00002820   Section        0  nrf_log_frontend.o(i.nrf_log_handlers_set)
    i.nrf_log_init                           0x0000282c   Section        0  nrf_log_frontend.o(i.nrf_log_init)
    i.nrf_pdm_event_check                    0x00002850   Section        0  nrf_drv_pdm.o(i.nrf_pdm_event_check)
    nrf_pdm_event_check                      0x00002851   Thumb Code    12  nrf_drv_pdm.o(i.nrf_pdm_event_check)
    i.nrf_pdm_event_clear                    0x00002860   Section        0  nrf_drv_pdm.o(i.nrf_pdm_event_clear)
    nrf_pdm_event_clear                      0x00002861   Thumb Code    16  nrf_drv_pdm.o(i.nrf_pdm_event_clear)
    i.nrf_power_event_get_and_clear          0x00002874   Section        0  nrf_drv_power.o(i.nrf_power_event_get_and_clear)
    nrf_power_event_get_and_clear            0x00002875   Thumb Code    20  nrf_drv_power.o(i.nrf_power_event_get_and_clear)
    i.nrf_pwm_event_check                    0x00002888   Section        0  nrf_drv_pwm.o(i.nrf_pwm_event_check)
    nrf_pwm_event_check                      0x00002889   Thumb Code    10  nrf_drv_pwm.o(i.nrf_pwm_event_check)
    i.nrf_pwm_event_clear                    0x00002892   Section        0  nrf_drv_pwm.o(i.nrf_pwm_event_clear)
    nrf_pwm_event_clear                      0x00002893   Thumb Code    12  nrf_drv_pwm.o(i.nrf_pwm_event_clear)
    i.nrf_pwm_int_enable_check               0x0000289e   Section        0  nrf_drv_pwm.o(i.nrf_pwm_int_enable_check)
    nrf_pwm_int_enable_check                 0x0000289f   Thumb Code    12  nrf_drv_pwm.o(i.nrf_pwm_int_enable_check)
    i.nrf_pwm_sequence_set                   0x000028aa   Section        0  nrf_drv_pwm.o(i.nrf_pwm_sequence_set)
    nrf_pwm_sequence_set                     0x000028ab   Thumb Code    30  nrf_drv_pwm.o(i.nrf_pwm_sequence_set)
    i.nrf_queue_is_full                      0x000028c8   Section        0  nrf_queue.o(i.nrf_queue_is_full)
    i.nrf_queue_next_idx                     0x000028e6   Section        0  nrf_queue.o(i.nrf_queue_next_idx)
    nrf_queue_next_idx                       0x000028e7   Thumb Code    14  nrf_queue.o(i.nrf_queue_next_idx)
    i.nrf_queue_push                         0x000028f4   Section        0  nrf_queue.o(i.nrf_queue_push)
    i.nrf_rtc_event_clear                    0x000029a0   Section        0  nrf_drv_rtc.o(i.nrf_rtc_event_clear)
    nrf_rtc_event_clear                      0x000029a1   Thumb Code    12  nrf_drv_rtc.o(i.nrf_rtc_event_clear)
    i.nrf_saadc_buffer_init                  0x000029ac   Section        0  nrf_drv_saadc.o(i.nrf_saadc_buffer_init)
    nrf_saadc_buffer_init                    0x000029ad   Thumb Code    10  nrf_drv_saadc.o(i.nrf_saadc_buffer_init)
    i.nrf_saadc_event_check                  0x000029bc   Section        0  nrf_drv_saadc.o(i.nrf_saadc_event_check)
    nrf_saadc_event_check                    0x000029bd   Thumb Code    12  nrf_drv_saadc.o(i.nrf_saadc_event_check)
    i.nrf_saadc_event_clear                  0x000029cc   Section        0  nrf_drv_saadc.o(i.nrf_saadc_event_clear)
    nrf_saadc_event_clear                    0x000029cd   Thumb Code    16  nrf_drv_saadc.o(i.nrf_saadc_event_clear)
    i.nrf_uart_event_check                   0x000029e0   Section        0  nrf_drv_uart.o(i.nrf_uart_event_check)
    nrf_uart_event_check                     0x000029e1   Thumb Code    10  nrf_drv_uart.o(i.nrf_uart_event_check)
    i.nrf_uart_event_clear                   0x000029ea   Section        0  nrf_drv_uart.o(i.nrf_uart_event_clear)
    nrf_uart_event_clear                     0x000029eb   Thumb Code    12  nrf_drv_uart.o(i.nrf_uart_event_clear)
    i.nrf_uart_int_enable_check              0x000029f6   Section        0  nrf_drv_uart.o(i.nrf_uart_int_enable_check)
    nrf_uart_int_enable_check                0x000029f7   Thumb Code    12  nrf_drv_uart.o(i.nrf_uart_int_enable_check)
    i.nrf_uarte_event_check                  0x00002a02   Section        0  nrf_drv_uart.o(i.nrf_uarte_event_check)
    nrf_uarte_event_check                    0x00002a03   Thumb Code    10  nrf_drv_uart.o(i.nrf_uarte_event_check)
    i.nrf_uarte_event_clear                  0x00002a0c   Section        0  nrf_drv_uart.o(i.nrf_uarte_event_clear)
    nrf_uarte_event_clear                    0x00002a0d   Thumb Code    12  nrf_drv_uart.o(i.nrf_uarte_event_clear)
    i.pin_in_use_by_port                     0x00002a18   Section        0  nrf_drv_gpiote.o(i.pin_in_use_by_port)
    pin_in_use_by_port                       0x00002a19   Thumb Code    20  nrf_drv_gpiote.o(i.pin_in_use_by_port)
    i.pin_in_use_by_te                       0x00002a30   Section        0  nrf_drv_gpiote.o(i.pin_in_use_by_te)
    pin_in_use_by_te                         0x00002a31   Thumb Code    20  nrf_drv_gpiote.o(i.pin_in_use_by_te)
    i.pwm_event_handler                      0x00002a48   Section        0  motor.o(i.pwm_event_handler)
    pwm_event_handler                        0x00002a49   Thumb Code     2  motor.o(i.pwm_event_handler)
    i.queue_utilization_get                  0x00002a4a   Section        0  nrf_queue.o(i.queue_utilization_get)
    queue_utilization_get                    0x00002a4b   Thumb Code    22  nrf_queue.o(i.queue_utilization_get)
    i.rc_get_high_flank                      0x00002a60   Section        0  rc_pwm.o(i.rc_get_high_flank)
    i.rc_get_low_flank                       0x00002af8   Section        0  rc_pwm.o(i.rc_get_low_flank)
    i.rc_get_values                          0x00002ba0   Section        0  rc_pwm.o(i.rc_get_values)
    i.rc_gpiote_init                         0x00002c08   Section        0  rc_pwm.o(i.rc_gpiote_init)
    i.rc_init                                0x00002ca0   Section        0  rc_pwm.o(i.rc_init)
    i.rc_pin_event_handler                   0x00002cec   Section        0  rc_pwm.o(i.rc_pin_event_handler)
    i.rc_ppi_init                            0x00002da0   Section        0  rc_pwm.o(i.rc_ppi_init)
    i.rc_timer_init                          0x00002ec8   Section        0  rc_pwm.o(i.rc_timer_init)
    i.rct_event_handler                      0x00002f6c   Section        0  rc_pwm.o(i.rct_event_handler)
    i.rtc1_stop                              0x00002f70   Section        0  app_timer.o(i.rtc1_stop)
    rtc1_stop                                0x00002f71   Thumb Code    52  app_timer.o(i.rtc1_stop)
    i.rx_byte                                0x00002fac   Section        0  nrf_drv_uart.o(i.rx_byte)
    rx_byte                                  0x00002fad   Thumb Code    50  nrf_drv_uart.o(i.rx_byte)
    i.rx_done_event                          0x00002fde   Section        0  nrf_drv_uart.o(i.rx_done_event)
    rx_done_event                            0x00002fdf   Thumb Code    24  nrf_drv_uart.o(i.rx_done_event)
    i.serial_tx                              0x00002ff6   Section        0  nrf_log_backend_serial.o(i.serial_tx)
    serial_tx                                0x00002ff7   Thumb Code    46  nrf_log_backend_serial.o(i.serial_tx)
    i.set_motor                              0x00003024   Section        0  motor.o(i.set_motor)
    i.start_playback                         0x0000305c   Section        0  nrf_drv_pwm.o(i.start_playback)
    start_playback                           0x0000305d   Thumb Code    62  nrf_drv_pwm.o(i.start_playback)
    i.timer_event_handler                    0x0000309c   Section        0  main.o(i.timer_event_handler)
    i.timer_init                             0x000030a8   Section        0  main.o(i.timer_init)
    i.timer_list_handler                     0x00003130   Section        0  app_timer.o(i.timer_list_handler)
    timer_list_handler                       0x00003131   Thumb Code   134  app_timer.o(i.timer_list_handler)
    i.timer_list_insert                      0x000031bc   Section        0  app_timer.o(i.timer_list_insert)
    timer_list_insert                        0x000031bd   Thumb Code    56  app_timer.o(i.timer_list_insert)
    i.timer_timeouts_check                   0x000031f8   Section        0  app_timer.o(i.timer_timeouts_check)
    timer_timeouts_check                     0x000031f9   Thumb Code   124  app_timer.o(i.timer_timeouts_check)
    i.timestamp_process                      0x0000327c   Section        0  nrf_log_backend_serial.o(i.timestamp_process)
    timestamp_process                        0x0000327d   Thumb Code    44  nrf_log_backend_serial.o(i.timestamp_process)
    i.tx_byte                                0x000032b0   Section        0  nrf_drv_uart.o(i.tx_byte)
    tx_byte                                  0x000032b1   Thumb Code    32  nrf_drv_uart.o(i.tx_byte)
    i.tx_done_event                          0x000032d0   Section        0  nrf_drv_uart.o(i.tx_done_event)
    tx_done_event                            0x000032d1   Thumb Code    28  nrf_drv_uart.o(i.tx_done_event)
    i.uart_irq_handler                       0x000032ec   Section        0  nrf_drv_uart.o(i.uart_irq_handler)
    uart_irq_handler                         0x000032ed   Thumb Code   286  nrf_drv_uart.o(i.uart_irq_handler)
    i.uarte_irq_handler                      0x0000340a   Section        0  nrf_drv_uart.o(i.uarte_irq_handler)
    uarte_irq_handler                        0x0000340b   Thumb Code   240  nrf_drv_uart.o(i.uarte_irq_handler)
    .constdata                               0x000034fc   Section        8  main.o(.constdata)
    .constdata                               0x00003504   Section        4  rc_pwm.o(.constdata)
    .constdata                               0x00003508   Section       28  motor.o(.constdata)
    .constdata                               0x00003524   Section        4  nrf_drv_gpiote.o(.constdata)
    .constdata                               0x00003528   Section       24  nrf_drv_rng.o(.constdata)
    m_default_config                         0x00003528   Data           2  nrf_drv_rng.o(.constdata)
    m_rand_pool                              0x0000352c   Data          20  nrf_drv_rng.o(.constdata)
    .constdata                               0x00003540   Section      129  ctype_o.o(.constdata)
    .constdata                               0x000035c4   Section        4  ctype_o.o(.constdata)
    table                                    0x000035c4   Data           4  ctype_o.o(.constdata)
    .data                                    0x20000000   Section       12  main.o(.data)
    algorithm_flag                           0x20000000   Data           1  main.o(.data)
    timer_cfg                                0x20000004   Data           8  main.o(.data)
    .data                                    0x2000000c   Section       52  rc_pwm.o(.data)
    state1                                   0x2000000c   Data           1  rc_pwm.o(.data)
    state2                                   0x2000000d   Data           1  rc_pwm.o(.data)
    state3                                   0x2000000e   Data           1  rc_pwm.o(.data)
    state4                                   0x2000000f   Data           1  rc_pwm.o(.data)
    us_per_tick                              0x20000010   Data           4  rc_pwm.o(.data)
    us_per_tick                              0x20000014   Data           4  rc_pwm.o(.data)
    rct_cfg                                  0x20000038   Data           8  rc_pwm.o(.data)
    .data                                    0x20000040   Section       16  motor.o(.data)
    motor_pwm                                0x20000040   Data           8  motor.o(.data)
    pwm_values                               0x20000048   Data           8  motor.o(.data)
    .data                                    0x20000050   Section       32  nrf_drv_common.o(.data)
    m_serial_box_0                           0x20000050   Data           8  nrf_drv_common.o(.data)
    m_serial_box_1                           0x20000058   Data           8  nrf_drv_common.o(.data)
    m_serial_box_2                           0x20000060   Data           8  nrf_drv_common.o(.data)
    m_comp_lpcomp                            0x20000068   Data           8  nrf_drv_common.o(.data)
    .data                                    0x20000070   Section       12  nrf_drv_power.o(.data)
    m_initialized                            0x20000070   Data           1  nrf_drv_power.o(.data)
    m_pofwarn_handler                        0x20000074   Data           4  nrf_drv_power.o(.data)
    m_sleepevt_handler                       0x20000078   Data           4  nrf_drv_power.o(.data)
    .data                                    0x2000007c   Section        8  nrf_drv_ppi.o(.data)
    m_drv_state                              0x2000007c   Data           1  nrf_drv_ppi.o(.data)
    m_groups_allocated                       0x2000007d   Data           1  nrf_drv_ppi.o(.data)
    m_channels_allocated                     0x20000080   Data           4  nrf_drv_ppi.o(.data)
    .data                                    0x20000084   Section        8  nrf_drv_qdec.o(.data)
    m_state                                  0x20000084   Data           1  nrf_drv_qdec.o(.data)
    m_qdec_event_handler                     0x20000088   Data           4  nrf_drv_qdec.o(.data)
    .data                                    0x2000008c   Section       16  nrf_drv_rtc.o(.data)
    m_cb                                     0x2000008c   Data           6  nrf_drv_rtc.o(.data)
    m_handlers                               0x20000094   Data           8  nrf_drv_rtc.o(.data)
    .data                                    0x2000009c   Section       12  nrf_drv_wdt.o(.data)
    m_state                                  0x2000009c   Data           1  nrf_drv_wdt.o(.data)
    m_wdt_event_handler                      0x200000a0   Data           4  nrf_drv_wdt.o(.data)
    m_alloc_index                            0x200000a4   Data           4  nrf_drv_wdt.o(.data)
    .data                                    0x200000a8   Section       32  app_timer.o(.data)
    m_ticks_elapsed_q_read_ind               0x200000a8   Data           1  app_timer.o(.data)
    m_ticks_elapsed_q_write_ind              0x200000a9   Data           1  app_timer.o(.data)
    m_rtc1_running                           0x200000aa   Data           1  app_timer.o(.data)
    m_rtc1_reset                             0x200000ab   Data           1  app_timer.o(.data)
    mp_timer_id_head                         0x200000ac   Data           4  app_timer.o(.data)
    m_ticks_latest                           0x200000b0   Data           4  app_timer.o(.data)
    m_evt_schedule_func                      0x200000b4   Data           4  app_timer.o(.data)
    m_op_queue                               0x200000b8   Data           8  app_timer.o(.data)
    m_ticks_elapsed                          0x200000c0   Data           8  app_timer.o(.data)
    .data                                    0x200000c8   Section        4  app_util_platform.o(.data)
    m_in_critical_region                     0x200000c8   Data           4  app_util_platform.o(.data)
    .data                                    0x200000cc   Section        2  nrf_log_backend_serial.o(.data)
    m_initialized                            0x200000cc   Data           1  nrf_log_backend_serial.o(.data)
    m_blocking_mode                          0x200000cd   Data           1  nrf_log_backend_serial.o(.data)
    .data                                    0x200000d0   Section        4  system_nrf52.o(.data)
    __tagsym$$used                           0x200000d0   Number         0  system_nrf52.o(.data)
    .bss                                     0x200000d4   Section       28  main.o(.bss)
    channel_values                           0x200000d4   Data          16  main.o(.bss)
    motor                                    0x200000e4   Data          12  main.o(.bss)
    .bss                                     0x200000f0   Section       48  rc_pwm.o(.bss)
    channel                                  0x200000f0   Data          48  rc_pwm.o(.bss)
    .bss                                     0x20000120   Section       20  nrf_drv_clock.o(.bss)
    m_clock_cb                               0x20000120   Data          20  nrf_drv_clock.o(.bss)
    .bss                                     0x20000134   Section       88  nrf_drv_gpiote.o(.bss)
    m_cb                                     0x20000134   Data          88  nrf_drv_gpiote.o(.bss)
    .bss                                     0x2000018c   Section       16  nrf_drv_i2s.o(.bss)
    m_cb                                     0x2000018c   Data          16  nrf_drv_i2s.o(.bss)
    .bss                                     0x2000019c   Section       20  nrf_drv_pdm.o(.bss)
    m_cb                                     0x2000019c   Data          20  nrf_drv_pdm.o(.bss)
    .bss                                     0x200001b0   Section       24  nrf_drv_pwm.o(.bss)
    m_cb                                     0x200001b0   Data          24  nrf_drv_pwm.o(.bss)
    .bss                                     0x200001c8   Section       33  nrf_drv_rng.o(.bss)
    m_rand_pool_nrf_queue_buffer             0x200001c8   Data          33  nrf_drv_rng.o(.bss)
    .bss                                     0x200001ec   Section       12  nrf_drv_rng.o(.bss)
    m_rand_pool_nrf_queue_cb                 0x200001ec   Data          12  nrf_drv_rng.o(.bss)
    .bss                                     0x200001f8   Section       48  nrf_drv_saadc.o(.bss)
    m_cb                                     0x200001f8   Data          48  nrf_drv_saadc.o(.bss)
    .bss                                     0x20000228   Section       30  nrf_drv_swi.o(.bss)
    m_swi_handlers                           0x20000228   Data          20  nrf_drv_swi.o(.bss)
    m_swi_flags                              0x2000023c   Data          10  nrf_drv_swi.o(.bss)
    .bss                                     0x20000248   Section       60  nrf_drv_timer.o(.bss)
    m_cb                                     0x20000248   Data          60  nrf_drv_timer.o(.bss)
    .bss                                     0x20000284   Section       32  nrf_drv_uart.o(.bss)
    m_cb                                     0x20000284   Data          32  nrf_drv_uart.o(.bss)
    .bss                                     0x200002a4   Section       28  nrf_log_frontend.o(.bss)
    m_log_data                               0x200002a4   Data          28  nrf_log_frontend.o(.bss)
    .bss                                     0x200002c0   Section      648  segger_rtt.o(.bss)
    _acUpBuffer                              0x200002c0   Data         512  segger_rtt.o(.bss)
    _acDownBuffer                            0x200004c0   Data          16  segger_rtt.o(.bss)
    STACK                                    0x20000548   Section     8192  arm_startup_nrf52.o(STACK)

    Global Symbols

    Symbol Name                              Value     Ov Type        Size  Object(Section)

    BuildAttributes$$THM_ISAv4$E$P$D$K$B$S$7EM$VFPi3$EXTD16$VFPS$VFMA$PE$A:L22UL41UL21$X:L11$S22US41US21$IEEE1$IW$USESV6$~STKCKD$USESV7$~SHL$OSPACE$ROPI$EBA8$MICROLIB$REQ8$PRES8$EABIv2 0x00000000   Number         0  anon$$obj.o ABSOLUTE
    __ARM_use_no_argv                        0x00000000   Number         0  main.o ABSOLUTE
    __Vectors                                0x00000000   Data           4  arm_startup_nrf52.o(RESET)
    _printf_a                                0x00000000   Number         0  stubs.o ABSOLUTE
    _printf_c                                0x00000000   Number         0  stubs.o ABSOLUTE
    _printf_charcount                        0x00000000   Number         0  stubs.o ABSOLUTE
    _printf_d                                0x00000000   Number         0  stubs.o ABSOLUTE
    _printf_e                                0x00000000   Number         0  stubs.o ABSOLUTE
    _printf_f                                0x00000000   Number         0  stubs.o ABSOLUTE
    _printf_flags                            0x00000000   Number         0  stubs.o ABSOLUTE
    _printf_fp_dec                           0x00000000   Number         0  stubs.o ABSOLUTE
    _printf_fp_hex                           0x00000000   Number         0  stubs.o ABSOLUTE
    _printf_g                                0x00000000   Number         0  stubs.o ABSOLUTE
    _printf_i                                0x00000000   Number         0  stubs.o ABSOLUTE
    _printf_int_dec                          0x00000000   Number         0  stubs.o ABSOLUTE
    _printf_l                                0x00000000   Number         0  stubs.o ABSOLUTE
    _printf_lc                               0x00000000   Number         0  stubs.o ABSOLUTE
    _printf_ll                               0x00000000   Number         0  stubs.o ABSOLUTE
    _printf_lld                              0x00000000   Number         0  stubs.o ABSOLUTE
    _printf_lli                              0x00000000   Number         0  stubs.o ABSOLUTE
    _printf_llo                              0x00000000   Number         0  stubs.o ABSOLUTE
    _printf_llu                              0x00000000   Number         0  stubs.o ABSOLUTE
    _printf_llx                              0x00000000   Number         0  stubs.o ABSOLUTE
    _printf_longlong_dec                     0x00000000   Number         0  stubs.o ABSOLUTE
    _printf_longlong_hex                     0x00000000   Number         0  stubs.o ABSOLUTE
    _printf_longlong_oct                     0x00000000   Number         0  stubs.o ABSOLUTE
    _printf_ls                               0x00000000   Number         0  stubs.o ABSOLUTE
    _printf_mbtowc                           0x00000000   Number         0  stubs.o ABSOLUTE
    _printf_n                                0x00000000   Number         0  stubs.o ABSOLUTE
    _printf_o                                0x00000000   Number         0  stubs.o ABSOLUTE
    _printf_p                                0x00000000   Number         0  stubs.o ABSOLUTE
    _printf_percent                          0x00000000   Number         0  stubs.o ABSOLUTE
    _printf_pre_padding                      0x00000000   Number         0  stubs.o ABSOLUTE
    _printf_return_value                     0x00000000   Number         0  stubs.o ABSOLUTE
    _printf_s                                0x00000000   Number         0  stubs.o ABSOLUTE
    _printf_sizespec                         0x00000000   Number         0  stubs.o ABSOLUTE
    _printf_str                              0x00000000   Number         0  stubs.o ABSOLUTE
    _printf_truncate_signed                  0x00000000   Number         0  stubs.o ABSOLUTE
    _printf_truncate_unsigned                0x00000000   Number         0  stubs.o ABSOLUTE
    _printf_u                                0x00000000   Number         0  stubs.o ABSOLUTE
    _printf_wc                               0x00000000   Number         0  stubs.o ABSOLUTE
    _printf_wctomb                           0x00000000   Number         0  stubs.o ABSOLUTE
    _printf_widthprec                        0x00000000   Number         0  stubs.o ABSOLUTE
    _printf_x                                0x00000000   Number         0  stubs.o ABSOLUTE
    __cpp_initialize__aeabi_                  - Undefined Weak Reference
    __cxa_finalize                            - Undefined Weak Reference
    __decompress                              - Undefined Weak Reference
    _clock_init                               - Undefined Weak Reference
    _microlib_exit                            - Undefined Weak Reference
    __Vectors_End                            0x00000400   Data           0  arm_startup_nrf52.o(RESET)
    __Vectors_Size                           0x00000400   Number         0  arm_startup_nrf52.o ABSOLUTE
    __main                                   0x00000401   Thumb Code     0  entry.o(.ARM.Collect$$$$00000000)
    _main_stk                                0x00000401   Thumb Code     0  entry2.o(.ARM.Collect$$$$00000001)
    _main_scatterload                        0x00000405   Thumb Code     0  entry5.o(.ARM.Collect$$$$00000004)
    __main_after_scatterload                 0x00000409   Thumb Code     0  entry5.o(.ARM.Collect$$$$00000004)
    _main_clock                              0x00000409   Thumb Code     0  entry7b.o(.ARM.Collect$$$$00000008)
    _main_cpp_init                           0x00000409   Thumb Code     0  entry8b.o(.ARM.Collect$$$$0000000A)
    _main_init                               0x00000409   Thumb Code     0  entry9a.o(.ARM.Collect$$$$0000000B)
    __rt_final_cpp                           0x00000411   Thumb Code     0  entry10a.o(.ARM.Collect$$$$0000000D)
    __rt_final_exit                          0x00000411   Thumb Code     0  entry11a.o(.ARM.Collect$$$$0000000F)
    HardFault_Handler                        0x00000415   Thumb Code    40  hardfault_handler_keil.o(.emb_text)
    Reset_Handler                            0x00000449   Thumb Code     8  arm_startup_nrf52.o(.text)
    NMI_Handler                              0x00000451   Thumb Code     2  arm_startup_nrf52.o(.text)
    MemoryManagement_Handler                 0x00000455   Thumb Code     2  arm_startup_nrf52.o(.text)
    BusFault_Handler                         0x00000457   Thumb Code     2  arm_startup_nrf52.o(.text)
    UsageFault_Handler                       0x00000459   Thumb Code     2  arm_startup_nrf52.o(.text)
    SVC_Handler                              0x0000045b   Thumb Code     2  arm_startup_nrf52.o(.text)
    DebugMon_Handler                         0x0000045d   Thumb Code     2  arm_startup_nrf52.o(.text)
    PendSV_Handler                           0x0000045f   Thumb Code     2  arm_startup_nrf52.o(.text)
    SysTick_Handler                          0x00000461   Thumb Code     2  arm_startup_nrf52.o(.text)
    CCM_AAR_IRQHandler                       0x00000463   Thumb Code     0  arm_startup_nrf52.o(.text)
    ECB_IRQHandler                           0x00000463   Thumb Code     0  arm_startup_nrf52.o(.text)
    FPU_IRQHandler                           0x00000463   Thumb Code     0  arm_startup_nrf52.o(.text)
    MWU_IRQHandler                           0x00000463   Thumb Code     0  arm_startup_nrf52.o(.text)
    NFCT_IRQHandler                          0x00000463   Thumb Code     0  arm_startup_nrf52.o(.text)
    RADIO_IRQHandler                         0x00000463   Thumb Code     0  arm_startup_nrf52.o(.text)
    TEMP_IRQHandler                          0x00000463   Thumb Code     0  arm_startup_nrf52.o(.text)
    __rt_ctype_table                         0x0000046d   Thumb Code     4  ctype_o.o(.text)
    __aeabi_memcpy                           0x00000475   Thumb Code    36  memcpya.o(.text)
    __aeabi_memcpy4                          0x00000475   Thumb Code     0  memcpya.o(.text)
    __aeabi_memcpy8                          0x00000475   Thumb Code     0  memcpya.o(.text)
    strlen                                   0x00000499   Thumb Code    14  strlen.o(.text)
    strcpy                                   0x000004a7   Thumb Code    18  strcpy.o(.text)
    __aeabi_uldivmod                         0x000004b9   Thumb Code    98  uldiv.o(.text)
    __scatterload                            0x0000051d   Thumb Code    28  init.o(.text)
    __scatterload_rt2                        0x0000051d   Thumb Code     0  init.o(.text)
    __aeabi_llsl                             0x00000541   Thumb Code    30  llshl.o(.text)
    _ll_shift_l                              0x00000541   Thumb Code     0  llshl.o(.text)
    __aeabi_llsr                             0x0000055f   Thumb Code    32  llushr.o(.text)
    _ll_ushift_r                             0x0000055f   Thumb Code     0  llushr.o(.text)
    COMP_LPCOMP_IRQHandler                   0x00000581   Thumb Code     6  nrf_drv_common.o(i.COMP_LPCOMP_IRQHandler)
    GPIOTE_IRQHandler                        0x0000058d   Thumb Code   362  nrf_drv_gpiote.o(i.GPIOTE_IRQHandler)
    HardFault_c_handler                      0x00000701   Thumb Code    18  hardfault_implementation.o(i.HardFault_c_handler)
    HardFault_process                        0x00000739   Thumb Code    26  hardfault_implementation.o(i.HardFault_process)
    I2S_IRQHandler                           0x0000075d   Thumb Code   206  nrf_drv_i2s.o(i.I2S_IRQHandler)
    PDM_IRQHandler                           0x00000879   Thumb Code   120  nrf_drv_pdm.o(i.PDM_IRQHandler)
    POWER_CLOCK_IRQHandler                   0x000008f9   Thumb Code    14  nrf_drv_common.o(i.POWER_CLOCK_IRQHandler)
    PWM0_IRQHandler                          0x00000909   Thumb Code     8  nrf_drv_pwm.o(i.PWM0_IRQHandler)
    PWM1_IRQHandler                          0x00000919   Thumb Code     8  nrf_drv_pwm.o(i.PWM1_IRQHandler)
    PWM2_IRQHandler                          0x00000929   Thumb Code     8  nrf_drv_pwm.o(i.PWM2_IRQHandler)
    QDEC_IRQHandler                          0x00000939   Thumb Code   172  nrf_drv_qdec.o(i.QDEC_IRQHandler)
    RNG_IRQHandler                           0x000009f5   Thumb Code    62  nrf_drv_rng.o(i.RNG_IRQHandler)
    RTC0_IRQHandler                          0x00000a45   Thumb Code    10  nrf_drv_rtc.o(i.RTC0_IRQHandler)
    RTC1_IRQHandler                          0x00000a55   Thumb Code    32  app_timer.o(i.RTC1_IRQHandler)
    RTC2_IRQHandler                          0x00000a79   Thumb Code    10  nrf_drv_rtc.o(i.RTC2_IRQHandler)
    SAADC_IRQHandler                         0x00000a89   Thumb Code   336  nrf_drv_saadc.o(i.SAADC_IRQHandler)
    SEGGER_RTT_Init                          0x00000be1   Thumb Code    14  segger_rtt.o(i.SEGGER_RTT_Init)
    SEGGER_RTT_WriteNoLock                   0x00000bf5   Thumb Code    86  segger_rtt.o(i.SEGGER_RTT_WriteNoLock)
    SPIM0_SPIS0_TWIM0_TWIS0_SPI0_TWI0_IRQHandler 0x00000c51   Thumb Code     6  nrf_drv_common.o(i.SPIM0_SPIS0_TWIM0_TWIS0_SPI0_TWI0_IRQHandler)
    SPIM1_SPIS1_TWIM1_TWIS1_SPI1_TWI1_IRQHandler 0x00000c5d   Thumb Code     6  nrf_drv_common.o(i.SPIM1_SPIS1_TWIM1_TWIS1_SPI1_TWI1_IRQHandler)
    SPIM2_SPIS2_SPI2_IRQHandler              0x00000c69   Thumb Code     6  nrf_drv_common.o(i.SPIM2_SPIS2_SPI2_IRQHandler)
    SWI0_EGU0_IRQHandler                     0x00000c75   Thumb Code     4  app_timer.o(i.SWI0_EGU0_IRQHandler)
    SWI1_EGU1_IRQHandler                     0x00000c79   Thumb Code    10  nrf_drv_swi.o(i.SWI1_EGU1_IRQHandler)
    SWI2_EGU2_IRQHandler                     0x00000c89   Thumb Code    10  nrf_drv_swi.o(i.SWI2_EGU2_IRQHandler)
    SWI3_EGU3_IRQHandler                     0x00000c99   Thumb Code    10  nrf_drv_swi.o(i.SWI3_EGU3_IRQHandler)
    SWI4_EGU4_IRQHandler                     0x00000ca9   Thumb Code    10  nrf_drv_swi.o(i.SWI4_EGU4_IRQHandler)
    SWI5_EGU5_IRQHandler                     0x00000cb9   Thumb Code    10  nrf_drv_swi.o(i.SWI5_EGU5_IRQHandler)
    SystemInit                               0x00000cc9   Thumb Code   610  system_nrf52.o(i.SystemInit)
    TIMER0_IRQHandler                        0x00000f65   Thumb Code    10  nrf_drv_timer.o(i.TIMER0_IRQHandler)
    TIMER1_IRQHandler                        0x00000f79   Thumb Code    10  nrf_drv_timer.o(i.TIMER1_IRQHandler)
    TIMER2_IRQHandler                        0x00000f8d   Thumb Code    10  nrf_drv_timer.o(i.TIMER2_IRQHandler)
    TIMER3_IRQHandler                        0x00000fa1   Thumb Code    10  nrf_drv_timer.o(i.TIMER3_IRQHandler)
    TIMER4_IRQHandler                        0x00000fb5   Thumb Code    10  nrf_drv_timer.o(i.TIMER4_IRQHandler)
    UARTE0_UART0_IRQHandler                  0x00000fc9   Thumb Code    20  nrf_drv_uart.o(i.UARTE0_UART0_IRQHandler)
    WDT_IRQHandler                           0x00000fe5   Thumb Code    38  nrf_drv_wdt.o(i.WDT_IRQHandler)
    __0snprintf$8                            0x00001131   Thumb Code    44  printf8.o(i.__0snprintf$8)
    __1snprintf$8                            0x00001131   Thumb Code     0  printf8.o(i.__0snprintf$8)
    __2snprintf                              0x00001131   Thumb Code     0  printf8.o(i.__0snprintf$8)
    __scatterload_copy                       0x00001161   Thumb Code    14  handlers.o(i.__scatterload_copy)
    __scatterload_null                       0x0000116f   Thumb Code     2  handlers.o(i.__scatterload_null)
    __scatterload_zeroinit                   0x00001171   Thumb Code    14  handlers.o(i.__scatterload_zeroinit)
    app_error_fault_handler                  0x000015f9   Thumb Code    34  app_error_weak.o(i.app_error_fault_handler)
    app_error_handler_bare                   0x0000163d   Thumb Code    22  app_error.o(i.app_error_handler_bare)
    app_util_critical_region_enter           0x00001653   Thumb Code     4  app_util_platform.o(i.app_util_critical_region_enter)
    app_util_critical_region_exit            0x00001657   Thumb Code     4  app_util_platform.o(i.app_util_critical_region_exit)
    app_util_disable_irq                     0x0000165d   Thumb Code    12  app_util_platform.o(i.app_util_disable_irq)
    app_util_enable_irq                      0x0000166d   Thumb Code    14  app_util_platform.o(i.app_util_enable_irq)
    compute_trajectory                       0x000017dd   Thumb Code   260  main.o(i.compute_trajectory)
    control_algorithm_handler                0x0000195d   Thumb Code    30  main.o(i.control_algorithm_handler)
    main                                     0x00001c25   Thumb Code    42  main.o(i.main)
    motor_logic                              0x00001c79   Thumb Code    74  motor.o(i.motor_logic)
    motor_pwm_init                           0x00001cc5   Thumb Code    74  motor.o(i.motor_pwm_init)
    motor_start_pwm                          0x00001d35   Thumb Code    24  motor.o(i.motor_start_pwm)
    nrf_drv_clock_onIRQ                      0x00001e11   Thumb Code    84  nrf_drv_clock.o(i.nrf_drv_clock_onIRQ)
    nrf_drv_common_irq_enable                0x00001e69   Thumb Code    56  nrf_drv_common.o(i.nrf_drv_common_irq_enable)
    nrf_drv_gpiote_in_event_addr_get         0x00001ea1   Thumb Code    36  nrf_drv_gpiote.o(i.nrf_drv_gpiote_in_event_addr_get)
    nrf_drv_gpiote_in_event_enable           0x00001ec9   Thumb Code   156  nrf_drv_gpiote.o(i.nrf_drv_gpiote_in_event_enable)
    nrf_drv_gpiote_in_init                   0x00001f6d   Thumb Code   172  nrf_drv_gpiote.o(i.nrf_drv_gpiote_in_init)
    nrf_drv_gpiote_init                      0x00002025   Thumb Code    84  nrf_drv_gpiote.o(i.nrf_drv_gpiote_init)
    nrf_drv_gpiote_is_init                   0x00002081   Thumb Code    14  nrf_drv_gpiote.o(i.nrf_drv_gpiote_is_init)
    nrf_drv_power_onIRQ                      0x00002095   Thumb Code    78  nrf_drv_power.o(i.nrf_drv_power_onIRQ)
    nrf_drv_ppi_channel_alloc                0x000020e9   Thumb Code    88  nrf_drv_ppi.o(i.nrf_drv_ppi_channel_alloc)
    nrf_drv_ppi_channel_assign               0x00002149   Thumb Code    62  nrf_drv_ppi.o(i.nrf_drv_ppi_channel_assign)
    nrf_drv_ppi_channel_enable               0x0000218d   Thumb Code    36  nrf_drv_ppi.o(i.nrf_drv_ppi_channel_enable)
    nrf_drv_ppi_init                         0x000021b5   Thumb Code    18  nrf_drv_ppi.o(i.nrf_drv_ppi_init)
    nrf_drv_pwm_init                         0x000021cd   Thumb Code   154  nrf_drv_pwm.o(i.nrf_drv_pwm_init)
    nrf_drv_pwm_simple_playback              0x0000226d   Thumb Code   106  nrf_drv_pwm.o(i.nrf_drv_pwm_simple_playback)
    nrf_drv_timer_compare                    0x000023b1   Thumb Code    34  nrf_drv_timer.o(i.nrf_drv_timer_compare)
    nrf_drv_timer_enable                     0x000023d5   Thumb Code    24  nrf_drv_timer.o(i.nrf_drv_timer_enable)
    nrf_drv_timer_extended_compare           0x000023f1   Thumb Code    42  nrf_drv_timer.o(i.nrf_drv_timer_extended_compare)
    nrf_drv_timer_init                       0x0000241d   Thumb Code   138  nrf_drv_timer.o(i.nrf_drv_timer_init)
    nrf_log_backend_hexdump_handler_get      0x00002585   Thumb Code     4  nrf_log_backend_serial.o(i.nrf_log_backend_hexdump_handler_get)
    nrf_log_backend_init                     0x0000258d   Thumb Code    30  nrf_log_backend_serial.o(i.nrf_log_backend_init)
    nrf_log_backend_std_handler_get          0x000027d5   Thumb Code     4  nrf_log_backend_serial.o(i.nrf_log_backend_std_handler_get)
    nrf_log_frontend_std_0                   0x000027f5   Thumb Code     8  nrf_log_frontend.o(i.nrf_log_frontend_std_0)
    nrf_log_frontend_std_1                   0x000027fd   Thumb Code    14  nrf_log_frontend.o(i.nrf_log_frontend_std_1)
    nrf_log_frontend_std_4                   0x0000280b   Thumb Code    20  nrf_log_frontend.o(i.nrf_log_frontend_std_4)
    nrf_log_handlers_set                     0x00002821   Thumb Code     8  nrf_log_frontend.o(i.nrf_log_handlers_set)
    nrf_log_init                             0x0000282d   Thumb Code    34  nrf_log_frontend.o(i.nrf_log_init)
    nrf_queue_is_full                        0x000028c9   Thumb Code    30  nrf_queue.o(i.nrf_queue_is_full)
    nrf_queue_push                           0x000028f5   Thumb Code   172  nrf_queue.o(i.nrf_queue_push)
    rc_get_high_flank                        0x00002a61   Thumb Code   126  rc_pwm.o(i.rc_get_high_flank)
    rc_get_low_flank                         0x00002af9   Thumb Code   142  rc_pwm.o(i.rc_get_low_flank)
    rc_get_values                            0x00002ba1   Thumb Code    90  rc_pwm.o(i.rc_get_values)
    rc_gpiote_init                           0x00002c09   Thumb Code   108  rc_pwm.o(i.rc_gpiote_init)
    rc_init                                  0x00002ca1   Thumb Code    42  rc_pwm.o(i.rc_init)
    rc_pin_event_handler                     0x00002ced   Thumb Code   134  rc_pwm.o(i.rc_pin_event_handler)
    rc_ppi_init                              0x00002da1   Thumb Code   256  rc_pwm.o(i.rc_ppi_init)
    rc_timer_init                            0x00002ec9   Thumb Code   118  rc_pwm.o(i.rc_timer_init)
    rct_event_handler                        0x00002f6d   Thumb Code     2  rc_pwm.o(i.rct_event_handler)
    set_motor                                0x00003025   Thumb Code    50  motor.o(i.set_motor)
    timer_event_handler                      0x0000309d   Thumb Code     8  main.o(i.timer_event_handler)
    timer_init                               0x000030a9   Thumb Code    62  main.o(i.timer_init)
    application_timer                        0x000034fc   Data           8  main.o(.constdata)
    __ctype_table                            0x00003540   Data         129  ctype_o.o(.constdata)
    Region$$Table$$Base                      0x000035c8   Number         0  anon$$obj.o(Region$$Table)
    Region$$Table$$Limit                     0x000035e8   Number         0  anon$$obj.o(Region$$Table)
    rc_timer_1                               0x20000018   Data           8  rc_pwm.o(.data)
    rc_timer_2                               0x20000020   Data           8  rc_pwm.o(.data)
    rc_timer_3                               0x20000028   Data           8  rc_pwm.o(.data)
    rc_timer_4                               0x20000030   Data           8  rc_pwm.o(.data)
    SystemCoreClock                          0x200000d0   Data           4  system_nrf52.o(.data)
    _SEGGER_RTT                              0x200004d0   Data         120  segger_rtt.o(.bss)
    STACK$$Base                              0x20000548   Number         0  arm_startup_nrf52.o(STACK)
    STACK$$Limit                             0x20002548   Number         0  arm_startup_nrf52.o(STACK)
    __initial_sp                             0x20002548   Data           0  arm_startup_nrf52.o(STACK)



==============================================================================

Memory Map of the image

  Image Entry point : 0x00000401

  Load Region LR_IROM1 (Base: 0x00000000, Size: 0x000036bc, Max: 0x00080000, ABSOLUTE)

    Execution Region ER_IROM1 (Base: 0x00000000, Size: 0x000035e8, Max: 0x00080000, ABSOLUTE)

    Base Addr    Size         Type   Attr      Idx    E Section Name        Object

    0x00000000   0x00000400   Data   RO         5898    RESET               arm_startup_nrf52.o
    0x00000400   0x00000000   Code   RO         5939  * .ARM.Collect$$$$00000000  mc_w.l(entry.o)
    0x00000400   0x00000004   Code   RO         6241    .ARM.Collect$$$$00000001  mc_w.l(entry2.o)
    0x00000404   0x00000004   Code   RO         6244    .ARM.Collect$$$$00000004  mc_w.l(entry5.o)
    0x00000408   0x00000000   Code   RO         6246    .ARM.Collect$$$$00000008  mc_w.l(entry7b.o)
    0x00000408   0x00000000   Code   RO         6248    .ARM.Collect$$$$0000000A  mc_w.l(entry8b.o)
    0x00000408   0x00000008   Code   RO         6249    .ARM.Collect$$$$0000000B  mc_w.l(entry9a.o)
    0x00000410   0x00000000   Code   RO         6251    .ARM.Collect$$$$0000000D  mc_w.l(entry10a.o)
    0x00000410   0x00000000   Code   RO         6253    .ARM.Collect$$$$0000000F  mc_w.l(entry11a.o)
    0x00000410   0x00000004   Code   RO         6242    .ARM.Collect$$$$00002712  mc_w.l(entry2.o)
    0x00000414   0x00000034   Code   RO         4590    .emb_text           hardfault_handler_keil.o
    0x00000448   0x00000024   Code   RO         5899    .text               arm_startup_nrf52.o
    0x0000046c   0x00000008   Code   RO         5942    .text               mc_w.l(ctype_o.o)
    0x00000474   0x00000024   Code   RO         5970    .text               mc_w.l(memcpya.o)
    0x00000498   0x0000000e   Code   RO         5974    .text               mc_w.l(strlen.o)
    0x000004a6   0x00000012   Code   RO         5976    .text               mc_w.l(strcpy.o)
    0x000004b8   0x00000062   Code   RO         6260    .text               mc_w.l(uldiv.o)
    0x0000051a   0x00000002   PAD
    0x0000051c   0x00000024   Code   RO         6273    .text               mc_w.l(init.o)
    0x00000540   0x0000001e   Code   RO         6276    .text               mc_w.l(llshl.o)
    0x0000055e   0x00000020   Code   RO         6278    .text               mc_w.l(llushr.o)
    0x0000057e   0x00000002   PAD
    0x00000580   0x0000000c   Code   RO         1009    i.COMP_LPCOMP_IRQHandler  nrf_drv_common.o
    0x0000058c   0x00000174   Code   RO         1206    i.GPIOTE_IRQHandler  nrf_drv_gpiote.o
    0x00000700   0x00000038   Code   RO         4612    i.HardFault_c_handler  hardfault_implementation.o
    0x00000738   0x00000024   Code   RO         4613    i.HardFault_process  hardfault_implementation.o
    0x0000075c   0x000000d8   Code   RO         1449    i.I2S_IRQHandler    nrf_drv_i2s.o
    0x00000834   0x00000016   Code   RO         4194    i.NVIC_ClearPendingIRQ  app_timer.o
    0x0000084a   0x00000016   Code   RO         4195    i.NVIC_EnableIRQ    app_timer.o
    0x00000860   0x00000016   Code   RO         4196    i.NVIC_SetPendingIRQ  app_timer.o
    0x00000876   0x00000002   PAD
    0x00000878   0x00000080   Code   RO         1616    i.PDM_IRQHandler    nrf_drv_pdm.o
    0x000008f8   0x0000000e   Code   RO         1010    i.POWER_CLOCK_IRQHandler  nrf_drv_common.o
    0x00000906   0x00000002   PAD
    0x00000908   0x00000010   Code   RO         1925    i.PWM0_IRQHandler   nrf_drv_pwm.o
    0x00000918   0x00000010   Code   RO         1926    i.PWM1_IRQHandler   nrf_drv_pwm.o
    0x00000928   0x00000010   Code   RO         1927    i.PWM2_IRQHandler   nrf_drv_pwm.o
    0x00000938   0x000000bc   Code   RO         2048    i.QDEC_IRQHandler   nrf_drv_qdec.o
    0x000009f4   0x00000050   Code   RO         2132    i.RNG_IRQHandler    nrf_drv_rng.o
    0x00000a44   0x00000010   Code   RO         2212    i.RTC0_IRQHandler   nrf_drv_rtc.o
    0x00000a54   0x00000024   Code   RO         4198    i.RTC1_IRQHandler   app_timer.o
    0x00000a78   0x00000010   Code   RO         2213    i.RTC2_IRQHandler   nrf_drv_rtc.o
    0x00000a88   0x00000158   Code   RO         2329    i.SAADC_IRQHandler  nrf_drv_saadc.o
    0x00000be0   0x00000014   Code   RO         5750    i.SEGGER_RTT_Init   segger_rtt.o
    0x00000bf4   0x0000005c   Code   RO         5759    i.SEGGER_RTT_WriteNoLock  segger_rtt.o
    0x00000c50   0x0000000c   Code   RO         1011    i.SPIM0_SPIS0_TWIM0_TWIS0_SPI0_TWI0_IRQHandler  nrf_drv_common.o
    0x00000c5c   0x0000000c   Code   RO         1012    i.SPIM1_SPIS1_TWIM1_TWIS1_SPI1_TWI1_IRQHandler  nrf_drv_common.o
    0x00000c68   0x0000000c   Code   RO         1013    i.SPIM2_SPIS2_SPI2_IRQHandler  nrf_drv_common.o
    0x00000c74   0x00000004   Code   RO         4199    i.SWI0_EGU0_IRQHandler  app_timer.o
    0x00000c78   0x00000010   Code   RO         2688    i.SWI1_EGU1_IRQHandler  nrf_drv_swi.o
    0x00000c88   0x00000010   Code   RO         2689    i.SWI2_EGU2_IRQHandler  nrf_drv_swi.o
    0x00000c98   0x00000010   Code   RO         2690    i.SWI3_EGU3_IRQHandler  nrf_drv_swi.o
    0x00000ca8   0x00000010   Code   RO         2691    i.SWI4_EGU4_IRQHandler  nrf_drv_swi.o
    0x00000cb8   0x00000010   Code   RO         2692    i.SWI5_EGU5_IRQHandler  nrf_drv_swi.o
    0x00000cc8   0x0000029c   Code   RO         5907    i.SystemInit        system_nrf52.o
    0x00000f64   0x00000014   Code   RO         2790    i.TIMER0_IRQHandler  nrf_drv_timer.o
    0x00000f78   0x00000014   Code   RO         2791    i.TIMER1_IRQHandler  nrf_drv_timer.o
    0x00000f8c   0x00000014   Code   RO         2792    i.TIMER2_IRQHandler  nrf_drv_timer.o
    0x00000fa0   0x00000014   Code   RO         2793    i.TIMER3_IRQHandler  nrf_drv_timer.o
    0x00000fb4   0x00000014   Code   RO         2794    i.TIMER4_IRQHandler  nrf_drv_timer.o
    0x00000fc8   0x0000001c   Code   RO         3293    i.UARTE0_UART0_IRQHandler  nrf_drv_uart.o
    0x00000fe4   0x00000034   Code   RO         3521    i.WDT_IRQHandler    nrf_drv_wdt.o
    0x00001018   0x00000068   Code   RO         5762    i._DoInit           segger_rtt.o
    0x00001080   0x00000016   Code   RO         5763    i._GetAvailWriteSpace  segger_rtt.o
    0x00001096   0x0000005a   Code   RO         5765    i._WriteBlocking    segger_rtt.o
    0x000010f0   0x0000003e   Code   RO         5766    i._WriteNoCheck     segger_rtt.o
    0x0000112e   0x00000002   PAD
    0x00001130   0x00000030   Code   RO         6188    i.__0snprintf$8     mc_w.l(printf8.o)
    0x00001160   0x0000000e   Code   RO         6287    i.__scatterload_copy  mc_w.l(handlers.o)
    0x0000116e   0x00000002   Code   RO         6288    i.__scatterload_null  mc_w.l(handlers.o)
    0x00001170   0x0000000e   Code   RO         6289    i.__scatterload_zeroinit  mc_w.l(handlers.o)
    0x0000117e   0x00000002   PAD
    0x00001180   0x00000410   Code   RO         6194    i._printf_core      mc_w.l(printf8.o)
    0x00001590   0x00000024   Code   RO         6195    i._printf_post_padding  mc_w.l(printf8.o)
    0x000015b4   0x0000002e   Code   RO         6196    i._printf_pre_padding  mc_w.l(printf8.o)
    0x000015e2   0x00000016   Code   RO         6197    i._snputc           mc_w.l(printf8.o)
    0x000015f8   0x00000044   Code   RO         3820    i.app_error_fault_handler  app_error_weak.o
    0x0000163c   0x00000016   Code   RO         3781    i.app_error_handler_bare  app_error.o
    0x00001652   0x00000004   Code   RO         4493    i.app_util_critical_region_enter  app_util_platform.o
    0x00001656   0x00000004   Code   RO         4494    i.app_util_critical_region_exit  app_util_platform.o
    0x0000165a   0x00000002   PAD
    0x0000165c   0x00000010   Code   RO         4495    i.app_util_disable_irq  app_util_platform.o
    0x0000166c   0x00000014   Code   RO         4496    i.app_util_enable_irq  app_util_platform.o
    0x00001680   0x00000012   Code   RO         5533    i.buf_len_update    nrf_log_backend_serial.o
    0x00001692   0x00000002   PAD
    0x00001694   0x0000001c   Code   RO         1207    i.channel_free      nrf_drv_gpiote.o
    0x000016b0   0x00000048   Code   RO         1208    i.channel_port_alloc  nrf_drv_gpiote.o
    0x000016f8   0x00000010   Code   RO         1209    i.channel_port_get  nrf_drv_gpiote.o
    0x00001708   0x00000028   Code   RO          854    i.clock_clk_started_notify  nrf_drv_clock.o
    0x00001730   0x000000ac   Code   RO         4207    i.compare_reg_update  app_timer.o
    0x000017dc   0x00000118   Code   RO            4    i.compute_trajectory  main.o
    0x000018f4   0x00000066   Code   RO         1928    i.configure_pins    nrf_drv_pwm.o
    0x0000195a   0x00000002   PAD
    0x0000195c   0x00000024   Code   RO            5    i.control_algorithm_handler  main.o
    0x00001980   0x00000040   Code   RO         4208    i.elapsed_ticks_acquire  app_timer.o
    0x000019c0   0x0000009e   Code   RO         1929    i.irq_handler       nrf_drv_pwm.o
    0x00001a5e   0x00000042   Code   RO         2795    i.irq_handler       nrf_drv_timer.o
    0x00001aa0   0x00000018   Code   RO         1775    i.is_allocated_channel  nrf_drv_ppi.o
    0x00001ab8   0x0000000c   Code   RO         1778    i.is_programmable_app_channel  nrf_drv_ppi.o
    0x00001ac4   0x000000a8   Code   RO         4209    i.list_deletions_handler  app_timer.o
    0x00001b6c   0x000000b8   Code   RO         4210    i.list_insertions_handler  app_timer.o
    0x00001c24   0x00000054   Code   RO            6    i.main              main.o
    0x00001c78   0x0000004a   Code   RO          314    i.motor_logic       motor.o
    0x00001cc2   0x00000002   PAD
    0x00001cc4   0x00000070   Code   RO          315    i.motor_pwm_init    motor.o
    0x00001d34   0x00000020   Code   RO          316    i.motor_start_pwm   motor.o
    0x00001d54   0x00000010   Code   RO         1210    i.nrf_bitmask_bit_is_set  nrf_drv_gpiote.o
    0x00001d64   0x0000000e   Code   RO          858    i.nrf_clock_event_check  nrf_drv_clock.o
    0x00001d72   0x00000010   Code   RO          859    i.nrf_clock_event_clear  nrf_drv_clock.o
    0x00001d82   0x00000002   PAD
    0x00001d84   0x0000008c   Code   RO         4211    i.nrf_delay_us      app_timer.o
    0x00001e10   0x00000058   Code   RO          872    i.nrf_drv_clock_onIRQ  nrf_drv_clock.o
    0x00001e68   0x00000038   Code   RO         1017    i.nrf_drv_common_irq_enable  nrf_drv_common.o
    0x00001ea0   0x00000028   Code   RO         1213    i.nrf_drv_gpiote_in_event_addr_get  nrf_drv_gpiote.o
    0x00001ec8   0x000000a4   Code   RO         1215    i.nrf_drv_gpiote_in_event_enable  nrf_drv_gpiote.o
    0x00001f6c   0x000000b8   Code   RO         1216    i.nrf_drv_gpiote_in_init  nrf_drv_gpiote.o
    0x00002024   0x0000005c   Code   RO         1219    i.nrf_drv_gpiote_init  nrf_drv_gpiote.o
    0x00002080   0x00000014   Code   RO         1220    i.nrf_drv_gpiote_is_init  nrf_drv_gpiote.o
    0x00002094   0x00000054   Code   RO         1695    i.nrf_drv_power_onIRQ  nrf_drv_power.o
    0x000020e8   0x00000060   Code   RO         1779    i.nrf_drv_ppi_channel_alloc  nrf_drv_ppi.o
    0x00002148   0x00000044   Code   RO         1780    i.nrf_drv_ppi_channel_assign  nrf_drv_ppi.o
    0x0000218c   0x00000028   Code   RO         1782    i.nrf_drv_ppi_channel_enable  nrf_drv_ppi.o
    0x000021b4   0x00000018   Code   RO         1791    i.nrf_drv_ppi_init  nrf_drv_ppi.o
    0x000021cc   0x000000a0   Code   RO         1931    i.nrf_drv_pwm_init  nrf_drv_pwm.o
    0x0000226c   0x00000070   Code   RO         1933    i.nrf_drv_pwm_simple_playback  nrf_drv_pwm.o
    0x000022dc   0x00000014   Code   RO         2138    i.nrf_drv_rng_stop  nrf_drv_rng.o
    0x000022f0   0x000000a0   Code   RO         2219    i.nrf_drv_rtc_int_handler  nrf_drv_rtc.o
    0x00002390   0x00000020   Code   RO         2697    i.nrf_drv_swi_process  nrf_drv_swi.o
    0x000023b0   0x00000022   Code   RO         2798    i.nrf_drv_timer_compare  nrf_drv_timer.o
    0x000023d2   0x00000002   PAD
    0x000023d4   0x0000001c   Code   RO         2802    i.nrf_drv_timer_enable  nrf_drv_timer.o
    0x000023f0   0x0000002a   Code   RO         2803    i.nrf_drv_timer_extended_compare  nrf_drv_timer.o
    0x0000241a   0x00000002   PAD
    0x0000241c   0x00000090   Code   RO         2805    i.nrf_drv_timer_init  nrf_drv_timer.o
    0x000024ac   0x00000024   Code   RO         1234    i.nrf_gpio_cfg      nrf_drv_gpiote.o
    0x000024d0   0x00000010   Code   RO          317    i.nrf_gpio_cfg_output  motor.o
    0x000024e0   0x00000022   Code   RO         1236    i.nrf_gpio_cfg_sense_set  nrf_drv_gpiote.o
    0x00002502   0x0000000e   Code   RO          318    i.nrf_gpio_pin_clear  motor.o
    0x00002510   0x0000000e   Code   RO          319    i.nrf_gpio_pin_set  motor.o
    0x0000251e   0x00000002   PAD
    0x00002520   0x00000028   Code   RO         1237    i.nrf_gpio_ports_read  nrf_drv_gpiote.o
    0x00002548   0x00000014   Code   RO         1238    i.nrf_gpiote_event_clear  nrf_drv_gpiote.o
    0x0000255c   0x00000010   Code   RO         1239    i.nrf_gpiote_event_is_set  nrf_drv_gpiote.o
    0x0000256c   0x0000000a   Code   RO         1459    i.nrf_i2s_event_check  nrf_drv_i2s.o
    0x00002576   0x0000000c   Code   RO         1460    i.nrf_i2s_event_clear  nrf_drv_i2s.o
    0x00002582   0x00000002   PAD
    0x00002584   0x00000008   Code   RO         5535    i.nrf_log_backend_hexdump_handler_get  nrf_log_backend_serial.o
    0x0000258c   0x00000024   Code   RO         5536    i.nrf_log_backend_init  nrf_log_backend_serial.o
    0x000025b0   0x0000011c   Code   RO         5537    i.nrf_log_backend_serial_hexdump_handler  nrf_log_backend_serial.o
    0x000026cc   0x00000108   Code   RO         5538    i.nrf_log_backend_serial_std_handler  nrf_log_backend_serial.o
    0x000027d4   0x00000008   Code   RO         5539    i.nrf_log_backend_std_handler_get  nrf_log_backend_serial.o
    0x000027dc   0x00000018   Code   RO         5625    i.nrf_log_direct_feed  nrf_log_frontend.o
    0x000027f4   0x00000008   Code   RO         5629    i.nrf_log_frontend_std_0  nrf_log_frontend.o
    0x000027fc   0x0000000e   Code   RO         5630    i.nrf_log_frontend_std_1  nrf_log_frontend.o
    0x0000280a   0x00000014   Code   RO         5633    i.nrf_log_frontend_std_4  nrf_log_frontend.o
    0x0000281e   0x00000002   PAD
    0x00002820   0x0000000c   Code   RO         5637    i.nrf_log_handlers_set  nrf_log_frontend.o
    0x0000282c   0x00000022   Code   RO         5638    i.nrf_log_init      nrf_log_frontend.o
    0x0000284e   0x00000002   PAD
    0x00002850   0x00000010   Code   RO         1622    i.nrf_pdm_event_check  nrf_drv_pdm.o
    0x00002860   0x00000014   Code   RO         1623    i.nrf_pdm_event_clear  nrf_drv_pdm.o
    0x00002874   0x00000014   Code   RO         1701    i.nrf_power_event_get_and_clear  nrf_drv_power.o
    0x00002888   0x0000000a   Code   RO         1936    i.nrf_pwm_event_check  nrf_drv_pwm.o
    0x00002892   0x0000000c   Code   RO         1937    i.nrf_pwm_event_clear  nrf_drv_pwm.o
    0x0000289e   0x0000000c   Code   RO         1938    i.nrf_pwm_int_enable_check  nrf_drv_pwm.o
    0x000028aa   0x0000001e   Code   RO         1939    i.nrf_pwm_sequence_set  nrf_drv_pwm.o
    0x000028c8   0x0000001e   Code   RO         5387    i.nrf_queue_is_full  nrf_queue.o
    0x000028e6   0x0000000e   Code   RO         5388    i.nrf_queue_next_idx  nrf_queue.o
    0x000028f4   0x000000ac   Code   RO         5390    i.nrf_queue_push    nrf_queue.o
    0x000029a0   0x0000000c   Code   RO         2226    i.nrf_rtc_event_clear  nrf_drv_rtc.o
    0x000029ac   0x00000010   Code   RO         2342    i.nrf_saadc_buffer_init  nrf_drv_saadc.o
    0x000029bc   0x00000010   Code   RO         2344    i.nrf_saadc_event_check  nrf_drv_saadc.o
    0x000029cc   0x00000014   Code   RO         2345    i.nrf_saadc_event_clear  nrf_drv_saadc.o
    0x000029e0   0x0000000a   Code   RO         3315    i.nrf_uart_event_check  nrf_drv_uart.o
    0x000029ea   0x0000000c   Code   RO         3316    i.nrf_uart_event_clear  nrf_drv_uart.o
    0x000029f6   0x0000000c   Code   RO         3317    i.nrf_uart_int_enable_check  nrf_drv_uart.o
    0x00002a02   0x0000000a   Code   RO         3318    i.nrf_uarte_event_check  nrf_drv_uart.o
    0x00002a0c   0x0000000c   Code   RO         3319    i.nrf_uarte_event_clear  nrf_drv_uart.o
    0x00002a18   0x00000018   Code   RO         1240    i.pin_in_use_by_port  nrf_drv_gpiote.o
    0x00002a30   0x00000018   Code   RO         1241    i.pin_in_use_by_te  nrf_drv_gpiote.o
    0x00002a48   0x00000002   Code   RO          320    i.pwm_event_handler  motor.o
    0x00002a4a   0x00000016   Code   RO         5396    i.queue_utilization_get  nrf_queue.o
    0x00002a60   0x00000098   Code   RO          200    i.rc_get_high_flank  rc_pwm.o
    0x00002af8   0x000000a8   Code   RO          201    i.rc_get_low_flank  rc_pwm.o
    0x00002ba0   0x00000068   Code   RO          202    i.rc_get_values     rc_pwm.o
    0x00002c08   0x00000098   Code   RO          203    i.rc_gpiote_init    rc_pwm.o
    0x00002ca0   0x0000004c   Code   RO          204    i.rc_init           rc_pwm.o
    0x00002cec   0x000000b4   Code   RO          205    i.rc_pin_event_handler  rc_pwm.o
    0x00002da0   0x00000128   Code   RO          206    i.rc_ppi_init       rc_pwm.o
    0x00002ec8   0x000000a4   Code   RO          207    i.rc_timer_init     rc_pwm.o
    0x00002f6c   0x00000002   Code   RO          208    i.rct_event_handler  rc_pwm.o
    0x00002f6e   0x00000002   PAD
    0x00002f70   0x0000003c   Code   RO         4212    i.rtc1_stop         app_timer.o
    0x00002fac   0x00000032   Code   RO         3321    i.rx_byte           nrf_drv_uart.o
    0x00002fde   0x00000018   Code   RO         3322    i.rx_done_event     nrf_drv_uart.o
    0x00002ff6   0x0000002e   Code   RO         5540    i.serial_tx         nrf_log_backend_serial.o
    0x00003024   0x00000038   Code   RO          321    i.set_motor         motor.o
    0x0000305c   0x0000003e   Code   RO         1940    i.start_playback    nrf_drv_pwm.o
    0x0000309a   0x00000002   PAD
    0x0000309c   0x0000000c   Code   RO            7    i.timer_event_handler  main.o
    0x000030a8   0x00000088   Code   RO            8    i.timer_init        main.o
    0x00003130   0x0000008c   Code   RO         4213    i.timer_list_handler  app_timer.o
    0x000031bc   0x0000003c   Code   RO         4214    i.timer_list_insert  app_timer.o
    0x000031f8   0x00000084   Code   RO         4216    i.timer_timeouts_check  app_timer.o
    0x0000327c   0x00000034   Code   RO         5541    i.timestamp_process  nrf_log_backend_serial.o
    0x000032b0   0x00000020   Code   RO         3324    i.tx_byte           nrf_drv_uart.o
    0x000032d0   0x0000001c   Code   RO         3325    i.tx_done_event     nrf_drv_uart.o
    0x000032ec   0x0000011e   Code   RO         3326    i.uart_irq_handler  nrf_drv_uart.o
    0x0000340a   0x000000f0   Code   RO         3327    i.uarte_irq_handler  nrf_drv_uart.o
    0x000034fa   0x00000002   PAD
    0x000034fc   0x00000008   Data   RO           10    .constdata          main.o
    0x00003504   0x00000004   Data   RO          210    .constdata          rc_pwm.o
    0x00003508   0x0000001c   Data   RO          322    .constdata          motor.o
    0x00003524   0x00000004   Data   RO         1243    .constdata          nrf_drv_gpiote.o
    0x00003528   0x00000018   Data   RO         2142    .constdata          nrf_drv_rng.o
    0x00003540   0x00000081   Data   RO         5943    .constdata          mc_w.l(ctype_o.o)
    0x000035c1   0x00000003   PAD
    0x000035c4   0x00000004   Data   RO         5944    .constdata          mc_w.l(ctype_o.o)
    0x000035c8   0x00000020   Data   RO         6285    Region$$Table       anon$$obj.o


    Execution Region RW_IRAM1 (Base: 0x20000000, Size: 0x00002548, Max: 0x00010000, ABSOLUTE)

    Base Addr    Size         Type   Attr      Idx    E Section Name        Object

    0x20000000   0x0000000c   Data   RW           11    .data               main.o
    0x2000000c   0x00000034   Data   RW          211    .data               rc_pwm.o
    0x20000040   0x00000010   Data   RW          323    .data               motor.o
    0x20000050   0x00000020   Data   RW         1023    .data               nrf_drv_common.o
    0x20000070   0x0000000c   Data   RW         1703    .data               nrf_drv_power.o
    0x2000007c   0x00000008   Data   RW         1807    .data               nrf_drv_ppi.o
    0x20000084   0x00000008   Data   RW         2059    .data               nrf_drv_qdec.o
    0x2000008c   0x00000010   Data   RW         2230    .data               nrf_drv_rtc.o
    0x2000009c   0x0000000c   Data   RW         3530    .data               nrf_drv_wdt.o
    0x200000a8   0x00000020   Data   RW         4218    .data               app_timer.o
    0x200000c8   0x00000004   Data   RW         4497    .data               app_util_platform.o
    0x200000cc   0x00000002   Data   RW         5543    .data               nrf_log_backend_serial.o
    0x200000ce   0x00000002   PAD
    0x200000d0   0x00000004   Data   RW         5908    .data               system_nrf52.o
    0x200000d4   0x0000001c   Zero   RW            9    .bss                main.o
    0x200000f0   0x00000030   Zero   RW          209    .bss                rc_pwm.o
    0x20000120   0x00000014   Zero   RW          874    .bss                nrf_drv_clock.o
    0x20000134   0x00000058   Zero   RW         1242    .bss                nrf_drv_gpiote.o
    0x2000018c   0x00000010   Zero   RW         1461    .bss                nrf_drv_i2s.o
    0x2000019c   0x00000014   Zero   RW         1624    .bss                nrf_drv_pdm.o
    0x200001b0   0x00000018   Zero   RW         1941    .bss                nrf_drv_pwm.o
    0x200001c8   0x00000021   Zero   RW         2140    .bss                nrf_drv_rng.o
    0x200001e9   0x00000003   PAD
    0x200001ec   0x0000000c   Zero   RW         2141    .bss                nrf_drv_rng.o
    0x200001f8   0x00000030   Zero   RW         2347    .bss                nrf_drv_saadc.o
    0x20000228   0x0000001e   Zero   RW         2700    .bss                nrf_drv_swi.o
    0x20000246   0x00000002   PAD
    0x20000248   0x0000003c   Zero   RW         2809    .bss                nrf_drv_timer.o
    0x20000284   0x00000020   Zero   RW         3328    .bss                nrf_drv_uart.o
    0x200002a4   0x0000001c   Zero   RW         5640    .bss                nrf_log_frontend.o
    0x200002c0   0x00000288   Zero   RW         5767    .bss                segger_rtt.o
    0x20000548   0x00002000   Zero   RW         5896    STACK               arm_startup_nrf52.o


==============================================================================

Image component sizes


      Code (inc. data)   RO Data    RW Data    ZI Data      Debug   Object Name

        22          0          0          0          0       2013   app_error.o
        68         34          0          0          0      27249   app_error_weak.o
      1226         76          0         32          0      40140   app_timer.o
        44         10          0          4          0       2652   app_util_platform.o
        36          8       1024          0       8192        856   arm_startup_nrf52.o
         0          0          0          0          0       1628   bsp.o
        52         14          0          0          0        544   hardfault_handler_keil.o
        92         48          0          0          0       2438   hardfault_implementation.o
       548        146          8         12         28      52494   main.o
       320         52         28         16          0      15813   motor.o
       158         10          0          0         20       8686   nrf_drv_clock.o
       118         24          0         32          0      33237   nrf_drv_common.o
      1198         88          4          0         88      27480   nrf_drv_gpiote.o
       238         10          0          0         16       9840   nrf_drv_i2s.o
       164         16          0          0         20       6629   nrf_drv_pdm.o
       104          6          0         12          0       9635   nrf_drv_power.o
       264         28          0          8          0      10709   nrf_drv_ppi.o
       706         36          0          0         24      18455   nrf_drv_pwm.o
       188         16          0          8          0       7461   nrf_drv_qdec.o
       100         24         24          0         45       9552   nrf_drv_rng.o
       204         18          0         16          0       8396   nrf_drv_rtc.o
       396         22          0          0         48      12091   nrf_drv_saadc.o
       112         34          0          0         30       5867   nrf_drv_swi.o
       414         60          0          0         60      16143   nrf_drv_timer.o
       744          8          0          0         32      22288   nrf_drv_uart.o
        52         14          0         12          0       4829   nrf_drv_wdt.o
       716         30          0          2          0       8703   nrf_log_backend_serial.o
       112          8          0          0         28       6623   nrf_log_frontend.o
       238          0          0          0          0       7767   nrf_queue.o
      1294        276          4         52         48      24153   rc_pwm.o
       390         40          0          0        648       7533   segger_rtt.o
       668         58          0          4          0       2527   system_nrf52.o

    ----------------------------------------------------------------------
     11020       1214       1124        212       9332     414431   Object Totals
         0          0         32          0          0          0   (incl. Generated)
        34          0          0          2          5          0   (incl. Padding)

    ----------------------------------------------------------------------

      Code (inc. data)   RO Data    RW Data    ZI Data      Debug   Library Member Name

         8          4        133          0          0         68   ctype_o.o
         0          0          0          0          0          0   entry.o
         0          0          0          0          0          0   entry10a.o
         0          0          0          0          0          0   entry11a.o
         8          4          0          0          0          0   entry2.o
         4          0          0          0          0          0   entry5.o
         0          0          0          0          0          0   entry7b.o
         0          0          0          0          0          0   entry8b.o
         8          4          0          0          0          0   entry9a.o
        30          0          0          0          0          0   handlers.o
        36          8          0          0          0         68   init.o
        30          0          0          0          0         68   llshl.o
        32          0          0          0          0         68   llushr.o
        36          0          0          0          0         68   memcpya.o
      1192         48          0          0          0        420   printf8.o
        18          0          0          0          0         68   strcpy.o
        14          0          0          0          0         68   strlen.o
        98          0          0          0          0         92   uldiv.o

    ----------------------------------------------------------------------
      1520         68        136          0          0        988   Library Totals
         6          0          3          0          0          0   (incl. Padding)

    ----------------------------------------------------------------------

      Code (inc. data)   RO Data    RW Data    ZI Data      Debug   Library Name

      1514         68        133          0          0        988   mc_w.l

    ----------------------------------------------------------------------
      1520         68        136          0          0        988   Library Totals

    ----------------------------------------------------------------------

==============================================================================


      Code (inc. data)   RO Data    RW Data    ZI Data      Debug   

     12540       1282       1260        212       9332     399907   Grand Totals
     12540       1282       1260        212       9332     399907   ELF Image Totals
     12540       1282       1260        212          0          0   ROM Totals

==============================================================================

    Total RO  Size (Code + RO Data)                13800 (  13.48kB)
    Total RW  Size (RW Data + ZI Data)              9544 (   9.32kB)
    Total ROM Size (Code + RO Data + RW Data)      14012 (  13.68kB)

==============================================================================

