Component: ARM Compiler 5.06 update 4 (build 422) Tool: armlink [4d35d2]

==============================================================================

Section Cross References

    main.o(i.main) refers to nrf_log_frontend.o(i.nrf_log_init) for nrf_log_init
    main.o(i.main) refers to nrf_log_frontend.o(i.nrf_log_frontend_std_0) for nrf_log_frontend_std_0
    main.o(i.main) refers to rc_pwm.o(i.rc_init) for rc_init
    main.o(i.main) refers to motor.o(i.motor_pwm_init) for motor_pwm_init
    main.o(i.main) refers to main.o(i.timer_init) for timer_init
    main.o(i.timer_event_handler) refers to rc_pwm.o(i.rc_get_values) for rc_get_values
    main.o(i.timer_event_handler) refers to main.o(i.compute_trajectory) for compute_trajectory
    main.o(i.timer_event_handler) refers to motor.o(i.set_motor) for set_motor
    main.o(i.timer_event_handler) refers to main.o(.bss) for channel_values
    main.o(i.timer_init) refers to nrf_drv_timer.o(i.nrf_drv_timer_init) for nrf_drv_timer_init
    main.o(i.timer_init) refers to app_error.o(i.app_error_handler_bare) for app_error_handler_bare
    main.o(i.timer_init) refers to nrf_drv_timer.o(i.nrf_drv_timer_extended_compare) for nrf_drv_timer_extended_compare
    main.o(i.timer_init) refers to nrf_drv_timer.o(i.nrf_drv_timer_enable) for nrf_drv_timer_enable
    main.o(i.timer_init) refers to nrf_log_frontend.o(i.nrf_log_frontend_std_0) for nrf_log_frontend_std_0
    main.o(i.timer_init) refers to main.o(i.timer_event_handler) for timer_event_handler
    main.o(i.timer_init) refers to main.o(.data) for timer_cfg
    main.o(i.timer_init) refers to main.o(.constdata) for application_timer
    motor.o(i.motor_logic) refers to motor.o(i.nrf_gpio_pin_set) for nrf_gpio_pin_set
    motor.o(i.motor_logic) refers to motor.o(i.nrf_gpio_pin_clear) for nrf_gpio_pin_clear
    motor.o(i.motor_pwm_init) refers to motor.o(i.nrf_gpio_cfg_output) for nrf_gpio_cfg_output
    motor.o(i.motor_pwm_init) refers to nrf_drv_pwm.o(i.nrf_drv_pwm_init) for nrf_drv_pwm_init
    motor.o(i.motor_pwm_init) refers to app_error.o(i.app_error_handler_bare) for app_error_handler_bare
    motor.o(i.motor_pwm_init) refers to nrf_log_frontend.o(i.nrf_log_frontend_std_0) for nrf_log_frontend_std_0
    motor.o(i.motor_pwm_init) refers to motor.o(.constdata) for .constdata
    motor.o(i.motor_pwm_init) refers to motor.o(i.pwm_event_handler) for pwm_event_handler
    motor.o(i.motor_pwm_init) refers to motor.o(.data) for motor_pwm
    motor.o(i.motor_start_pwm) refers to nrf_drv_pwm.o(i.nrf_drv_pwm_simple_playback) for nrf_drv_pwm_simple_playback
    motor.o(i.motor_start_pwm) refers to motor.o(.constdata) for .constdata
    motor.o(i.motor_start_pwm) refers to motor.o(.data) for motor_pwm
    motor.o(i.set_motor) refers to motor.o(i.motor_logic) for motor_logic
    motor.o(i.set_motor) refers to motor.o(i.motor_start_pwm) for motor_start_pwm
    motor.o(i.set_motor) refers to motor.o(.data) for pwm_values
    motor.o(.constdata) refers to motor.o(.data) for pwm_values
    rc_pwm.o(i.rc_get_high_flank) refers to rc_pwm.o(.data) for us_per_tick
    rc_pwm.o(i.rc_get_high_flank) refers to rc_pwm.o(.bss) for channel
    rc_pwm.o(i.rc_get_low_flank) refers to rc_pwm.o(.data) for us_per_tick
    rc_pwm.o(i.rc_get_low_flank) refers to rc_pwm.o(.bss) for channel
    rc_pwm.o(i.rc_get_values) refers to rc_pwm.o(.bss) for channel
    rc_pwm.o(i.rc_gpiote_init) refers to nrf_drv_gpiote.o(i.nrf_drv_gpiote_is_init) for nrf_drv_gpiote_is_init
    rc_pwm.o(i.rc_gpiote_init) refers to nrf_drv_gpiote.o(i.nrf_drv_gpiote_init) for nrf_drv_gpiote_init
    rc_pwm.o(i.rc_gpiote_init) refers to app_error.o(i.app_error_handler_bare) for app_error_handler_bare
    rc_pwm.o(i.rc_gpiote_init) refers to nrf_drv_gpiote.o(i.nrf_drv_gpiote_in_init) for nrf_drv_gpiote_in_init
    rc_pwm.o(i.rc_gpiote_init) refers to nrf_log_frontend.o(i.nrf_log_frontend_std_0) for nrf_log_frontend_std_0
    rc_pwm.o(i.rc_gpiote_init) refers to rc_pwm.o(.constdata) for .constdata
    rc_pwm.o(i.rc_gpiote_init) refers to rc_pwm.o(i.rc_pin_event_handler) for rc_pin_event_handler
    rc_pwm.o(i.rc_init) refers to rc_pwm.o(i.rc_timer_init) for rc_timer_init
    rc_pwm.o(i.rc_init) refers to rc_pwm.o(i.rc_gpiote_init) for rc_gpiote_init
    rc_pwm.o(i.rc_init) refers to rc_pwm.o(i.rc_ppi_init) for rc_ppi_init
    rc_pwm.o(i.rc_init) refers to nrf_drv_gpiote.o(i.nrf_drv_gpiote_in_event_enable) for nrf_drv_gpiote_in_event_enable
    rc_pwm.o(i.rc_init) refers to nrf_log_frontend.o(i.nrf_log_frontend_std_0) for nrf_log_frontend_std_0
    rc_pwm.o(i.rc_pin_event_handler) refers to rc_pwm.o(i.rc_get_high_flank) for rc_get_high_flank
    rc_pwm.o(i.rc_pin_event_handler) refers to rc_pwm.o(i.rc_get_low_flank) for rc_get_low_flank
    rc_pwm.o(i.rc_pin_event_handler) refers to nrf_log_frontend.o(i.nrf_log_frontend_std_4) for nrf_log_frontend_std_4
    rc_pwm.o(i.rc_pin_event_handler) refers to rc_pwm.o(.data) for state1
[...]
    irq_handler                              0x00001fd7   Thumb Code    92  nrf_drv_timer.o(i.irq_handler)
    i.is_allocated_channel                   0x00002034   Section        0  nrf_drv_ppi.o(i.is_allocated_channel)
    is_allocated_channel                     0x00002035   Thumb Code    26  nrf_drv_ppi.o(i.is_allocated_channel)
    i.is_app_channel                         0x00002054   Section        0  nrf_drv_ppi.o(i.is_app_channel)
    is_app_channel                           0x00002055   Thumb Code    16  nrf_drv_ppi.o(i.is_app_channel)
    i.is_programmable_app_channel            0x00002064   Section        0  nrf_drv_ppi.o(i.is_programmable_app_channel)
    is_programmable_app_channel              0x00002065   Thumb Code    24  nrf_drv_ppi.o(i.is_programmable_app_channel)
    i.item_dequeue                           0x0000207c   Section        0  nrf_drv_clock.o(i.item_dequeue)
    item_dequeue                             0x0000207d   Thumb Code    12  nrf_drv_clock.o(i.item_dequeue)
    i.list_deletions_handler                 0x00002088   Section        0  app_timer.o(i.list_deletions_handler)
    list_deletions_handler                   0x00002089   Thumb Code   116  app_timer.o(i.list_deletions_handler)
    i.list_insertions_handler                0x00002104   Section        0  app_timer.o(i.list_insertions_handler)
    list_insertions_handler                  0x00002105   Thumb Code   228  app_timer.o(i.list_insertions_handler)
    i.main                                   0x000021fc   Section        0  main.o(i.main)
    i.motor_logic                            0x0000226c   Section        0  motor.o(i.motor_logic)
    i.motor_pwm_init                         0x00002298   Section        0  motor.o(i.motor_pwm_init)
    i.motor_start_pwm                        0x0000230c   Section        0  motor.o(i.motor_start_pwm)
    i.nrf_bitmask_bit_is_set                 0x0000232c   Section        0  nrf_drv_gpiote.o(i.nrf_bitmask_bit_is_set)
    nrf_bitmask_bit_is_set                   0x0000232d   Thumb Code    22  nrf_drv_gpiote.o(i.nrf_bitmask_bit_is_set)
    i.nrf_clock_event_check                  0x00002342   Section        0  nrf_drv_clock.o(i.nrf_clock_event_check)
    nrf_clock_event_check                    0x00002343   Thumb Code    18  nrf_drv_clock.o(i.nrf_clock_event_check)
    i.nrf_clock_event_clear                  0x00002354   Section        0  nrf_drv_clock.o(i.nrf_clock_event_clear)
    nrf_clock_event_clear                    0x00002355   Thumb Code    18  nrf_drv_clock.o(i.nrf_clock_event_clear)
    i.nrf_clock_int_disable                  0x00002368   Section        0  nrf_drv_clock.o(i.nrf_clock_int_disable)
    nrf_clock_int_disable                    0x00002369   Thumb Code     6  nrf_drv_clock.o(i.nrf_clock_int_disable)
    i.nrf_delay_us                           0x00002374   Section        0  app_timer.o(i.nrf_delay_us)
    nrf_delay_us                             0x00002375   Thumb Code   142  app_timer.o(i.nrf_delay_us)
    i.nrf_drv_clock_onIRQ                    0x0000240c   Section        0  nrf_drv_clock.o(i.nrf_drv_clock_onIRQ)
    i.nrf_drv_common_irq_enable              0x0000245c   Section        0  nrf_drv_common.o(i.nrf_drv_common_irq_enable)
    i.nrf_drv_get_IRQn                       0x000024bc   Section        0  nrf_drv_pwm.o(i.nrf_drv_get_IRQn)
    nrf_drv_get_IRQn                         0x000024bd   Thumb Code    10  nrf_drv_pwm.o(i.nrf_drv_get_IRQn)
    i.nrf_drv_get_IRQn                       0x000024c6   Section        0  nrf_drv_timer.o(i.nrf_drv_get_IRQn)
    nrf_drv_get_IRQn                         0x000024c7   Thumb Code    10  nrf_drv_timer.o(i.nrf_drv_get_IRQn)
    i.nrf_drv_gpiote_in_event_addr_get       0x000024d0   Section        0  nrf_drv_gpiote.o(i.nrf_drv_gpiote_in_event_addr_get)
    i.nrf_drv_gpiote_in_event_enable         0x000024f8   Section        0  nrf_drv_gpiote.o(i.nrf_drv_gpiote_in_event_enable)
    i.nrf_drv_gpiote_in_init                 0x000025a4   Section        0  nrf_drv_gpiote.o(i.nrf_drv_gpiote_in_init)
    i.nrf_drv_gpiote_init                    0x00002680   Section        0  nrf_drv_gpiote.o(i.nrf_drv_gpiote_init)
    i.nrf_drv_gpiote_is_init                 0x000026e0   Section        0  nrf_drv_gpiote.o(i.nrf_drv_gpiote_is_init)
    i.nrf_drv_power_onIRQ                    0x000026f4   Section        0  nrf_drv_power.o(i.nrf_drv_power_onIRQ)
    i.nrf_drv_ppi_channel_alloc              0x00002754   Section        0  nrf_drv_ppi.o(i.nrf_drv_ppi_channel_alloc)
    i.nrf_drv_ppi_channel_assign             0x000027c0   Section        0  nrf_drv_ppi.o(i.nrf_drv_ppi_channel_assign)
    i.nrf_drv_ppi_channel_enable             0x00002814   Section        0  nrf_drv_ppi.o(i.nrf_drv_ppi_channel_enable)
    i.nrf_drv_ppi_channel_to_mask            0x00002850   Section        0  nrf_drv_ppi.o(i.nrf_drv_ppi_channel_to_mask)
    nrf_drv_ppi_channel_to_mask              0x00002851   Thumb Code     8  nrf_drv_ppi.o(i.nrf_drv_ppi_channel_to_mask)
    i.nrf_drv_ppi_init                       0x00002858   Section        0  nrf_drv_ppi.o(i.nrf_drv_ppi_init)
    i.nrf_drv_pwm_init                       0x00002870   Section        0  nrf_drv_pwm.o(i.nrf_drv_pwm_init)
    i.nrf_drv_pwm_simple_playback            0x00002924   Section        0  nrf_drv_pwm.o(i.nrf_drv_pwm_simple_playback)
    i.nrf_drv_rng_stop                       0x000029a8   Section        0  nrf_drv_rng.o(i.nrf_drv_rng_stop)
    nrf_drv_rng_stop                         0x000029a9   Thumb Code    18  nrf_drv_rng.o(i.nrf_drv_rng_stop)
    i.nrf_drv_rtc_int_handler                0x000029c4   Section        0  nrf_drv_rtc.o(i.nrf_drv_rtc_int_handler)
    nrf_drv_rtc_int_handler                  0x000029c5   Thumb Code   180  nrf_drv_rtc.o(i.nrf_drv_rtc_int_handler)
    i.nrf_drv_swi_process                    0x00002a7c   Section        0  nrf_drv_swi.o(i.nrf_drv_swi_process)
    nrf_drv_swi_process                      0x00002a7d   Thumb Code    40  nrf_drv_swi.o(i.nrf_drv_swi_process)
    i.nrf_drv_timer_compare                  0x00002aac   Section        0  nrf_drv_timer.o(i.nrf_drv_timer_compare)
    i.nrf_drv_timer_enable                   0x00002ae4   Section        0  nrf_drv_timer.o(i.nrf_drv_timer_enable)
    i.nrf_drv_timer_extended_compare         0x00002b08   Section        0  nrf_drv_timer.o(i.nrf_drv_timer_extended_compare)
    i.nrf_drv_timer_init                     0x00002b4c   Section        0  nrf_drv_timer.o(i.nrf_drv_timer_init)
    i.nrf_drv_timer_task_address_get         0x00002bf8   Section        0  rc_pwm.o(i.nrf_drv_timer_task_address_get)
    nrf_drv_timer_task_address_get           0x00002bf9   Thumb Code    10  rc_pwm.o(i.nrf_drv_timer_task_address_get)
    i.nrf_gpio_cfg                           0x00002c02   Section        0  nrf_drv_gpiote.o(i.nrf_gpio_cfg)
    nrf_gpio_cfg                             0x00002c03   Thumb Code    40  nrf_drv_gpiote.o(i.nrf_gpio_cfg)
    i.nrf_gpio_cfg_output                    0x00002c2a   Section        0  motor.o(i.nrf_gpio_cfg_output)
    nrf_gpio_cfg_output                      0x00002c2b   Thumb Code    48  motor.o(i.nrf_gpio_cfg_output)
    i.nrf_gpio_cfg_sense_set                 0x00002c5a   Section        0  nrf_drv_gpiote.o(i.nrf_gpio_cfg_sense_set)
    nrf_gpio_cfg_sense_set                   0x00002c5b   Thumb Code    50  nrf_drv_gpiote.o(i.nrf_gpio_cfg_sense_set)
    i.nrf_gpio_pin_clear                     0x00002c8c   Section        0  motor.o(i.nrf_gpio_pin_clear)
    nrf_gpio_pin_clear                       0x00002c8d   Thumb Code    22  motor.o(i.nrf_gpio_pin_clear)
    i.nrf_gpio_pin_read                      0x00002ca2   Section        0  nrf_drv_gpiote.o(i.nrf_gpio_pin_read)
    nrf_gpio_pin_read                        0x00002ca3   Thumb Code    24  nrf_drv_gpiote.o(i.nrf_gpio_pin_read)
    i.nrf_gpio_pin_set                       0x00002cba   Section        0  motor.o(i.nrf_gpio_pin_set)
    nrf_gpio_pin_set                         0x00002cbb   Thumb Code    22  motor.o(i.nrf_gpio_pin_set)
    i.nrf_gpio_ports_read                    0x00002cd0   Section        0  nrf_drv_gpiote.o(i.nrf_gpio_ports_read)
    nrf_gpio_ports_read                      0x00002cd1   Thumb Code    36  nrf_drv_gpiote.o(i.nrf_gpio_ports_read)
    i.nrf_gpiote_event_addr_get              0x00002cf8   Section        0  nrf_drv_gpiote.o(i.nrf_gpiote_event_addr_get)
    nrf_gpiote_event_addr_get                0x00002cf9   Thumb Code     8  nrf_drv_gpiote.o(i.nrf_gpiote_event_addr_get)
    i.nrf_gpiote_event_clear                 0x00002d04   Section        0  nrf_drv_gpiote.o(i.nrf_gpiote_event_clear)
    nrf_gpiote_event_clear                   0x00002d05   Thumb Code    28  nrf_drv_gpiote.o(i.nrf_gpiote_event_clear)
    i.nrf_gpiote_event_is_set                0x00002d20   Section        0  nrf_drv_gpiote.o(i.nrf_gpiote_event_is_set)
    nrf_gpiote_event_is_set                  0x00002d21   Thumb Code    22  nrf_drv_gpiote.o(i.nrf_gpiote_event_is_set)
    i.nrf_gpiote_int_enable                  0x00002d38   Section        0  nrf_drv_gpiote.o(i.nrf_gpiote_int_enable)
    nrf_gpiote_int_enable                    0x00002d39   Thumb Code     6  nrf_drv_gpiote.o(i.nrf_gpiote_int_enable)
    i.nrf_i2s_event_check                    0x00002d44   Section        0  nrf_drv_i2s.o(i.nrf_i2s_event_check)
    nrf_i2s_event_check                      0x00002d45   Thumb Code    14  nrf_drv_i2s.o(i.nrf_i2s_event_check)
    i.nrf_i2s_event_clear                    0x00002d52   Section        0  nrf_drv_i2s.o(i.nrf_i2s_event_clear)
    nrf_i2s_event_clear                      0x00002d53   Thumb Code    14  nrf_drv_i2s.o(i.nrf_i2s_event_clear)
    i.nrf_i2s_rx_buffer_set                  0x00002d60   Section        0  nrf_drv_i2s.o(i.nrf_i2s_rx_buffer_set)
    nrf_i2s_rx_buffer_set                    0x00002d61   Thumb Code     6  nrf_drv_i2s.o(i.nrf_i2s_rx_buffer_set)
    i.nrf_i2s_tx_buffer_set                  0x00002d66   Section        0  nrf_drv_i2s.o(i.nrf_i2s_tx_buffer_set)
    nrf_i2s_tx_buffer_set                    0x00002d67   Thumb Code     6  nrf_drv_i2s.o(i.nrf_i2s_tx_buffer_set)
    i.nrf_log_backend_hexdump_handler_get    0x00002d6c   Section        0  nrf_log_backend_serial.o(i.nrf_log_backend_hexdump_handler_get)
    i.nrf_log_backend_init                   0x00002d74   Section        0  nrf_log_backend_serial.o(i.nrf_log_backend_init)
    i.nrf_log_backend_serial_hexdump_handler 0x00002da4   Section        0  nrf_log_backend_serial.o(i.nrf_log_backend_serial_hexdump_handler)
    nrf_log_backend_serial_hexdump_handler   0x00002da5   Thumb Code   350  nrf_log_backend_serial.o(i.nrf_log_backend_serial_hexdump_handler)
    i.nrf_log_backend_serial_std_handler     0x00002f02   Section        0  nrf_log_backend_serial.o(i.nrf_log_backend_serial_std_handler)
    nrf_log_backend_serial_std_handler       0x00002f03   Thumb Code   386  nrf_log_backend_serial.o(i.nrf_log_backend_serial_std_handler)
    i.nrf_log_backend_std_handler_get        0x00003084   Section        0  nrf_log_backend_serial.o(i.nrf_log_backend_std_handler_get)
    i.nrf_log_direct_feed                    0x0000308c   Section        0  nrf_log_frontend.o(i.nrf_log_direct_feed)
    nrf_log_direct_feed                      0x0000308d   Thumb Code    40  nrf_log_frontend.o(i.nrf_log_direct_feed)
    i.nrf_log_frontend_init                  0x000030b8   Section        0  nrf_log_frontend.o(i.nrf_log_frontend_init)
    i.nrf_log_frontend_std_0                 0x000030ca   Section        0  nrf_log_frontend.o(i.nrf_log_frontend_std_0)
    i.nrf_log_frontend_std_1                 0x000030de   Section        0  nrf_log_frontend.o(i.nrf_log_frontend_std_1)
    i.nrf_log_frontend_std_4                 0x000030f6   Section        0  nrf_log_frontend.o(i.nrf_log_frontend_std_4)
    i.nrf_log_handlers_set                   0x00003124   Section        0  nrf_log_frontend.o(i.nrf_log_handlers_set)
    i.nrf_log_init                           0x00003130   Section        0  nrf_log_frontend.o(i.nrf_log_init)
    i.nrf_pdm_buffer_set                     0x0000315c   Section        0  nrf_drv_pdm.o(i.nrf_pdm_buffer_set)
    nrf_pdm_buffer_set                       0x0000315d   Thumb Code    10  nrf_drv_pdm.o(i.nrf_pdm_buffer_set)
    i.nrf_pdm_event_check                    0x0000316c   Section        0  nrf_drv_pdm.o(i.nrf_pdm_event_check)
    nrf_pdm_event_check                      0x0000316d   Thumb Code    16  nrf_drv_pdm.o(i.nrf_pdm_event_check)
    i.nrf_pdm_event_clear                    0x00003180   Section        0  nrf_drv_pdm.o(i.nrf_pdm_event_clear)
    nrf_pdm_event_clear                      0x00003181   Thumb Code    18  nrf_drv_pdm.o(i.nrf_pdm_event_clear)
    i.nrf_power_event_get_and_clear          0x00003198   Section        0  nrf_drv_power.o(i.nrf_power_event_get_and_clear)
    nrf_power_event_get_and_clear            0x00003199   Thumb Code    46  nrf_drv_power.o(i.nrf_power_event_get_and_clear)
    i.nrf_pwm_event_check                    0x000031c6   Section        0  nrf_drv_pwm.o(i.nrf_pwm_event_check)
    nrf_pwm_event_check                      0x000031c7   Thumb Code    14  nrf_drv_pwm.o(i.nrf_pwm_event_check)
    i.nrf_pwm_event_clear                    0x000031d4   Section        0  nrf_drv_pwm.o(i.nrf_pwm_event_clear)
    nrf_pwm_event_clear                      0x000031d5   Thumb Code    14  nrf_drv_pwm.o(i.nrf_pwm_event_clear)
    i.nrf_pwm_int_enable_check               0x000031e2   Section        0  nrf_drv_pwm.o(i.nrf_pwm_int_enable_check)
    nrf_pwm_int_enable_check                 0x000031e3   Thumb Code    18  nrf_drv_pwm.o(i.nrf_pwm_int_enable_check)
    i.nrf_pwm_int_set                        0x000031f4   Section        0  nrf_drv_pwm.o(i.nrf_pwm_int_set)
    nrf_pwm_int_set                          0x000031f5   Thumb Code     6  nrf_drv_pwm.o(i.nrf_pwm_int_set)
    i.nrf_pwm_loop_set                       0x000031fa   Section        0  nrf_drv_pwm.o(i.nrf_pwm_loop_set)
    nrf_pwm_loop_set                         0x000031fb   Thumb Code     6  nrf_drv_pwm.o(i.nrf_pwm_loop_set)
    i.nrf_pwm_sequence_set                   0x00003200   Section        0  nrf_drv_pwm.o(i.nrf_pwm_sequence_set)
    nrf_pwm_sequence_set                     0x00003201   Thumb Code    60  nrf_drv_pwm.o(i.nrf_pwm_sequence_set)
    i.nrf_pwm_shorts_set                     0x0000323c   Section        0  nrf_drv_pwm.o(i.nrf_pwm_shorts_set)
    nrf_pwm_shorts_set                       0x0000323d   Thumb Code     6  nrf_drv_pwm.o(i.nrf_pwm_shorts_set)
    i.nrf_pwm_task_trigger                   0x00003242   Section        0  nrf_drv_pwm.o(i.nrf_pwm_task_trigger)
    nrf_pwm_task_trigger                     0x00003243   Thumb Code     6  nrf_drv_pwm.o(i.nrf_pwm_task_trigger)
    i.nrf_qdec_event_clear                   0x00003248   Section        0  nrf_drv_qdec.o(i.nrf_qdec_event_clear)
    nrf_qdec_event_clear                     0x00003249   Thumb Code    18  nrf_drv_qdec.o(i.nrf_qdec_event_clear)
    i.nrf_qdec_int_enable_check              0x00003260   Section        0  nrf_drv_qdec.o(i.nrf_qdec_int_enable_check)
    nrf_qdec_int_enable_check                0x00003261   Thumb Code    10  nrf_drv_qdec.o(i.nrf_qdec_int_enable_check)
    i.nrf_queue_is_full                      0x00003270   Section        0  nrf_queue.o(i.nrf_queue_is_full)
    i.nrf_queue_next_idx                     0x0000328e   Section        0  nrf_queue.o(i.nrf_queue_next_idx)
    nrf_queue_next_idx                       0x0000328f   Thumb Code    16  nrf_queue.o(i.nrf_queue_next_idx)
    i.nrf_queue_push                         0x0000329e   Section        0  nrf_queue.o(i.nrf_queue_push)
    i.nrf_rng_event_clear                    0x00003364   Section        0  nrf_drv_rng.o(i.nrf_rng_event_clear)
    nrf_rng_event_clear                      0x00003365   Thumb Code    18  nrf_drv_rng.o(i.nrf_rng_event_clear)
    i.nrf_rtc_event_clear                    0x0000337c   Section        0  nrf_drv_rtc.o(i.nrf_rtc_event_clear)
    nrf_rtc_event_clear                      0x0000337d   Thumb Code    14  nrf_drv_rtc.o(i.nrf_rtc_event_clear)
    i.nrf_rtc_event_disable                  0x0000338a   Section        0  nrf_drv_rtc.o(i.nrf_rtc_event_disable)
    nrf_rtc_event_disable                    0x0000338b   Thumb Code     6  nrf_drv_rtc.o(i.nrf_rtc_event_disable)
    i.nrf_rtc_event_pending                  0x00003390   Section        0  nrf_drv_rtc.o(i.nrf_rtc_event_pending)
    nrf_rtc_event_pending                    0x00003391   Thumb Code     6  nrf_drv_rtc.o(i.nrf_rtc_event_pending)
    i.nrf_rtc_int_disable                    0x00003396   Section        0  nrf_drv_rtc.o(i.nrf_rtc_int_disable)
    nrf_rtc_int_disable                      0x00003397   Thumb Code     6  nrf_drv_rtc.o(i.nrf_rtc_int_disable)
    i.nrf_rtc_int_is_enabled                 0x0000339c   Section        0  nrf_drv_rtc.o(i.nrf_rtc_int_is_enabled)
    nrf_rtc_int_is_enabled                   0x0000339d   Thumb Code    10  nrf_drv_rtc.o(i.nrf_rtc_int_is_enabled)
    i.nrf_saadc_buffer_init                  0x000033a8   Section        0  nrf_drv_saadc.o(i.nrf_saadc_buffer_init)
    nrf_saadc_buffer_init                    0x000033a9   Thumb Code    10  nrf_drv_saadc.o(i.nrf_saadc_buffer_init)
    i.nrf_saadc_event_check                  0x000033b8   Section        0  nrf_drv_saadc.o(i.nrf_saadc_event_check)
    nrf_saadc_event_check                    0x000033b9   Thumb Code    16  nrf_drv_saadc.o(i.nrf_saadc_event_check)
    i.nrf_saadc_event_clear                  0x000033cc   Section        0  nrf_drv_saadc.o(i.nrf_saadc_event_clear)
    nrf_saadc_event_clear                    0x000033cd   Thumb Code    18  nrf_drv_saadc.o(i.nrf_saadc_event_clear)
    i.nrf_saadc_task_trigger                 0x000033e4   Section        0  nrf_drv_saadc.o(i.nrf_saadc_task_trigger)
    nrf_saadc_task_trigger                   0x000033e5   Thumb Code     8  nrf_drv_saadc.o(i.nrf_saadc_task_trigger)
    i.nrf_timer_compare_event_get            0x000033f0   Section        0  nrf_drv_timer.o(i.nrf_timer_compare_event_get)
    nrf_timer_compare_event_get              0x000033f1   Thumb Code    14  nrf_drv_timer.o(i.nrf_timer_compare_event_get)
    i.nrf_timer_compare_int_get              0x000033fe   Section        0  nrf_drv_timer.o(i.nrf_timer_compare_int_get)
    nrf_timer_compare_int_get                0x000033ff   Thumb Code    10  nrf_drv_timer.o(i.nrf_timer_compare_int_get)
    i.nrf_timer_event_clear                  0x00003408   Section        0  nrf_drv_timer.o(i.nrf_timer_event_clear)
    nrf_timer_event_clear                    0x00003409   Thumb Code    14  nrf_drv_timer.o(i.nrf_timer_event_clear)
    i.nrf_timer_int_disable                  0x00003416   Section        0  nrf_drv_timer.o(i.nrf_timer_int_disable)
    nrf_timer_int_disable                    0x00003417   Thumb Code     6  nrf_drv_timer.o(i.nrf_timer_int_disable)
    i.nrf_timer_int_enable                   0x0000341c   Section        0  nrf_drv_timer.o(i.nrf_timer_int_enable)
    nrf_timer_int_enable                     0x0000341d   Thumb Code     6  nrf_drv_timer.o(i.nrf_timer_int_enable)
    i.nrf_timer_shorts_disable               0x00003422   Section        0  nrf_drv_timer.o(i.nrf_timer_shorts_disable)
    nrf_timer_shorts_disable                 0x00003423   Thumb Code    12  nrf_drv_timer.o(i.nrf_timer_shorts_disable)
    i.nrf_timer_task_trigger                 0x0000342e   Section        0  nrf_drv_timer.o(i.nrf_timer_task_trigger)
    nrf_timer_task_trigger                   0x0000342f   Thumb Code     6  nrf_drv_timer.o(i.nrf_timer_task_trigger)
    i.nrf_uart_errorsrc_get_and_clear        0x00003434   Section        0  nrf_drv_uart.o(i.nrf_uart_errorsrc_get_and_clear)
    nrf_uart_errorsrc_get_and_clear          0x00003435   Thumb Code    12  nrf_drv_uart.o(i.nrf_uart_errorsrc_get_and_clear)
    i.nrf_uart_event_check                   0x00003440   Section        0  nrf_drv_uart.o(i.nrf_uart_event_check)
    nrf_uart_event_check                     0x00003441   Thumb Code    14  nrf_drv_uart.o(i.nrf_uart_event_check)
    i.nrf_uart_event_clear                   0x0000344e   Section        0  nrf_drv_uart.o(i.nrf_uart_event_clear)
    nrf_uart_event_clear                     0x0000344f   Thumb Code    14  nrf_drv_uart.o(i.nrf_uart_event_clear)
    i.nrf_uart_int_disable                   0x0000345c   Section        0  nrf_drv_uart.o(i.nrf_uart_int_disable)
    nrf_uart_int_disable                     0x0000345d   Thumb Code     6  nrf_drv_uart.o(i.nrf_uart_int_disable)
    i.nrf_uart_int_enable_check              0x00003462   Section        0  nrf_drv_uart.o(i.nrf_uart_int_enable_check)
    nrf_uart_int_enable_check                0x00003463   Thumb Code    18  nrf_drv_uart.o(i.nrf_uart_int_enable_check)
    i.nrf_uart_task_trigger                  0x00003474   Section        0  nrf_drv_uart.o(i.nrf_uart_task_trigger)
    nrf_uart_task_trigger                    0x00003475   Thumb Code     6  nrf_drv_uart.o(i.nrf_uart_task_trigger)
    i.nrf_uarte_errorsrc_get_and_clear       0x0000347a   Section        0  nrf_drv_uart.o(i.nrf_uarte_errorsrc_get_and_clear)
    nrf_uarte_errorsrc_get_and_clear         0x0000347b   Thumb Code    12  nrf_drv_uart.o(i.nrf_uarte_errorsrc_get_and_clear)
    i.nrf_uarte_event_check                  0x00003486   Section        0  nrf_drv_uart.o(i.nrf_uarte_event_check)
    nrf_uarte_event_check                    0x00003487   Thumb Code    14  nrf_drv_uart.o(i.nrf_uarte_event_check)
    i.nrf_uarte_event_clear                  0x00003494   Section        0  nrf_drv_uart.o(i.nrf_uarte_event_clear)
    nrf_uarte_event_clear                    0x00003495   Thumb Code    14  nrf_drv_uart.o(i.nrf_uarte_event_clear)
    i.nrf_uarte_rx_amount_get                0x000034a2   Section        0  nrf_drv_uart.o(i.nrf_uarte_rx_amount_get)
    nrf_uarte_rx_amount_get                  0x000034a3   Thumb Code    10  nrf_drv_uart.o(i.nrf_uarte_rx_amount_get)
    i.pin_in_use_by_gpiote                   0x000034ac   Section        0  nrf_drv_gpiote.o(i.pin_in_use_by_gpiote)
    pin_in_use_by_gpiote                     0x000034ad   Thumb Code    22  nrf_drv_gpiote.o(i.pin_in_use_by_gpiote)
    i.pin_in_use_by_port                     0x000034c8   Section        0  nrf_drv_gpiote.o(i.pin_in_use_by_port)
    pin_in_use_by_port                       0x000034c9   Thumb Code    18  nrf_drv_gpiote.o(i.pin_in_use_by_port)
    i.pin_in_use_by_te                       0x000034e0   Section        0  nrf_drv_gpiote.o(i.pin_in_use_by_te)
    pin_in_use_by_te                         0x000034e1   Thumb Code    26  nrf_drv_gpiote.o(i.pin_in_use_by_te)
    i.pin_in_use_clear                       0x00003500   Section        0  nrf_drv_gpiote.o(i.pin_in_use_clear)
    pin_in_use_clear                         0x00003501   Thumb Code     8  nrf_drv_gpiote.o(i.pin_in_use_clear)
    i.pwm_event_handler                      0x0000350c   Section        0  motor.o(i.pwm_event_handler)
    pwm_event_handler                        0x0000350d   Thumb Code     2  motor.o(i.pwm_event_handler)
    i.queue_utilization_get                  0x0000350e   Section        0  nrf_queue.o(i.queue_utilization_get)
    queue_utilization_get                    0x0000350f   Thumb Code    44  nrf_queue.o(i.queue_utilization_get)
    i.rc_get_high_flank                      0x0000353c   Section        0  rc_pwm.o(i.rc_get_high_flank)
    i.rc_get_low_flank                       0x000035f0   Section        0  rc_pwm.o(i.rc_get_low_flank)
    i.rc_get_values                          0x000036bc   Section        0  rc_pwm.o(i.rc_get_values)
    i.rc_gpiote_init                         0x00003708   Section        0  rc_pwm.o(i.rc_gpiote_init)
    i.rc_init                                0x000037e4   Section        0  rc_pwm.o(i.rc_init)
    i.rc_pin_event_handler                   0x0000383c   Section        0  rc_pwm.o(i.rc_pin_event_handler)
    i.rc_ppi_init                            0x00003934   Section        0  rc_pwm.o(i.rc_ppi_init)
    i.rc_timer_init                          0x00003b34   Section        0  rc_pwm.o(i.rc_timer_init)
    i.rct_event_handler                      0x00003c0c   Section        0  rc_pwm.o(i.rct_event_handler)
    i.rtc1_compare0_set                      0x00003c10   Section        0  app_timer.o(i.rtc1_compare0_set)
    rtc1_compare0_set                        0x00003c11   Thumb Code     6  app_timer.o(i.rtc1_compare0_set)
    i.rtc1_counter_get                       0x00003c1c   Section        0  app_timer.o(i.rtc1_counter_get)
    rtc1_counter_get                         0x00003c1d   Thumb Code     6  app_timer.o(i.rtc1_counter_get)
    i.rtc1_start                             0x00003c28   Section        0  app_timer.o(i.rtc1_start)
    rtc1_start                               0x00003c29   Thumb Code    48  app_timer.o(i.rtc1_start)
    i.rtc1_stop                              0x00003c64   Section        0  app_timer.o(i.rtc1_stop)
    rtc1_stop                                0x00003c65   Thumb Code    68  app_timer.o(i.rtc1_stop)
    i.rx_byte                                0x00003cbc   Section        0  nrf_drv_uart.o(i.rx_byte)
    rx_byte                                  0x00003cbd   Thumb Code    62  nrf_drv_uart.o(i.rx_byte)
    i.rx_done_event                          0x00003cfa   Section        0  nrf_drv_uart.o(i.rx_done_event)
    rx_done_event                            0x00003cfb   Thumb Code    30  nrf_drv_uart.o(i.rx_done_event)
    i.serial_is_busy                         0x00003d18   Section        0  nrf_log_backend_serial.o(i.serial_is_busy)
    serial_is_busy                           0x00003d19   Thumb Code     4  nrf_log_backend_serial.o(i.serial_is_busy)
    i.serial_tx                              0x00003d1c   Section        0  nrf_log_backend_serial.o(i.serial_tx)
    serial_tx                                0x00003d1d   Thumb Code    68  nrf_log_backend_serial.o(i.serial_tx)
    i.set_motor                              0x00003d60   Section        0  motor.o(i.set_motor)
    i.start_playback                         0x00003d88   Section        0  nrf_drv_pwm.o(i.start_playback)
    start_playback                           0x00003d89   Thumb Code    84  nrf_drv_pwm.o(i.start_playback)
    i.ticks_diff_get                         0x00003ddc   Section        0  app_timer.o(i.ticks_diff_get)
    ticks_diff_get                           0x00003ddd   Thumb Code    10  app_timer.o(i.ticks_diff_get)
    i.timeout_handler_exec                   0x00003de8   Section        0  app_timer.o(i.timeout_handler_exec)
    timeout_handler_exec                     0x00003de9   Thumb Code    50  app_timer.o(i.timeout_handler_exec)
    i.timer_event_handler                    0x00003e20   Section        0  main.o(i.timer_event_handler)
    i.timer_init                             0x00003e68   Section        0  main.o(i.timer_init)
    i.timer_list_handler                     0x00003f0c   Section        0  app_timer.o(i.timer_list_handler)
    timer_list_handler                       0x00003f0d   Thumb Code    72  app_timer.o(i.timer_list_handler)
    i.timer_list_handler_sched               0x00003f60   Section        0  app_timer.o(i.timer_list_handler_sched)
    timer_list_handler_sched                 0x00003f61   Thumb Code    10  app_timer.o(i.timer_list_handler_sched)
    i.timer_list_insert                      0x00003f6c   Section        0  app_timer.o(i.timer_list_insert)
    timer_list_insert                        0x00003f6d   Thumb Code    98  app_timer.o(i.timer_list_insert)
    i.timer_list_remove                      0x00003fd4   Section        0  app_timer.o(i.timer_list_remove)
    timer_list_remove                        0x00003fd5   Thumb Code    90  app_timer.o(i.timer_list_remove)
    i.timer_timeouts_check                   0x00004040   Section        0  app_timer.o(i.timer_timeouts_check)
    timer_timeouts_check                     0x00004041   Thumb Code   130  app_timer.o(i.timer_timeouts_check)
    i.timer_timeouts_check_sched             0x000040d8   Section        0  app_timer.o(i.timer_timeouts_check_sched)
    timer_timeouts_check_sched               0x000040d9   Thumb Code    10  app_timer.o(i.timer_timeouts_check_sched)
    i.timestamp_process                      0x000040e4   Section        0  nrf_log_backend_serial.o(i.timestamp_process)
    timestamp_process                        0x000040e5   Thumb Code    56  nrf_log_backend_serial.o(i.timestamp_process)
    i.tx_byte                                0x00004124   Section        0  nrf_drv_uart.o(i.tx_byte)
    tx_byte                                  0x00004125   Thumb Code    38  nrf_drv_uart.o(i.tx_byte)
    i.tx_done_event                          0x0000414a   Section        0  nrf_drv_uart.o(i.tx_done_event)
    tx_done_event                            0x0000414b   Thumb Code    34  nrf_drv_uart.o(i.tx_done_event)
    i.uart_irq_handler                       0x0000416c   Section        0  nrf_drv_uart.o(i.uart_irq_handler)
    uart_irq_handler                         0x0000416d   Thumb Code   322  nrf_drv_uart.o(i.uart_irq_handler)
    i.uarte_irq_handler                      0x000042ae   Section        0  nrf_drv_uart.o(i.uarte_irq_handler)
    uarte_irq_handler                        0x000042af   Thumb Code   268  nrf_drv_uart.o(i.uarte_irq_handler)
    .constdata                               0x000043bc   Section        8  main.o(.constdata)
    .constdata                               0x000043c4   Section       28  motor.o(.constdata)
    .constdata                               0x000043e0   Section        4  rc_pwm.o(.constdata)
    .constdata                               0x000043e4   Section       71  nrf_drv_gpiote.o(.constdata)
    __func__                                 0x000043e8   Data          20  nrf_drv_gpiote.o(.constdata)
    __func__                                 0x000043fc   Data          24  nrf_drv_gpiote.o(.constdata)
    __func__                                 0x00004414   Data          23  nrf_drv_gpiote.o(.constdata)
    .constdata                               0x0000442c   Section       67  nrf_drv_rng.o(.constdata)
    m_rand_pool                              0x0000442c   Data          20  nrf_drv_rng.o(.constdata)
    m_default_config                         0x00004440   Data           2  nrf_drv_rng.o(.constdata)
    __func__                                 0x00004442   Data          28  nrf_drv_rng.o(.constdata)
    __func__                                 0x0000445e   Data          17  nrf_drv_rng.o(.constdata)
    .constdata                               0x0000446f   Section      129  ctype_o.o(.constdata)
    .constdata                               0x000044f0   Section        4  ctype_o.o(.constdata)
    table                                    0x000044f0   Data           4  ctype_o.o(.constdata)
    .data                                    0x20000000   Section        8  main.o(.data)
    timer_cfg                                0x20000000   Data           8  main.o(.data)
    .data                                    0x20000008   Section       16  motor.o(.data)
    motor_pwm                                0x20000008   Data           8  motor.o(.data)
    pwm_values                               0x20000010   Data           8  motor.o(.data)
    .data                                    0x20000018   Section       52  rc_pwm.o(.data)
    us_per_tick                              0x20000038   Data           4  rc_pwm.o(.data)
    us_per_tick                              0x2000003c   Data           4  rc_pwm.o(.data)
    state1                                   0x20000040   Data           1  rc_pwm.o(.data)
    state2                                   0x20000041   Data           1  rc_pwm.o(.data)
    state3                                   0x20000042   Data           1  rc_pwm.o(.data)
    state4                                   0x20000043   Data           1  rc_pwm.o(.data)
    rct_cfg                                  0x20000044   Data           8  rc_pwm.o(.data)
    .data                                    0x2000004c   Section       32  nrf_drv_common.o(.data)
    m_serial_box_0                           0x2000004c   Data           8  nrf_drv_common.o(.data)
    m_serial_box_1                           0x20000054   Data           8  nrf_drv_common.o(.data)
    m_serial_box_2                           0x2000005c   Data           8  nrf_drv_common.o(.data)
    m_comp_lpcomp                            0x20000064   Data           8  nrf_drv_common.o(.data)
    .data                                    0x2000006c   Section       12  nrf_drv_power.o(.data)
    m_initialized                            0x2000006c   Data           1  nrf_drv_power.o(.data)
    m_pofwarn_handler                        0x20000070   Data           4  nrf_drv_power.o(.data)
    m_sleepevt_handler                       0x20000074   Data           4  nrf_drv_power.o(.data)
    .data                                    0x20000078   Section        9  nrf_drv_ppi.o(.data)
    m_drv_state                              0x20000078   Data           1  nrf_drv_ppi.o(.data)
    m_channels_allocated                     0x2000007c   Data           4  nrf_drv_ppi.o(.data)
    m_groups_allocated                       0x20000080   Data           1  nrf_drv_ppi.o(.data)
    .data                                    0x20000084   Section        5  nrf_drv_qdec.o(.data)
    m_qdec_event_handler                     0x20000084   Data           4  nrf_drv_qdec.o(.data)
    m_state                                  0x20000088   Data           1  nrf_drv_qdec.o(.data)
    .data                                    0x2000008c   Section       14  nrf_drv_rtc.o(.data)
    m_handlers                               0x2000008c   Data           8  nrf_drv_rtc.o(.data)
    m_cb                                     0x20000094   Data           6  nrf_drv_rtc.o(.data)
    .data                                    0x2000009c   Section       12  nrf_drv_wdt.o(.data)
    m_wdt_event_handler                      0x2000009c   Data           4  nrf_drv_wdt.o(.data)
    m_state                                  0x200000a0   Data           1  nrf_drv_wdt.o(.data)
    m_alloc_index                            0x200000a4   Data           4  nrf_drv_wdt.o(.data)
    .data                                    0x200000a8   Section       34  app_timer.o(.data)
    m_op_queue                               0x200000a8   Data           8  app_timer.o(.data)
    mp_timer_id_head                         0x200000b0   Data           4  app_timer.o(.data)
    m_ticks_latest                           0x200000b4   Data           4  app_timer.o(.data)
    m_ticks_elapsed                          0x200000b8   Data           8  app_timer.o(.data)
    m_ticks_elapsed_q_read_ind               0x200000c0   Data           1  app_timer.o(.data)
    m_ticks_elapsed_q_write_ind              0x200000c1   Data           1  app_timer.o(.data)
    m_evt_schedule_func                      0x200000c4   Data           4  app_timer.o(.data)
    m_rtc1_running                           0x200000c8   Data           1  app_timer.o(.data)
    m_rtc1_reset                             0x200000c9   Data           1  app_timer.o(.data)
    .data                                    0x200000cc   Section        4  app_util_platform.o(.data)
    m_in_critical_region                     0x200000cc   Data           4  app_util_platform.o(.data)
    .data                                    0x200000d0   Section        2  nrf_log_backend_serial.o(.data)
    m_initialized                            0x200000d0   Data           1  nrf_log_backend_serial.o(.data)
    m_blocking_mode                          0x200000d1   Data           1  nrf_log_backend_serial.o(.data)
    .data                                    0x200000d4   Section        4  system_nrf52.o(.data)
    __tagsym$$used                           0x200000d4   Number         0  system_nrf52.o(.data)
    .bss                                     0x200000d8   Section       28  main.o(.bss)
    channel_values                           0x200000d8   Data          16  main.o(.bss)
    motor                                    0x200000e8   Data          12  main.o(.bss)
    .bss                                     0x200000f4   Section       48  rc_pwm.o(.bss)
    channel                                  0x200000f4   Data          48  rc_pwm.o(.bss)
    .bss                                     0x20000124   Section       20  nrf_drv_clock.o(.bss)
    m_clock_cb                               0x20000124   Data          20  nrf_drv_clock.o(.bss)
    .bss                                     0x20000138   Section       88  nrf_drv_gpiote.o(.bss)
    m_cb                                     0x20000138   Data          88  nrf_drv_gpiote.o(.bss)
    .bss                                     0x20000190   Section       16  nrf_drv_i2s.o(.bss)
    m_cb                                     0x20000190   Data          16  nrf_drv_i2s.o(.bss)
    .bss                                     0x200001a0   Section       20  nrf_drv_pdm.o(.bss)
    m_cb                                     0x200001a0   Data          20  nrf_drv_pdm.o(.bss)
    .bss                                     0x200001b4   Section       24  nrf_drv_pwm.o(.bss)
    m_cb                                     0x200001b4   Data          24  nrf_drv_pwm.o(.bss)
    .bss                                     0x200001cc   Section       48  nrf_drv_rng.o(.bss)
    m_rand_pool_nrf_queue_buffer             0x200001cc   Data          33  nrf_drv_rng.o(.bss)
    m_rand_pool_nrf_queue_cb                 0x200001f0   Data          12  nrf_drv_rng.o(.bss)
    .bss                                     0x200001fc   Section       48  nrf_drv_saadc.o(.bss)
    m_cb                                     0x200001fc   Data          48  nrf_drv_saadc.o(.bss)
    .bss                                     0x2000022c   Section       30  nrf_drv_swi.o(.bss)
    m_swi_handlers                           0x2000022c   Data          20  nrf_drv_swi.o(.bss)
    m_swi_flags                              0x20000240   Data          10  nrf_drv_swi.o(.bss)
    .bss                                     0x2000024c   Section       60  nrf_drv_timer.o(.bss)
    m_cb                                     0x2000024c   Data          60  nrf_drv_timer.o(.bss)
    .bss                                     0x20000288   Section       32  nrf_drv_uart.o(.bss)
    m_cb                                     0x20000288   Data          32  nrf_drv_uart.o(.bss)
    .bss                                     0x200002a8   Section       28  nrf_log_frontend.o(.bss)
    m_log_data                               0x200002a8   Data          28  nrf_log_frontend.o(.bss)
    .bss                                     0x200002c4   Section      648  segger_rtt.o(.bss)
    _acUpBuffer                              0x200002c4   Data         512  segger_rtt.o(.bss)
    _acDownBuffer                            0x200004c4   Data          16  segger_rtt.o(.bss)
    STACK                                    0x20000550   Section     8192  arm_startup_nrf52.o(STACK)

    Global Symbols

    Symbol Name                              Value     Ov Type        Size  Object(Section)

    BuildAttributes$$THM_ISAv4$E$P$D$K$B$S$7EM$VFPi3$EXTD16$VFPS$VFMA$PE$A:L22UL41UL21$X:L11$S22US41US21$IEEE1$IW$USESV6$~STKCKD$USESV7$~SHL$OSPACE$ROPI$EBA8$MICROLIB$REQ8$PRES8$EABIv2 0x00000000   Number         0  anon$$obj.o ABSOLUTE
    __ARM_use_no_argv                        0x00000000   Number         0  main.o ABSOLUTE
    __Vectors                                0x00000000   Data           4  arm_startup_nrf52.o(RESET)
    _printf_a                                0x00000000   Number         0  stubs.o ABSOLUTE
    _printf_c                                0x00000000   Number         0  stubs.o ABSOLUTE
    _printf_charcount                        0x00000000   Number         0  stubs.o ABSOLUTE
    _printf_d                                0x00000000   Number         0  stubs.o ABSOLUTE
    _printf_e                                0x00000000   Number         0  stubs.o ABSOLUTE
    _printf_f                                0x00000000   Number         0  stubs.o ABSOLUTE
    _printf_flags                            0x00000000   Number         0  stubs.o ABSOLUTE
    _printf_fp_dec                           0x00000000   Number         0  stubs.o ABSOLUTE
    _printf_fp_hex                           0x00000000   Number         0  stubs.o ABSOLUTE
    _printf_g                                0x00000000   Number         0  stubs.o ABSOLUTE
    _printf_i                                0x00000000   Number         0  stubs.o ABSOLUTE
    _printf_int_dec                          0x00000000   Number         0  stubs.o ABSOLUTE
    _printf_l                                0x00000000   Number         0  stubs.o ABSOLUTE
    _printf_lc                               0x00000000   Number         0  stubs.o ABSOLUTE
    _printf_ll                               0x00000000   Number         0  stubs.o ABSOLUTE
    _printf_lld                              0x00000000   Number         0  stubs.o ABSOLUTE
    _printf_lli                              0x00000000   Number         0  stubs.o ABSOLUTE
    _printf_llo                              0x00000000   Number         0  stubs.o ABSOLUTE
    _printf_llu                              0x00000000   Number         0  stubs.o ABSOLUTE
    _printf_llx                              0x00000000   Number         0  stubs.o ABSOLUTE
    _printf_longlong_dec                     0x00000000   Number         0  stubs.o ABSOLUTE
    _printf_longlong_hex                     0x00000000   Number         0  stubs.o ABSOLUTE
    _printf_longlong_oct                     0x00000000   Number         0  stubs.o ABSOLUTE
    _printf_ls                               0x00000000   Number         0  stubs.o ABSOLUTE
    _printf_mbtowc                           0x00000000   Number         0  stubs.o ABSOLUTE
    _printf_n                                0x00000000   Number         0  stubs.o ABSOLUTE
    _printf_o                                0x00000000   Number         0  stubs.o ABSOLUTE
    _printf_p                                0x00000000   Number         0  stubs.o ABSOLUTE
    _printf_percent                          0x00000000   Number         0  stubs.o ABSOLUTE
    _printf_pre_padding                      0x00000000   Number         0  stubs.o ABSOLUTE
    _printf_return_value                     0x00000000   Number         0  stubs.o ABSOLUTE
    _printf_s                                0x00000000   Number         0  stubs.o ABSOLUTE
    _printf_sizespec                         0x00000000   Number         0  stubs.o ABSOLUTE
    _printf_str                              0x00000000   Number         0  stubs.o ABSOLUTE
    _printf_truncate_signed                  0x00000000   Number         0  stubs.o ABSOLUTE
    _printf_truncate_unsigned                0x00000000   Number         0  stubs.o ABSOLUTE
    _printf_u                                0x00000000   Number         0  stubs.o ABSOLUTE
    _printf_wc                               0x00000000   Number         0  stubs.o ABSOLUTE
    _printf_wctomb                           0x00000000   Number         0  stubs.o ABSOLUTE
    _printf_widthprec                        0x00000000   Number         0  stubs.o ABSOLUTE
    _printf_x                                0x00000000   Number         0  stubs.o ABSOLUTE
    __cpp_initialize__aeabi_                  - Undefined Weak Reference
    __cxa_finalize                            - Undefined Weak Reference
    __decompress                              - Undefined Weak Reference
    _clock_init                               - Undefined Weak Reference
    _microlib_exit                            - Undefined Weak Reference
    __Vectors_End                            0x00000400   Data           0  arm_startup_nrf52.o(RESET)
    __Vectors_Size                           0x00000400   Number         0  arm_startup_nrf52.o ABSOLUTE
    __main                                   0x00000401   Thumb Code     0  entry.o(.ARM.Collect$$$$00000000)
    _main_stk                                0x00000401   Thumb Code     0  entry2.o(.ARM.Collect$$$$00000001)
    _main_scatterload                        0x00000405   Thumb Code     0  entry5.o(.ARM.Collect$$$$00000004)
    __main_after_scatterload                 0x00000409   Thumb Code     0  entry5.o(.ARM.Collect$$$$00000004)
    _main_clock                              0x00000409   Thumb Code     0  entry7b.o(.ARM.Collect$$$$00000008)
    _main_cpp_init                           0x00000409   Thumb Code     0  entry8b.o(.ARM.Collect$$$$0000000A)
    _main_init                               0x00000409   Thumb Code     0  entry9a.o(.ARM.Collect$$$$0000000B)
    __rt_final_cpp                           0x00000411   Thumb Code     0  entry10a.o(.ARM.Collect$$$$0000000D)
    __rt_final_exit                          0x00000411   Thumb Code     0  entry11a.o(.ARM.Collect$$$$0000000F)
    HardFault_Handler                        0x00000415   Thumb Code    40  hardfault_handler_keil.o(.emb_text)
    Reset_Handler                            0x00000449   Thumb Code     8  arm_startup_nrf52.o(.text)
    NMI_Handler                              0x00000451   Thumb Code     2  arm_startup_nrf52.o(.text)
    MemoryManagement_Handler                 0x00000455   Thumb Code     2  arm_startup_nrf52.o(.text)
    BusFault_Handler                         0x00000457   Thumb Code     2  arm_startup_nrf52.o(.text)
    UsageFault_Handler                       0x00000459   Thumb Code     2  arm_startup_nrf52.o(.text)
    SVC_Handler                              0x0000045b   Thumb Code     2  arm_startup_nrf52.o(.text)
    DebugMon_Handler                         0x0000045d   Thumb Code     2  arm_startup_nrf52.o(.text)
    PendSV_Handler                           0x0000045f   Thumb Code     2  arm_startup_nrf52.o(.text)
    SysTick_Handler                          0x00000461   Thumb Code     2  arm_startup_nrf52.o(.text)
    CCM_AAR_IRQHandler                       0x00000463   Thumb Code     0  arm_startup_nrf52.o(.text)
    ECB_IRQHandler                           0x00000463   Thumb Code     0  arm_startup_nrf52.o(.text)
    FPU_IRQHandler                           0x00000463   Thumb Code     0  arm_startup_nrf52.o(.text)
    MWU_IRQHandler                           0x00000463   Thumb Code     0  arm_startup_nrf52.o(.text)
    NFCT_IRQHandler                          0x00000463   Thumb Code     0  arm_startup_nrf52.o(.text)
    RADIO_IRQHandler                         0x00000463   Thumb Code     0  arm_startup_nrf52.o(.text)
    TEMP_IRQHandler                          0x00000463   Thumb Code     0  arm_startup_nrf52.o(.text)
    __rt_ctype_table                         0x0000046d   Thumb Code     4  ctype_o.o(.text)
    __aeabi_memcpy                           0x00000475   Thumb Code    36  memcpya.o(.text)
    __aeabi_memcpy4                          0x00000475   Thumb Code     0  memcpya.o(.text)
    __aeabi_memcpy8                          0x00000475   Thumb Code     0  memcpya.o(.text)
    strlen                                   0x00000499   Thumb Code    14  strlen.o(.text)
    strcpy                                   0x000004a7   Thumb Code    18  strcpy.o(.text)
    __aeabi_uldivmod                         0x000004b9   Thumb Code    98  uldiv.o(.text)
    __scatterload                            0x0000051d   Thumb Code    28  init.o(.text)
    __scatterload_rt2                        0x0000051d   Thumb Code     0  init.o(.text)
    __aeabi_llsl                             0x00000541   Thumb Code    30  llshl.o(.text)
    _ll_shift_l                              0x00000541   Thumb Code     0  llshl.o(.text)
    __aeabi_llsr                             0x0000055f   Thumb Code    32  llushr.o(.text)
    _ll_ushift_r                             0x0000055f   Thumb Code     0  llushr.o(.text)
    COMP_LPCOMP_IRQHandler                   0x00000581   Thumb Code    10  nrf_drv_common.o(i.COMP_LPCOMP_IRQHandler)
    GPIOTE_IRQHandler                        0x00000591   Thumb Code   554  nrf_drv_gpiote.o(i.GPIOTE_IRQHandler)
    HardFault_c_handler                      0x000007c9   Thumb Code    18  hardfault_implementation.o(i.HardFault_c_handler)
    HardFault_process                        0x00000801   Thumb Code    60  hardfault_implementation.o(i.HardFault_process)
    I2S_IRQHandler                           0x00000845   Thumb Code   340  nrf_drv_i2s.o(i.I2S_IRQHandler)
    PDM_IRQHandler                           0x000009ed   Thumb Code   154  nrf_drv_pdm.o(i.PDM_IRQHandler)
    POWER_CLOCK_IRQHandler                   0x00000a91   Thumb Code    12  nrf_drv_common.o(i.POWER_CLOCK_IRQHandler)
    PWM0_IRQHandler                          0x00000a9d   Thumb Code    12  nrf_drv_pwm.o(i.PWM0_IRQHandler)
    PWM1_IRQHandler                          0x00000ab1   Thumb Code    12  nrf_drv_pwm.o(i.PWM1_IRQHandler)
    PWM2_IRQHandler                          0x00000ac5   Thumb Code    12  nrf_drv_pwm.o(i.PWM2_IRQHandler)
    QDEC_IRQHandler                          0x00000ad9   Thumb Code   182  nrf_drv_qdec.o(i.QDEC_IRQHandler)
    RNG_IRQHandler                           0x00000b9d   Thumb Code    90  nrf_drv_rng.o(i.RNG_IRQHandler)
    RTC0_IRQHandler                          0x00000c09   Thumb Code    14  nrf_drv_rtc.o(i.RTC0_IRQHandler)
    RTC1_IRQHandler                          0x00000c1d   Thumb Code    44  app_timer.o(i.RTC1_IRQHandler)
    RTC2_IRQHandler                          0x00000c51   Thumb Code    14  nrf_drv_rtc.o(i.RTC2_IRQHandler)
    SAADC_IRQHandler                         0x00000c65   Thumb Code   508  nrf_drv_saadc.o(i.SAADC_IRQHandler)
    SEGGER_RTT_Init                          0x00000e65   Thumb Code    18  segger_rtt.o(i.SEGGER_RTT_Init)
    SEGGER_RTT_WriteNoLock                   0x00000e7d   Thumb Code   126  segger_rtt.o(i.SEGGER_RTT_WriteNoLock)
    SPIM0_SPIS0_TWIM0_TWIS0_SPI0_TWI0_IRQHandler 0x00000f01   Thumb Code    10  nrf_drv_common.o(i.SPIM0_SPIS0_TWIM0_TWIS0_SPI0_TWI0_IRQHandler)
    SPIM1_SPIS1_TWIM1_TWIS1_SPI1_TWI1_IRQHandler 0x00000f11   Thumb Code    10  nrf_drv_common.o(i.SPIM1_SPIS1_TWIM1_TWIS1_SPI1_TWI1_IRQHandler)
    SPIM2_SPIS2_SPI2_IRQHandler              0x00000f21   Thumb Code    10  nrf_drv_common.o(i.SPIM2_SPIS2_SPI2_IRQHandler)
    SWI0_EGU0_IRQHandler                     0x00000f31   Thumb Code     8  app_timer.o(i.SWI0_EGU0_IRQHandler)
    SWI1_EGU1_IRQHandler                     0x00000f39   Thumb Code    14  nrf_drv_swi.o(i.SWI1_EGU1_IRQHandler)
    SWI2_EGU2_IRQHandler                     0x00000f4d   Thumb Code    14  nrf_drv_swi.o(i.SWI2_EGU2_IRQHandler)
    SWI3_EGU3_IRQHandler                     0x00000f61   Thumb Code    14  nrf_drv_swi.o(i.SWI3_EGU3_IRQHandler)
    SWI4_EGU4_IRQHandler                     0x00000f75   Thumb Code    14  nrf_drv_swi.o(i.SWI4_EGU4_IRQHandler)
    SWI5_EGU5_IRQHandler                     0x00000f89   Thumb Code    14  nrf_drv_swi.o(i.SWI5_EGU5_IRQHandler)
    SystemCoreClockUpdate                    0x00000f9d   Thumb Code     8  system_nrf52.o(i.SystemCoreClockUpdate)
    SystemInit                               0x00000fad   Thumb Code   532  system_nrf52.o(i.SystemInit)
    TIMER0_IRQHandler                        0x000011f9   Thumb Code    14  nrf_drv_timer.o(i.TIMER0_IRQHandler)
    TIMER1_IRQHandler                        0x00001211   Thumb Code    14  nrf_drv_timer.o(i.TIMER1_IRQHandler)
    TIMER2_IRQHandler                        0x00001229   Thumb Code    14  nrf_drv_timer.o(i.TIMER2_IRQHandler)
    TIMER3_IRQHandler                        0x00001241   Thumb Code    14  nrf_drv_timer.o(i.TIMER3_IRQHandler)
    TIMER4_IRQHandler                        0x00001259   Thumb Code    14  nrf_drv_timer.o(i.TIMER4_IRQHandler)
    UARTE0_UART0_IRQHandler                  0x00001271   Thumb Code    28  nrf_drv_uart.o(i.UARTE0_UART0_IRQHandler)
    WDT_IRQHandler                           0x00001295   Thumb Code    52  nrf_drv_wdt.o(i.WDT_IRQHandler)
    __0snprintf$8                            0x00001421   Thumb Code    44  printf8.o(i.__0snprintf$8)
    __1snprintf$8                            0x00001421   Thumb Code     0  printf8.o(i.__0snprintf$8)
    __2snprintf                              0x00001421   Thumb Code     0  printf8.o(i.__0snprintf$8)
    __scatterload_copy                       0x00001451   Thumb Code    14  handlers.o(i.__scatterload_copy)
    __scatterload_null                       0x0000145f   Thumb Code     2  handlers.o(i.__scatterload_null)
    __scatterload_zeroinit                   0x00001461   Thumb Code    14  handlers.o(i.__scatterload_zeroinit)
    app_error_fault_handler                  0x000018e9   Thumb Code    68  app_error_weak.o(i.app_error_fault_handler)
    app_error_handler_bare                   0x0000194d   Thumb Code    28  app_error.o(i.app_error_handler_bare)
    app_util_critical_region_enter           0x00001969   Thumb Code    10  app_util_platform.o(i.app_util_critical_region_enter)
    app_util_critical_region_exit            0x00001973   Thumb Code    10  app_util_platform.o(i.app_util_critical_region_exit)
    app_util_disable_irq                     0x0000197d   Thumb Code    14  app_util_platform.o(i.app_util_disable_irq)
    app_util_enable_irq                      0x00001991   Thumb Code    20  app_util_platform.o(i.app_util_enable_irq)
    compute_trajectory                       0x00001b6d   Thumb Code   102  main.o(i.compute_trajectory)
    main                                     0x000021fd   Thumb Code    76  main.o(i.main)
    motor_logic                              0x0000226d   Thumb Code    42  motor.o(i.motor_logic)
    motor_pwm_init                           0x00002299   Thumb Code    74  motor.o(i.motor_pwm_init)
    motor_start_pwm                          0x0000230d   Thumb Code    24  motor.o(i.motor_start_pwm)
    nrf_drv_clock_onIRQ                      0x0000240d   Thumb Code    74  nrf_drv_clock.o(i.nrf_drv_clock_onIRQ)
    nrf_drv_common_irq_enable                0x0000245d   Thumb Code    84  nrf_drv_common.o(i.nrf_drv_common_irq_enable)
    nrf_drv_gpiote_in_event_addr_get         0x000024d1   Thumb Code    38  nrf_drv_gpiote.o(i.nrf_drv_gpiote_in_event_addr_get)
    nrf_drv_gpiote_in_event_enable           0x000024f9   Thumb Code   164  nrf_drv_gpiote.o(i.nrf_drv_gpiote_in_event_enable)
    nrf_drv_gpiote_in_init                   0x000025a5   Thumb Code   206  nrf_drv_gpiote.o(i.nrf_drv_gpiote_in_init)
    nrf_drv_gpiote_init                      0x00002681   Thumb Code    90  nrf_drv_gpiote.o(i.nrf_drv_gpiote_init)
    nrf_drv_gpiote_is_init                   0x000026e1   Thumb Code    16  nrf_drv_gpiote.o(i.nrf_drv_gpiote_is_init)
    nrf_drv_power_onIRQ                      0x000026f5   Thumb Code    82  nrf_drv_power.o(i.nrf_drv_power_onIRQ)
    nrf_drv_ppi_channel_alloc                0x00002755   Thumb Code   100  nrf_drv_ppi.o(i.nrf_drv_ppi_channel_alloc)
    nrf_drv_ppi_channel_assign               0x000027c1   Thumb Code    80  nrf_drv_ppi.o(i.nrf_drv_ppi_channel_assign)
    nrf_drv_ppi_channel_enable               0x00002815   Thumb Code    56  nrf_drv_ppi.o(i.nrf_drv_ppi_channel_enable)
    nrf_drv_ppi_init                         0x00002859   Thumb Code    20  nrf_drv_ppi.o(i.nrf_drv_ppi_init)
    nrf_drv_pwm_init                         0x00002871   Thumb Code   174  nrf_drv_pwm.o(i.nrf_drv_pwm_init)
    nrf_drv_pwm_simple_playback              0x00002925   Thumb Code   128  nrf_drv_pwm.o(i.nrf_drv_pwm_simple_playback)
    nrf_drv_timer_compare                    0x00002aad   Thumb Code    56  nrf_drv_timer.o(i.nrf_drv_timer_compare)
    nrf_drv_timer_enable                     0x00002ae5   Thumb Code    30  nrf_drv_timer.o(i.nrf_drv_timer_enable)
    nrf_drv_timer_extended_compare           0x00002b09   Thumb Code    66  nrf_drv_timer.o(i.nrf_drv_timer_extended_compare)
    nrf_drv_timer_init                       0x00002b4d   Thumb Code   168  nrf_drv_timer.o(i.nrf_drv_timer_init)
    nrf_log_backend_hexdump_handler_get      0x00002d6d   Thumb Code     4  nrf_log_backend_serial.o(i.nrf_log_backend_hexdump_handler_get)
    nrf_log_backend_init                     0x00002d75   Thumb Code    40  nrf_log_backend_serial.o(i.nrf_log_backend_init)
    nrf_log_backend_std_handler_get          0x00003085   Thumb Code     4  nrf_log_backend_serial.o(i.nrf_log_backend_std_handler_get)
    nrf_log_frontend_init                    0x000030b9   Thumb Code    18  nrf_log_frontend.o(i.nrf_log_frontend_init)
    nrf_log_frontend_std_0                   0x000030cb   Thumb Code    20  nrf_log_frontend.o(i.nrf_log_frontend_std_0)
    nrf_log_frontend_std_1                   0x000030df   Thumb Code    24  nrf_log_frontend.o(i.nrf_log_frontend_std_1)
    nrf_log_frontend_std_4                   0x000030f7   Thumb Code    44  nrf_log_frontend.o(i.nrf_log_frontend_std_4)
    nrf_log_handlers_set                     0x00003125   Thumb Code     8  nrf_log_frontend.o(i.nrf_log_handlers_set)
    nrf_log_init                             0x00003131   Thumb Code    44  nrf_log_frontend.o(i.nrf_log_init)
    nrf_queue_is_full                        0x00003271   Thumb Code    30  nrf_queue.o(i.nrf_queue_is_full)
    nrf_queue_push                           0x0000329f   Thumb Code   196  nrf_queue.o(i.nrf_queue_push)
    rc_get_high_flank                        0x0000353d   Thumb Code   156  rc_pwm.o(i.rc_get_high_flank)
    rc_get_low_flank                         0x000035f1   Thumb Code   180  rc_pwm.o(i.rc_get_low_flank)
    rc_get_values                            0x000036bd   Thumb Code    62  rc_pwm.o(i.rc_get_values)
    rc_gpiote_init                           0x00003709   Thumb Code   174  rc_pwm.o(i.rc_gpiote_init)
    rc_init                                  0x000037e5   Thumb Code    56  rc_pwm.o(i.rc_init)
    rc_pin_event_handler                     0x0000383d   Thumb Code   190  rc_pwm.o(i.rc_pin_event_handler)
    rc_ppi_init                              0x00003935   Thumb Code   460  rc_pwm.o(i.rc_ppi_init)
    rc_timer_init                            0x00003b35   Thumb Code   156  rc_pwm.o(i.rc_timer_init)
    rct_event_handler                        0x00003c0d   Thumb Code     2  rc_pwm.o(i.rct_event_handler)
    set_motor                                0x00003d61   Thumb Code    34  motor.o(i.set_motor)
    timer_event_handler                      0x00003e21   Thumb Code    64  main.o(i.timer_event_handler)
    timer_init                               0x00003e69   Thumb Code    94  main.o(i.timer_init)
    application_timer                        0x000043bc   Data           8  main.o(.constdata)
    __ctype_table                            0x0000446f   Data         129  ctype_o.o(.constdata)
    Region$$Table$$Base                      0x000044f4   Number         0  anon$$obj.o(Region$$Table)
    Region$$Table$$Limit                     0x00004514   Number         0  anon$$obj.o(Region$$Table)
    rc_timer_1                               0x20000018   Data           8  rc_pwm.o(.data)
    rc_timer_2                               0x20000020   Data           8  rc_pwm.o(.data)
    rc_timer_3                               0x20000028   Data           8  rc_pwm.o(.data)
    rc_timer_4                               0x20000030   Data           8  rc_pwm.o(.data)
    SystemCoreClock                          0x200000d4   Data           4  system_nrf52.o(.data)
    _SEGGER_RTT                              0x200004d4   Data         120  segger_rtt.o(.bss)
    STACK$$Base                              0x20000550   Number         0  arm_startup_nrf52.o(STACK)
    STACK$$Limit                             0x20002550   Number         0  arm_startup_nrf52.o(STACK)
    __initial_sp                             0x20002550   Data           0  arm_startup_nrf52.o(STACK)



==============================================================================

Memory Map of the image

  Image Entry point : 0x00000401

  Load Region LR_IROM1 (Base: 0x00000000, Size: 0x000045ec, Max: 0x00080000, ABSOLUTE)

    Execution Region ER_IROM1 (Base: 0x00000000, Size: 0x00004514, Max: 0x00080000, ABSOLUTE)

    Base Addr    Size         Type   Attr      Idx    E Section Name        Object

    0x00000000   0x00000400   Data   RO         6444    RESET               arm_startup_nrf52.o
    0x00000400   0x00000000   Code   RO         6525  * .ARM.Collect$$$$00000000  mc_w.l(entry.o)
    0x00000400   0x00000004   Code   RO         6827    .ARM.Collect$$$$00000001  mc_w.l(entry2.o)
    0x00000404   0x00000004   Code   RO         6830    .ARM.Collect$$$$00000004  mc_w.l(entry5.o)
    0x00000408   0x00000000   Code   RO         6832    .ARM.Collect$$$$00000008  mc_w.l(entry7b.o)
    0x00000408   0x00000000   Code   RO         6834    .ARM.Collect$$$$0000000A  mc_w.l(entry8b.o)
    0x00000408   0x00000008   Code   RO         6835    .ARM.Collect$$$$0000000B  mc_w.l(entry9a.o)
    0x00000410   0x00000000   Code   RO         6837    .ARM.Collect$$$$0000000D  mc_w.l(entry10a.o)
    0x00000410   0x00000000   Code   RO         6839    .ARM.Collect$$$$0000000F  mc_w.l(entry11a.o)
    0x00000410   0x00000004   Code   RO         6828    .ARM.Collect$$$$00002712  mc_w.l(entry2.o)
    0x00000414   0x00000034   Code   RO         5049    .emb_text           hardfault_handler_keil.o
    0x00000448   0x00000024   Code   RO         6445    .text               arm_startup_nrf52.o
    0x0000046c   0x00000008   Code   RO         6528    .text               mc_w.l(ctype_o.o)
    0x00000474   0x00000024   Code   RO         6556    .text               mc_w.l(memcpya.o)
    0x00000498   0x0000000e   Code   RO         6560    .text               mc_w.l(strlen.o)
    0x000004a6   0x00000012   Code   RO         6562    .text               mc_w.l(strcpy.o)
    0x000004b8   0x00000062   Code   RO         6846    .text               mc_w.l(uldiv.o)
    0x0000051a   0x00000002   PAD
    0x0000051c   0x00000024   Code   RO         6859    .text               mc_w.l(init.o)
    0x00000540   0x0000001e   Code   RO         6862    .text               mc_w.l(llshl.o)
    0x0000055e   0x00000020   Code   RO         6864    .text               mc_w.l(llushr.o)
    0x0000057e   0x00000002   PAD
    0x00000580   0x00000010   Code   RO          894    i.COMP_LPCOMP_IRQHandler  nrf_drv_common.o
    0x00000590   0x00000238   Code   RO         1109    i.GPIOTE_IRQHandler  nrf_drv_gpiote.o
    0x000007c8   0x00000038   Code   RO         5071    i.HardFault_c_handler  hardfault_implementation.o
    0x00000800   0x00000044   Code   RO         5072    i.HardFault_process  hardfault_implementation.o
    0x00000844   0x00000160   Code   RO         1399    i.I2S_IRQHandler    nrf_drv_i2s.o
    0x000009a4   0x00000018   Code   RO         4577    i.NVIC_ClearPendingIRQ  app_timer.o
    0x000009bc   0x00000016   Code   RO         4578    i.NVIC_EnableIRQ    app_timer.o
    0x000009d2   0x00000002   PAD
    0x000009d4   0x00000018   Code   RO         4579    i.NVIC_SetPendingIRQ  app_timer.o
    0x000009ec   0x000000a4   Code   RO         1589    i.PDM_IRQHandler    nrf_drv_pdm.o
    0x00000a90   0x0000000c   Code   RO          895    i.POWER_CLOCK_IRQHandler  nrf_drv_common.o
    0x00000a9c   0x00000014   Code   RO         1924    i.PWM0_IRQHandler   nrf_drv_pwm.o
    0x00000ab0   0x00000014   Code   RO         1925    i.PWM1_IRQHandler   nrf_drv_pwm.o
    0x00000ac4   0x00000014   Code   RO         1926    i.PWM2_IRQHandler   nrf_drv_pwm.o
    0x00000ad8   0x000000c4   Code   RO         2071    i.QDEC_IRQHandler   nrf_drv_qdec.o
    0x00000b9c   0x0000006c   Code   RO         2164    i.RNG_IRQHandler    nrf_drv_rng.o
    0x00000c08   0x00000014   Code   RO         2251    i.RTC0_IRQHandler   nrf_drv_rtc.o
    0x00000c1c   0x00000034   Code   RO         4581    i.RTC1_IRQHandler   app_timer.o
    0x00000c50   0x00000014   Code   RO         2252    i.RTC2_IRQHandler   nrf_drv_rtc.o
    0x00000c64   0x00000200   Code   RO         2406    i.SAADC_IRQHandler  nrf_drv_saadc.o
    0x00000e64   0x00000018   Code   RO         6295    i.SEGGER_RTT_Init   segger_rtt.o
    0x00000e7c   0x00000084   Code   RO         6304    i.SEGGER_RTT_WriteNoLock  segger_rtt.o
    0x00000f00   0x00000010   Code   RO          896    i.SPIM0_SPIS0_TWIM0_TWIS0_SPI0_TWI0_IRQHandler  nrf_drv_common.o
    0x00000f10   0x00000010   Code   RO          897    i.SPIM1_SPIS1_TWIM1_TWIS1_SPI1_TWI1_IRQHandler  nrf_drv_common.o
    0x00000f20   0x00000010   Code   RO          898    i.SPIM2_SPIS2_SPI2_IRQHandler  nrf_drv_common.o
    0x00000f30   0x00000008   Code   RO         4582    i.SWI0_EGU0_IRQHandler  app_timer.o
    0x00000f38   0x00000014   Code   RO         2813    i.SWI1_EGU1_IRQHandler  nrf_drv_swi.o
    0x00000f4c   0x00000014   Code   RO         2814    i.SWI2_EGU2_IRQHandler  nrf_drv_swi.o
    0x00000f60   0x00000014   Code   RO         2815    i.SWI3_EGU3_IRQHandler  nrf_drv_swi.o
    0x00000f74   0x00000014   Code   RO         2816    i.SWI4_EGU4_IRQHandler  nrf_drv_swi.o
    0x00000f88   0x00000014   Code   RO         2817    i.SWI5_EGU5_IRQHandler  nrf_drv_swi.o
    0x00000f9c   0x00000010   Code   RO         6452    i.SystemCoreClockUpdate  system_nrf52.o
    0x00000fac   0x0000024c   Code   RO         6453    i.SystemInit        system_nrf52.o
    0x000011f8   0x00000018   Code   RO         2920    i.TIMER0_IRQHandler  nrf_drv_timer.o
    0x00001210   0x00000018   Code   RO         2921    i.TIMER1_IRQHandler  nrf_drv_timer.o
    0x00001228   0x00000018   Code   RO         2922    i.TIMER2_IRQHandler  nrf_drv_timer.o
    0x00001240   0x00000018   Code   RO         2923    i.TIMER3_IRQHandler  nrf_drv_timer.o
    0x00001258   0x00000018   Code   RO         2924    i.TIMER4_IRQHandler  nrf_drv_timer.o
    0x00001270   0x00000024   Code   RO         3563    i.UARTE0_UART0_IRQHandler  nrf_drv_uart.o
    0x00001294   0x00000040   Code   RO         3865    i.WDT_IRQHandler    nrf_drv_wdt.o
    0x000012d4   0x00000070   Code   RO         6307    i._DoInit           segger_rtt.o
    0x00001344   0x0000001c   Code   RO         6308    i._GetAvailWriteSpace  segger_rtt.o
    0x00001360   0x00000072   Code   RO         6310    i._WriteBlocking    segger_rtt.o
    0x000013d2   0x0000004c   Code   RO         6311    i._WriteNoCheck     segger_rtt.o
    0x0000141e   0x00000002   PAD
    0x00001420   0x00000030   Code   RO         6774    i.__0snprintf$8     mc_w.l(printf8.o)
    0x00001450   0x0000000e   Code   RO         6873    i.__scatterload_copy  mc_w.l(handlers.o)
    0x0000145e   0x00000002   Code   RO         6874    i.__scatterload_null  mc_w.l(handlers.o)
    0x00001460   0x0000000e   Code   RO         6875    i.__scatterload_zeroinit  mc_w.l(handlers.o)
    0x0000146e   0x00000002   PAD
    0x00001470   0x00000410   Code   RO         6780    i._printf_core      mc_w.l(printf8.o)
    0x00001880   0x00000024   Code   RO         6781    i._printf_post_padding  mc_w.l(printf8.o)
    0x000018a4   0x0000002e   Code   RO         6782    i._printf_pre_padding  mc_w.l(printf8.o)
    0x000018d2   0x00000016   Code   RO         6783    i._snputc           mc_w.l(printf8.o)
    0x000018e8   0x00000064   Code   RO         4167    i.app_error_fault_handler  app_error_weak.o
    0x0000194c   0x0000001c   Code   RO         4128    i.app_error_handler_bare  app_error.o
    0x00001968   0x0000000a   Code   RO         4951    i.app_util_critical_region_enter  app_util_platform.o
    0x00001972   0x0000000a   Code   RO         4952    i.app_util_critical_region_exit  app_util_platform.o
    0x0000197c   0x00000014   Code   RO         4953    i.app_util_disable_irq  app_util_platform.o
    0x00001990   0x00000018   Code   RO         4954    i.app_util_enable_irq  app_util_platform.o
    0x000019a8   0x00000014   Code   RO         6061    i.buf_len_update    nrf_log_backend_serial.o
    0x000019bc   0x00000032   Code   RO         6062    i.byte2hex          nrf_log_backend_serial.o
    0x000019ee   0x00000002   PAD
    0x000019f0   0x00000020   Code   RO         1110    i.channel_free      nrf_drv_gpiote.o
    0x00001a10   0x00000010   Code   RO         1111    i.channel_handler_get  nrf_drv_gpiote.o
    0x00001a20   0x00000080   Code   RO         1112    i.channel_port_alloc  nrf_drv_gpiote.o
    0x00001aa0   0x0000000c   Code   RO         1113    i.channel_port_get  nrf_drv_gpiote.o
    0x00001aac   0x00000030   Code   RO          707    i.clock_clk_started_notify  nrf_drv_clock.o
    0x00001adc   0x00000090   Code   RO         4590    i.compare_reg_update  app_timer.o
    0x00001b6c   0x00000066   Code   RO            4    i.compute_trajectory  main.o
    0x00001bd2   0x000000c2   Code   RO         1927    i.configure_pins    nrf_drv_pwm.o
    0x00001c94   0x00000064   Code   RO         4591    i.elapsed_ticks_acquire  app_timer.o
    0x00001cf8   0x00000054   Code   RO         6454    i.errata_108        system_nrf52.o
    0x00001d4c   0x00000030   Code   RO         6455    i.errata_16         system_nrf52.o
    0x00001d7c   0x00000054   Code   RO         6456    i.errata_31         system_nrf52.o
    0x00001dd0   0x00000030   Code   RO         6457    i.errata_32         system_nrf52.o
    0x00001e00   0x00000054   Code   RO         6458    i.errata_36         system_nrf52.o
    0x00001e54   0x00000030   Code   RO         6459    i.errata_37         system_nrf52.o
    0x00001e84   0x00000030   Code   RO         6460    i.errata_57         system_nrf52.o
    0x00001eb4   0x00000030   Code   RO         6461    i.errata_66         system_nrf52.o
    0x00001ee4   0x00000058   Code   RO         4592    i.expired_timers_handler  app_timer.o
    0x00001f3c   0x0000009a   Code   RO         1928    i.irq_handler       nrf_drv_pwm.o
    0x00001fd6   0x0000005c   Code   RO         2925    i.irq_handler       nrf_drv_timer.o
    0x00002032   0x00000002   PAD
    0x00002034   0x00000020   Code   RO         1763    i.is_allocated_channel  nrf_drv_ppi.o
    0x00002054   0x00000010   Code   RO         1765    i.is_app_channel    nrf_drv_ppi.o
    0x00002064   0x00000018   Code   RO         1767    i.is_programmable_app_channel  nrf_drv_ppi.o
    0x0000207c   0x0000000c   Code   RO          710    i.item_dequeue      nrf_drv_clock.o
    0x00002088   0x0000007c   Code   RO         4593    i.list_deletions_handler  app_timer.o
    0x00002104   0x000000f8   Code   RO         4594    i.list_insertions_handler  app_timer.o
    0x000021fc   0x00000070   Code   RO            5    i.main              main.o
    0x0000226c   0x0000002a   Code   RO          191    i.motor_logic       motor.o
    0x00002296   0x00000002   PAD
    0x00002298   0x00000074   Code   RO          192    i.motor_pwm_init    motor.o
    0x0000230c   0x00000020   Code   RO          193    i.motor_start_pwm   motor.o
    0x0000232c   0x00000016   Code   RO         1114    i.nrf_bitmask_bit_is_set  nrf_drv_gpiote.o
    0x00002342   0x00000012   Code   RO          714    i.nrf_clock_event_check  nrf_drv_clock.o
    0x00002354   0x00000012   Code   RO          715    i.nrf_clock_event_clear  nrf_drv_clock.o
    0x00002366   0x00000002   PAD
    0x00002368   0x0000000c   Code   RO          717    i.nrf_clock_int_disable  nrf_drv_clock.o
    0x00002374   0x00000098   Code   RO         4595    i.nrf_delay_us      app_timer.o
    0x0000240c   0x00000050   Code   RO          732    i.nrf_drv_clock_onIRQ  nrf_drv_clock.o
    0x0000245c   0x00000060   Code   RO          902    i.nrf_drv_common_irq_enable  nrf_drv_common.o
    0x000024bc   0x0000000a   Code   RO         1929    i.nrf_drv_get_IRQn  nrf_drv_pwm.o
    0x000024c6   0x0000000a   Code   RO         2926    i.nrf_drv_get_IRQn  nrf_drv_timer.o
    0x000024d0   0x00000026   Code   RO         1117    i.nrf_drv_gpiote_in_event_addr_get  nrf_drv_gpiote.o
    0x000024f6   0x00000002   PAD
    0x000024f8   0x000000ac   Code   RO         1119    i.nrf_drv_gpiote_in_event_enable  nrf_drv_gpiote.o
    0x000025a4   0x000000dc   Code   RO         1120    i.nrf_drv_gpiote_in_init  nrf_drv_gpiote.o
    0x00002680   0x00000060   Code   RO         1123    i.nrf_drv_gpiote_init  nrf_drv_gpiote.o
    0x000026e0   0x00000014   Code   RO         1124    i.nrf_drv_gpiote_is_init  nrf_drv_gpiote.o
    0x000026f4   0x00000060   Code   RO         1671    i.nrf_drv_power_onIRQ  nrf_drv_power.o
    0x00002754   0x0000006c   Code   RO         1768    i.nrf_drv_ppi_channel_alloc  nrf_drv_ppi.o
    0x000027c0   0x00000054   Code   RO         1769    i.nrf_drv_ppi_channel_assign  nrf_drv_ppi.o
    0x00002814   0x0000003c   Code   RO         1771    i.nrf_drv_ppi_channel_enable  nrf_drv_ppi.o
    0x00002850   0x00000008   Code   RO         1774    i.nrf_drv_ppi_channel_to_mask  nrf_drv_ppi.o
    0x00002858   0x00000018   Code   RO         1781    i.nrf_drv_ppi_init  nrf_drv_ppi.o
    0x00002870   0x000000b4   Code   RO         1931    i.nrf_drv_pwm_init  nrf_drv_pwm.o
    0x00002924   0x00000084   Code   RO         1933    i.nrf_drv_pwm_simple_playback  nrf_drv_pwm.o
    0x000029a8   0x0000001c   Code   RO         2171    i.nrf_drv_rng_stop  nrf_drv_rng.o
    0x000029c4   0x000000b8   Code   RO         2258    i.nrf_drv_rtc_int_handler  nrf_drv_rtc.o
    0x00002a7c   0x00000030   Code   RO         2823    i.nrf_drv_swi_process  nrf_drv_swi.o
    0x00002aac   0x00000038   Code   RO         2929    i.nrf_drv_timer_compare  nrf_drv_timer.o
    0x00002ae4   0x00000024   Code   RO         2933    i.nrf_drv_timer_enable  nrf_drv_timer.o
    0x00002b08   0x00000042   Code   RO         2934    i.nrf_drv_timer_extended_compare  nrf_drv_timer.o
    0x00002b4a   0x00000002   PAD
    0x00002b4c   0x000000ac   Code   RO         2936    i.nrf_drv_timer_init  nrf_drv_timer.o
    0x00002bf8   0x0000000a   Code   RO          281    i.nrf_drv_timer_task_address_get  rc_pwm.o
    0x00002c02   0x00000028   Code   RO         1138    i.nrf_gpio_cfg      nrf_drv_gpiote.o
    0x00002c2a   0x00000030   Code   RO          194    i.nrf_gpio_cfg_output  motor.o
    0x00002c5a   0x00000032   Code   RO         1140    i.nrf_gpio_cfg_sense_set  nrf_drv_gpiote.o
    0x00002c8c   0x00000016   Code   RO          195    i.nrf_gpio_pin_clear  motor.o
    0x00002ca2   0x00000018   Code   RO         1142    i.nrf_gpio_pin_read  nrf_drv_gpiote.o
    0x00002cba   0x00000016   Code   RO          196    i.nrf_gpio_pin_set  motor.o
    0x00002cd0   0x00000028   Code   RO         1144    i.nrf_gpio_ports_read  nrf_drv_gpiote.o
    0x00002cf8   0x0000000c   Code   RO         1145    i.nrf_gpiote_event_addr_get  nrf_drv_gpiote.o
    0x00002d04   0x0000001c   Code   RO         1146    i.nrf_gpiote_event_clear  nrf_drv_gpiote.o
    0x00002d20   0x00000016   Code   RO         1147    i.nrf_gpiote_event_is_set  nrf_drv_gpiote.o
    0x00002d36   0x00000002   PAD
    0x00002d38   0x0000000c   Code   RO         1148    i.nrf_gpiote_int_enable  nrf_drv_gpiote.o
    0x00002d44   0x0000000e   Code   RO         1410    i.nrf_i2s_event_check  nrf_drv_i2s.o
    0x00002d52   0x0000000e   Code   RO         1411    i.nrf_i2s_event_clear  nrf_drv_i2s.o
    0x00002d60   0x00000006   Code   RO         1412    i.nrf_i2s_rx_buffer_set  nrf_drv_i2s.o
    0x00002d66   0x00000006   Code   RO         1414    i.nrf_i2s_tx_buffer_set  nrf_drv_i2s.o
    0x00002d6c   0x00000008   Code   RO         6064    i.nrf_log_backend_hexdump_handler_get  nrf_log_backend_serial.o
    0x00002d74   0x00000030   Code   RO         6065    i.nrf_log_backend_init  nrf_log_backend_serial.o
    0x00002da4   0x0000015e   Code   RO         6066    i.nrf_log_backend_serial_hexdump_handler  nrf_log_backend_serial.o
    0x00002f02   0x00000182   Code   RO         6067    i.nrf_log_backend_serial_std_handler  nrf_log_backend_serial.o
    0x00003084   0x00000008   Code   RO         6068    i.nrf_log_backend_std_handler_get  nrf_log_backend_serial.o
    0x0000308c   0x0000002c   Code   RO         6168    i.nrf_log_direct_feed  nrf_log_frontend.o
    0x000030b8   0x00000012   Code   RO         6171    i.nrf_log_frontend_init  nrf_log_frontend.o
    0x000030ca   0x00000014   Code   RO         6172    i.nrf_log_frontend_std_0  nrf_log_frontend.o
    0x000030de   0x00000018   Code   RO         6173    i.nrf_log_frontend_std_1  nrf_log_frontend.o
    0x000030f6   0x0000002c   Code   RO         6176    i.nrf_log_frontend_std_4  nrf_log_frontend.o
    0x00003122   0x00000002   PAD
    0x00003124   0x0000000c   Code   RO         6180    i.nrf_log_handlers_set  nrf_log_frontend.o
    0x00003130   0x0000002c   Code   RO         6181    i.nrf_log_init      nrf_log_frontend.o
    0x0000315c   0x00000010   Code   RO         1595    i.nrf_pdm_buffer_set  nrf_drv_pdm.o
    0x0000316c   0x00000014   Code   RO         1596    i.nrf_pdm_event_check  nrf_drv_pdm.o
    0x00003180   0x00000018   Code   RO         1597    i.nrf_pdm_event_clear  nrf_drv_pdm.o
    0x00003198   0x0000002e   Code   RO         1677    i.nrf_power_event_get_and_clear  nrf_drv_power.o
    0x000031c6   0x0000000e   Code   RO         1936    i.nrf_pwm_event_check  nrf_drv_pwm.o
    0x000031d4   0x0000000e   Code   RO         1937    i.nrf_pwm_event_clear  nrf_drv_pwm.o
    0x000031e2   0x00000012   Code   RO         1938    i.nrf_pwm_int_enable_check  nrf_drv_pwm.o
    0x000031f4   0x00000006   Code   RO         1939    i.nrf_pwm_int_set   nrf_drv_pwm.o
    0x000031fa   0x00000006   Code   RO         1940    i.nrf_pwm_loop_set  nrf_drv_pwm.o
    0x00003200   0x0000003c   Code   RO         1941    i.nrf_pwm_sequence_set  nrf_drv_pwm.o
    0x0000323c   0x00000006   Code   RO         1942    i.nrf_pwm_shorts_set  nrf_drv_pwm.o
    0x00003242   0x00000006   Code   RO         1943    i.nrf_pwm_task_trigger  nrf_drv_pwm.o
    0x00003248   0x00000018   Code   RO         2080    i.nrf_qdec_event_clear  nrf_drv_qdec.o
    0x00003260   0x00000010   Code   RO         2081    i.nrf_qdec_int_enable_check  nrf_drv_qdec.o
    0x00003270   0x0000001e   Code   RO         5918    i.nrf_queue_is_full  nrf_queue.o
    0x0000328e   0x00000010   Code   RO         5919    i.nrf_queue_next_idx  nrf_queue.o
    0x0000329e   0x000000c4   Code   RO         5921    i.nrf_queue_push    nrf_queue.o
    0x00003362   0x00000002   PAD
    0x00003364   0x00000018   Code   RO         2173    i.nrf_rng_event_clear  nrf_drv_rng.o
    0x0000337c   0x0000000e   Code   RO         2266    i.nrf_rtc_event_clear  nrf_drv_rtc.o
    0x0000338a   0x00000006   Code   RO         2267    i.nrf_rtc_event_disable  nrf_drv_rtc.o
    0x00003390   0x00000006   Code   RO         2269    i.nrf_rtc_event_pending  nrf_drv_rtc.o
    0x00003396   0x00000006   Code   RO         2270    i.nrf_rtc_int_disable  nrf_drv_rtc.o
    0x0000339c   0x0000000a   Code   RO         2272    i.nrf_rtc_int_is_enabled  nrf_drv_rtc.o
    0x000033a6   0x00000002   PAD
    0x000033a8   0x00000010   Code   RO         2419    i.nrf_saadc_buffer_init  nrf_drv_saadc.o
    0x000033b8   0x00000014   Code   RO         2421    i.nrf_saadc_event_check  nrf_drv_saadc.o
    0x000033cc   0x00000018   Code   RO         2422    i.nrf_saadc_event_clear  nrf_drv_saadc.o
    0x000033e4   0x0000000c   Code   RO         2426    i.nrf_saadc_task_trigger  nrf_drv_saadc.o
    0x000033f0   0x0000000e   Code   RO         2940    i.nrf_timer_compare_event_get  nrf_drv_timer.o
    0x000033fe   0x0000000a   Code   RO         2941    i.nrf_timer_compare_int_get  nrf_drv_timer.o
    0x00003408   0x0000000e   Code   RO         2942    i.nrf_timer_event_clear  nrf_drv_timer.o
    0x00003416   0x00000006   Code   RO         2943    i.nrf_timer_int_disable  nrf_drv_timer.o
    0x0000341c   0x00000006   Code   RO         2944    i.nrf_timer_int_enable  nrf_drv_timer.o
    0x00003422   0x0000000c   Code   RO         2945    i.nrf_timer_shorts_disable  nrf_drv_timer.o
    0x0000342e   0x00000006   Code   RO         2946    i.nrf_timer_task_trigger  nrf_drv_timer.o
    0x00003434   0x0000000c   Code   RO         3588    i.nrf_uart_errorsrc_get_and_clear  nrf_drv_uart.o
    0x00003440   0x0000000e   Code   RO         3589    i.nrf_uart_event_check  nrf_drv_uart.o
    0x0000344e   0x0000000e   Code   RO         3590    i.nrf_uart_event_clear  nrf_drv_uart.o
    0x0000345c   0x00000006   Code   RO         3592    i.nrf_uart_int_disable  nrf_drv_uart.o
    0x00003462   0x00000012   Code   RO         3594    i.nrf_uart_int_enable_check  nrf_drv_uart.o
    0x00003474   0x00000006   Code   RO         3595    i.nrf_uart_task_trigger  nrf_drv_uart.o
    0x0000347a   0x0000000c   Code   RO         3597    i.nrf_uarte_errorsrc_get_and_clear  nrf_drv_uart.o
    0x00003486   0x0000000e   Code   RO         3598    i.nrf_uarte_event_check  nrf_drv_uart.o
    0x00003494   0x0000000e   Code   RO         3599    i.nrf_uarte_event_clear  nrf_drv_uart.o
    0x000034a2   0x0000000a   Code   RO         3603    i.nrf_uarte_rx_amount_get  nrf_drv_uart.o
    0x000034ac   0x0000001c   Code   RO         1151    i.pin_in_use_by_gpiote  nrf_drv_gpiote.o
    0x000034c8   0x00000018   Code   RO         1152    i.pin_in_use_by_port  nrf_drv_gpiote.o
    0x000034e0   0x00000020   Code   RO         1153    i.pin_in_use_by_te  nrf_drv_gpiote.o
    0x00003500   0x0000000c   Code   RO         1154    i.pin_in_use_clear  nrf_drv_gpiote.o
    0x0000350c   0x00000002   Code   RO          197    i.pwm_event_handler  motor.o
    0x0000350e   0x0000002c   Code   RO         5927    i.queue_utilization_get  nrf_queue.o
    0x0000353a   0x00000002   PAD
    0x0000353c   0x000000b4   Code   RO          282    i.rc_get_high_flank  rc_pwm.o
    0x000035f0   0x000000cc   Code   RO          283    i.rc_get_low_flank  rc_pwm.o
    0x000036bc   0x0000004c   Code   RO          284    i.rc_get_values     rc_pwm.o
    0x00003708   0x000000dc   Code   RO          285    i.rc_gpiote_init    rc_pwm.o
    0x000037e4   0x00000058   Code   RO          286    i.rc_init           rc_pwm.o
    0x0000383c   0x000000f8   Code   RO          287    i.rc_pin_event_handler  rc_pwm.o
    0x00003934   0x00000200   Code   RO          288    i.rc_ppi_init       rc_pwm.o
    0x00003b34   0x000000d8   Code   RO          289    i.rc_timer_init     rc_pwm.o
    0x00003c0c   0x00000002   Code   RO          290    i.rct_event_handler  rc_pwm.o
    0x00003c0e   0x00000002   PAD
    0x00003c10   0x0000000c   Code   RO         4596    i.rtc1_compare0_set  app_timer.o
    0x00003c1c   0x0000000c   Code   RO         4597    i.rtc1_counter_get  app_timer.o
    0x00003c28   0x0000003c   Code   RO         4599    i.rtc1_start        app_timer.o
    0x00003c64   0x00000058   Code   RO         4600    i.rtc1_stop         app_timer.o
    0x00003cbc   0x0000003e   Code   RO         3607    i.rx_byte           nrf_drv_uart.o
    0x00003cfa   0x0000001e   Code   RO         3608    i.rx_done_event     nrf_drv_uart.o
    0x00003d18   0x00000004   Code   RO         6070    i.serial_is_busy    nrf_log_backend_serial.o
    0x00003d1c   0x00000044   Code   RO         6071    i.serial_tx         nrf_log_backend_serial.o
    0x00003d60   0x00000028   Code   RO          198    i.set_motor         motor.o
    0x00003d88   0x00000054   Code   RO         1944    i.start_playback    nrf_drv_pwm.o
    0x00003ddc   0x0000000a   Code   RO         4601    i.ticks_diff_get    app_timer.o
    0x00003de6   0x00000002   PAD
    0x00003de8   0x00000038   Code   RO         4602    i.timeout_handler_exec  app_timer.o
    0x00003e20   0x00000048   Code   RO            6    i.timer_event_handler  main.o
    0x00003e68   0x000000a4   Code   RO            7    i.timer_init        main.o
    0x00003f0c   0x00000054   Code   RO         4603    i.timer_list_handler  app_timer.o
    0x00003f60   0x0000000a   Code   RO         4604    i.timer_list_handler_sched  app_timer.o
    0x00003f6a   0x00000002   PAD
    0x00003f6c   0x00000068   Code   RO         4605    i.timer_list_insert  app_timer.o
    0x00003fd4   0x0000006c   Code   RO         4606    i.timer_list_remove  app_timer.o
    0x00004040   0x00000098   Code   RO         4609    i.timer_timeouts_check  app_timer.o
    0x000040d8   0x0000000a   Code   RO         4610    i.timer_timeouts_check_sched  app_timer.o
    0x000040e2   0x00000002   PAD
    0x000040e4   0x00000040   Code   RO         6072    i.timestamp_process  nrf_log_backend_serial.o
    0x00004124   0x00000026   Code   RO         3610    i.tx_byte           nrf_drv_uart.o
    0x0000414a   0x00000022   Code   RO         3611    i.tx_done_event     nrf_drv_uart.o
    0x0000416c   0x00000142   Code   RO         3612    i.uart_irq_handler  nrf_drv_uart.o
    0x000042ae   0x0000010c   Code   RO         3613    i.uarte_irq_handler  nrf_drv_uart.o
    0x000043ba   0x00000002   PAD
    0x000043bc   0x00000008   Data   RO            9    .constdata          main.o
    0x000043c4   0x0000001c   Data   RO          199    .constdata          motor.o
    0x000043e0   0x00000004   Data   RO          292    .constdata          rc_pwm.o
    0x000043e4   0x00000047   Data   RO         1156    .constdata          nrf_drv_gpiote.o
    0x0000442b   0x00000001   PAD
    0x0000442c   0x00000043   Data   RO         2175    .constdata          nrf_drv_rng.o
    0x0000446f   0x00000081   Data   RO         6529    .constdata          mc_w.l(ctype_o.o)
    0x000044f0   0x00000004   Data   RO         6530    .constdata          mc_w.l(ctype_o.o)
    0x000044f4   0x00000020   Data   RO         6871    Region$$Table       anon$$obj.o


    Execution Region RW_IRAM1 (Base: 0x20000000, Size: 0x00002550, Max: 0x00010000, ABSOLUTE)

    Base Addr    Size         Type   Attr      Idx    E Section Name        Object

    0x20000000   0x00000008   Data   RW           10    .data               main.o
    0x20000008   0x00000010   Data   RW          200    .data               motor.o
    0x20000018   0x00000034   Data   RW          293    .data               rc_pwm.o
    0x2000004c   0x00000020   Data   RW          907    .data               nrf_drv_common.o
    0x2000006c   0x0000000c   Data   RW         1681    .data               nrf_drv_power.o
    0x20000078   0x00000009   Data   RW         1786    .data               nrf_drv_ppi.o
    0x20000081   0x00000003   PAD
    0x20000084   0x00000005   Data   RW         2083    .data               nrf_drv_qdec.o
    0x20000089   0x00000003   PAD
    0x2000008c   0x0000000e   Data   RW         2275    .data               nrf_drv_rtc.o
    0x2000009a   0x00000002   PAD
    0x2000009c   0x0000000c   Data   RW         3873    .data               nrf_drv_wdt.o
    0x200000a8   0x00000022   Data   RW         4613    .data               app_timer.o
    0x200000ca   0x00000002   PAD
    0x200000cc   0x00000004   Data   RW         4955    .data               app_util_platform.o
    0x200000d0   0x00000002   Data   RW         6074    .data               nrf_log_backend_serial.o
    0x200000d2   0x00000002   PAD
    0x200000d4   0x00000004   Data   RW         6462    .data               system_nrf52.o
    0x200000d8   0x0000001c   Zero   RW            8    .bss                main.o
    0x200000f4   0x00000030   Zero   RW          291    .bss                rc_pwm.o
    0x20000124   0x00000014   Zero   RW          734    .bss                nrf_drv_clock.o
    0x20000138   0x00000058   Zero   RW         1155    .bss                nrf_drv_gpiote.o
    0x20000190   0x00000010   Zero   RW         1415    .bss                nrf_drv_i2s.o
    0x200001a0   0x00000014   Zero   RW         1598    .bss                nrf_drv_pdm.o
    0x200001b4   0x00000018   Zero   RW         1945    .bss                nrf_drv_pwm.o
    0x200001cc   0x00000030   Zero   RW         2174    .bss                nrf_drv_rng.o
    0x200001fc   0x00000030   Zero   RW         2427    .bss                nrf_drv_saadc.o
    0x2000022c   0x0000001e   Zero   RW         2826    .bss                nrf_drv_swi.o
    0x2000024a   0x00000002   PAD
    0x2000024c   0x0000003c   Zero   RW         2947    .bss                nrf_drv_timer.o
    0x20000288   0x00000020   Zero   RW         3614    .bss                nrf_drv_uart.o
    0x200002a8   0x0000001c   Zero   RW         6183    .bss                nrf_log_frontend.o
    0x200002c4   0x00000288   Zero   RW         6312    .bss                segger_rtt.o
    0x2000054c   0x00000004   PAD
    0x20000550   0x00002000   Zero   RW         6442    STACK               arm_startup_nrf52.o


==============================================================================

Image component sizes


      Code (inc. data)   RO Data    RW Data    ZI Data      Debug   Object Name

        28          0          0          0          0       2037   app_error.o
       100         32          0          0          0      27353   app_error_weak.o
      1692        200          0         34          0      43296   app_timer.o
        64         10          0          4          0       2778   app_util_platform.o
        36          8       1024          0       8192        856   arm_startup_nrf52.o
         0          0          0          0          0       1628   bsp.o
        52         14          0          0          0        544   hardfault_handler_keil.o
       124         46          0          0          0       2494   hardfault_implementation.o
       450        114          8          8         28      52534   main.o
       324         56         28         16          0      16013   motor.o
       188         18          0          0         20       9266   nrf_drv_clock.o
       172         36          0         32          0      33469   nrf_drv_common.o
      1648        104         71          0         88      31574   nrf_drv_gpiote.o
       392         12          0          0         16      10593   nrf_drv_i2s.o
       224         26          0          0         20       6977   nrf_drv_pdm.o
       142         14          0         12          0       9526   nrf_drv_power.o
       356         26          0          9          0      11577   nrf_drv_ppi.o
       944         34          0          0         24      24847   nrf_drv_pwm.o
       236         26          0          5          0       7986   nrf_drv_qdec.o
       160         34         67          0         48      10994   nrf_drv_rng.o
       266         16          0         14          0      10012   nrf_drv_rtc.o
       584         24          0          0         48      12267   nrf_drv_saadc.o
       148         38          0          0         30       6031   nrf_drv_swi.o
       620         60          0          0         60      20109   nrf_drv_timer.o
       910          8          0          0         32      23574   nrf_drv_uart.o
        64         12          0         12          0       4825   nrf_drv_wdt.o
      1006         32          0          2          0       9355   nrf_log_backend_serial.o
       206          8          0          0         28       7437   nrf_log_frontend.o
       286          0          0          0          0       7529   nrf_queue.o
      1756        310          4         52         48      28185   rc_pwm.o
       486         50          0          0        648       7133   segger_rtt.o
      1096        112          0          4          0       5943   system_nrf52.o

    ----------------------------------------------------------------------
     14796       1480       1235        216       9336     448742   Object Totals
         0          0         32          0          0          0   (incl. Generated)
        36          0          1         12          6          0   (incl. Padding)

    ----------------------------------------------------------------------

      Code (inc. data)   RO Data    RW Data    ZI Data      Debug   Library Member Name

         8          4        133          0          0         68   ctype_o.o
         0          0          0          0          0          0   entry.o
         0          0          0          0          0          0   entry10a.o
         0          0          0          0          0          0   entry11a.o
         8          4          0          0          0          0   entry2.o
         4          0          0          0          0          0   entry5.o
         0          0          0          0          0          0   entry7b.o
         0          0          0          0          0          0   entry8b.o
         8          4          0          0          0          0   entry9a.o
        30          0          0          0          0          0   handlers.o
        36          8          0          0          0         68   init.o
        30          0          0          0          0         68   llshl.o
        32          0          0          0          0         68   llushr.o
        36          0          0          0          0         68   memcpya.o
      1192         48          0          0          0        420   printf8.o
        18          0          0          0          0         68   strcpy.o
        14          0          0          0          0         68   strlen.o
        98          0          0          0          0         92   uldiv.o

    ----------------------------------------------------------------------
      1520         68        133          0          0        988   Library Totals
         6          0          0          0          0          0   (incl. Padding)

    ----------------------------------------------------------------------

      Code (inc. data)   RO Data    RW Data    ZI Data      Debug   Library Name

      1514         68        133          0          0        988   mc_w.l

    ----------------------------------------------------------------------
      1520         68        133          0          0        988   Library Totals

    ----------------------------------------------------------------------

==============================================================================


      Code (inc. data)   RO Data    RW Data    ZI Data      Debug   

     16316       1548       1368        216       9336     428118   Grand Totals
     16316       1548       1368        216       9336     428118   ELF Image Totals
     16316       1548       1368        216          0          0   ROM Totals

==============================================================================

    Total RO  Size (Code + RO Data)                17684 (  17.27kB)
    Total RW  Size (RW Data + ZI Data)              9552 (   9.33kB)
    Total ROM Size (Code + RO Data + RW Data)      17900 (  17.48kB)

==============================================================================

